../TinyUSB/host/usbh.c:54:19:hcd_deinit	16	static
../TinyUSB/host/usbh.c:58:19:hcd_configure	24	static
../TinyUSB/host/usbh.c:63:19:tuh_enum_descriptor_device_cb	16	static
../TinyUSB/host/usbh.c:67:19:tuh_enum_descriptor_configuration_cb	16	static
../TinyUSB/host/usbh.c:72:19:tuh_event_hook_cb	16	static
../TinyUSB/host/usbh.c:76:19:hcd_dcache_clean	16	static
../TinyUSB/host/usbh.c:81:19:hcd_dcache_invalidate	16	static
../TinyUSB/host/usbh.c:86:19:hcd_dcache_clean_invalidate	16	static
../TinyUSB/host/usbh.c:282:42:get_driver	24	static
../TinyUSB/host/usbh.c:351:6:tuh_mounted	24	static
../TinyUSB/host/usbh.c:357:6:tuh_connected	24	static
../TinyUSB/host/usbh.c:366:6:tuh_vid_pid_get	32	static
../TinyUSB/host/usbh.c:378:6:tuh_descriptor_get_device_local	24	static
../TinyUSB/host/usbh.c:400:14:tuh_speed_get	24	static
../TinyUSB/host/usbh.c:406:6:tuh_rhport_is_active	16	static
../TinyUSB/host/usbh.c:410:6:tuh_rhport_reset_bus	16	static
../TinyUSB/host/usbh.c:423:6:tuh_configure	24	static
../TinyUSB/host/usbh.c:427:13:clear_device	16	static
../TinyUSB/host/usbh.c:433:6:tuh_inited	4	static
../TinyUSB/host/usbh.c:437:6:tuh_rhport_init	40	static,ignoring_inline_asm
../TinyUSB/host/usbh.c:517:6:tuh_deinit	32	static
../TinyUSB/host/usbh.c:554:6:tuh_task_event_ready	16	static
../TinyUSB/host/usbh.c:577:6:tuh_task_ext	120	static,ignoring_inline_asm
../TinyUSB/host/usbh.c:700:13:_control_blocking_complete_cb	16	static
../TinyUSB/host/usbh.c:706:6:tuh_control_xfer	56	static,ignoring_inline_asm
../TinyUSB/host/usbh.c:768:13:_control_xfer_complete	56	static
../TinyUSB/host/usbh.c:792:13:usbh_control_xfer_cb	88	static,ignoring_inline_asm
../TinyUSB/host/usbh.c:877:6:tuh_edpt_xfer	40	static
../TinyUSB/host/usbh.c:893:6:tuh_edpt_abort_xfer	40	static
../TinyUSB/host/usbh.c:925:9:usbh_get_rhport	24	static
../TinyUSB/host/usbh.c:931:10:usbh_get_enum_buf	4	static
../TinyUSB/host/usbh.c:935:6:usbh_int_set	16	static
../TinyUSB/host/usbh.c:944:6:usbh_spin_lock	24	static
../TinyUSB/host/usbh.c:948:6:usbh_spin_unlock	24	static
../TinyUSB/host/usbh.c:952:6:usbh_defer_func	64	static,ignoring_inline_asm
../TinyUSB/host/usbh.c:965:6:usbh_edpt_claim	32	static,ignoring_inline_asm
../TinyUSB/host/usbh.c:980:6:usbh_edpt_release	32	static
../TinyUSB/host/usbh.c:995:6:usbh_edpt_xfer_with_callback	48	static,ignoring_inline_asm
../TinyUSB/host/usbh.c:1034:13:usbh_edpt_control_open	24	static
../TinyUSB/host/usbh.c:1048:6:tuh_edpt_open	24	static,ignoring_inline_asm
../TinyUSB/host/usbh.c:1053:6:tuh_edpt_close	24	static
../TinyUSB/host/usbh.c:1059:6:usbh_edpt_busy	32	static
../TinyUSB/host/usbh.c:1073:6:tuh_bus_info_get	24	static
../TinyUSB/host/usbh.c:1083:24:hcd_event_handler	48	static,ignoring_inline_asm
../TinyUSB/host/usbh.c:1138:6:tuh_descriptor_get	72	static
../TinyUSB/host/usbh.c:1143:6:tuh_descriptor_get_device	48	static
../TinyUSB/host/usbh.c:1149:6:tuh_descriptor_get_configuration	32	static
../TinyUSB/host/usbh.c:1155:6:tuh_descriptor_get_string	72	static
../TinyUSB/host/usbh.c:1161:6:tuh_descriptor_get_manufacturer_string	48	static
../TinyUSB/host/usbh.c:1170:6:tuh_descriptor_get_product_string	48	static
../TinyUSB/host/usbh.c:1178:6:tuh_descriptor_get_serial_string	48	static
../TinyUSB/host/usbh.c:1187:6:tuh_descriptor_get_hid_report	56	static
../TinyUSB/host/usbh.c:1213:6:tuh_address_set	64	static,ignoring_inline_asm
../TinyUSB/host/usbh.c:1240:6:tuh_configuration_set	56	static
../TinyUSB/host/usbh.c:1266:6:tuh_interface_set	48	static
../TinyUSB/host/usbh.c:1296:13:process_removed_device	40	static
../TinyUSB/host/usbh.c:1407:13:enum_new_device	48	static
../TinyUSB/host/usbh.c:1466:13:process_enumeration	224	static,ignoring_inline_asm
../TinyUSB/host/usbh.c:1774:16:enum_get_new_address	24	static
../TinyUSB/host/usbh.c:1795:13:enum_parse_configuration_desc	112	static,ignoring_inline_asm
../TinyUSB/host/usbh.c:1888:6:usbh_driver_set_config_complete	32	static
../TinyUSB/host/usbh.c:1919:13:enum_full_complete	4	static
