Archive member included to satisfy reference by file (symbol)

C:/ST/STM32CubeIDE2.1.1/STM32CubeIDE/plugins/com.st.stm32cube.ide.mcu.externaltools.gnu-tools-for-stm32.14.3.rel1.win32_1.0.100.202602081740/tools/bin/../lib/gcc/arm-none-eabi/14.3.1/../../../../arm-none-eabi/lib/thumb/v7e-m+dp/hard\libc_nano.a(libc_a-exit.o)
                              C:/ST/STM32CubeIDE2.1.1/STM32CubeIDE/plugins/com.st.stm32cube.ide.mcu.externaltools.gnu-tools-for-stm32.14.3.rel1.win32_1.0.100.202602081740/tools/bin/../lib/gcc/arm-none-eabi/14.3.1/../../../../arm-none-eabi/lib/thumb/v7e-m+dp/hard/crt0.o (exit)
C:/ST/STM32CubeIDE2.1.1/STM32CubeIDE/plugins/com.st.stm32cube.ide.mcu.externaltools.gnu-tools-for-stm32.14.3.rel1.win32_1.0.100.202602081740/tools/bin/../lib/gcc/arm-none-eabi/14.3.1/../../../../arm-none-eabi/lib/thumb/v7e-m+dp/hard\libc_nano.a(libc_a-findfp.o)
                              C:/ST/STM32CubeIDE2.1.1/STM32CubeIDE/plugins/com.st.stm32cube.ide.mcu.externaltools.gnu-tools-for-stm32.14.3.rel1.win32_1.0.100.202602081740/tools/bin/../lib/gcc/arm-none-eabi/14.3.1/../../../../arm-none-eabi/lib/thumb/v7e-m+dp/hard\libc_nano.a(libc_a-exit.o) (__stdio_exit_handler)
C:/ST/STM32CubeIDE2.1.1/STM32CubeIDE/plugins/com.st.stm32cube.ide.mcu.externaltools.gnu-tools-for-stm32.14.3.rel1.win32_1.0.100.202602081740/tools/bin/../lib/gcc/arm-none-eabi/14.3.1/../../../../arm-none-eabi/lib/thumb/v7e-m+dp/hard\libc_nano.a(libc_a-fwalk.o)
                              C:/ST/STM32CubeIDE2.1.1/STM32CubeIDE/plugins/com.st.stm32cube.ide.mcu.externaltools.gnu-tools-for-stm32.14.3.rel1.win32_1.0.100.202602081740/tools/bin/../lib/gcc/arm-none-eabi/14.3.1/../../../../arm-none-eabi/lib/thumb/v7e-m+dp/hard\libc_nano.a(libc_a-findfp.o) (_fwalk_sglue)
C:/ST/STM32CubeIDE2.1.1/STM32CubeIDE/plugins/com.st.stm32cube.ide.mcu.externaltools.gnu-tools-for-stm32.14.3.rel1.win32_1.0.100.202602081740/tools/bin/../lib/gcc/arm-none-eabi/14.3.1/../../../../arm-none-eabi/lib/thumb/v7e-m+dp/hard\libc_nano.a(libc_a-stdio.o)
                              C:/ST/STM32CubeIDE2.1.1/STM32CubeIDE/plugins/com.st.stm32cube.ide.mcu.externaltools.gnu-tools-for-stm32.14.3.rel1.win32_1.0.100.202602081740/tools/bin/../lib/gcc/arm-none-eabi/14.3.1/../../../../arm-none-eabi/lib/thumb/v7e-m+dp/hard\libc_nano.a(libc_a-findfp.o) (__sread)
C:/ST/STM32CubeIDE2.1.1/STM32CubeIDE/plugins/com.st.stm32cube.ide.mcu.externaltools.gnu-tools-for-stm32.14.3.rel1.win32_1.0.100.202602081740/tools/bin/../lib/gcc/arm-none-eabi/14.3.1/../../../../arm-none-eabi/lib/thumb/v7e-m+dp/hard\libc_nano.a(libc_a-memcmp.o)
                              ./FATFS/ff.o (memcmp)
C:/ST/STM32CubeIDE2.1.1/STM32CubeIDE/plugins/com.st.stm32cube.ide.mcu.externaltools.gnu-tools-for-stm32.14.3.rel1.win32_1.0.100.202602081740/tools/bin/../lib/gcc/arm-none-eabi/14.3.1/../../../../arm-none-eabi/lib/thumb/v7e-m+dp/hard\libc_nano.a(libc_a-memset.o)
                              C:/ST/STM32CubeIDE2.1.1/STM32CubeIDE/plugins/com.st.stm32cube.ide.mcu.externaltools.gnu-tools-for-stm32.14.3.rel1.win32_1.0.100.202602081740/tools/bin/../lib/gcc/arm-none-eabi/14.3.1/../../../../arm-none-eabi/lib/thumb/v7e-m+dp/hard/crt0.o (memset)
C:/ST/STM32CubeIDE2.1.1/STM32CubeIDE/plugins/com.st.stm32cube.ide.mcu.externaltools.gnu-tools-for-stm32.14.3.rel1.win32_1.0.100.202602081740/tools/bin/../lib/gcc/arm-none-eabi/14.3.1/../../../../arm-none-eabi/lib/thumb/v7e-m+dp/hard\libc_nano.a(libc_a-strchr.o)
                              ./FATFS/ff.o (strchr)
C:/ST/STM32CubeIDE2.1.1/STM32CubeIDE/plugins/com.st.stm32cube.ide.mcu.externaltools.gnu-tools-for-stm32.14.3.rel1.win32_1.0.100.202602081740/tools/bin/../lib/gcc/arm-none-eabi/14.3.1/../../../../arm-none-eabi/lib/thumb/v7e-m+dp/hard\libc_nano.a(libc_a-closer.o)
                              C:/ST/STM32CubeIDE2.1.1/STM32CubeIDE/plugins/com.st.stm32cube.ide.mcu.externaltools.gnu-tools-for-stm32.14.3.rel1.win32_1.0.100.202602081740/tools/bin/../lib/gcc/arm-none-eabi/14.3.1/../../../../arm-none-eabi/lib/thumb/v7e-m+dp/hard\libc_nano.a(libc_a-stdio.o) (_close_r)
C:/ST/STM32CubeIDE2.1.1/STM32CubeIDE/plugins/com.st.stm32cube.ide.mcu.externaltools.gnu-tools-for-stm32.14.3.rel1.win32_1.0.100.202602081740/tools/bin/../lib/gcc/arm-none-eabi/14.3.1/../../../../arm-none-eabi/lib/thumb/v7e-m+dp/hard\libc_nano.a(libc_a-reent.o)
                              C:/ST/STM32CubeIDE2.1.1/STM32CubeIDE/plugins/com.st.stm32cube.ide.mcu.externaltools.gnu-tools-for-stm32.14.3.rel1.win32_1.0.100.202602081740/tools/bin/../lib/gcc/arm-none-eabi/14.3.1/../../../../arm-none-eabi/lib/thumb/v7e-m+dp/hard\libc_nano.a(libc_a-closer.o) (errno)
C:/ST/STM32CubeIDE2.1.1/STM32CubeIDE/plugins/com.st.stm32cube.ide.mcu.externaltools.gnu-tools-for-stm32.14.3.rel1.win32_1.0.100.202602081740/tools/bin/../lib/gcc/arm-none-eabi/14.3.1/../../../../arm-none-eabi/lib/thumb/v7e-m+dp/hard\libc_nano.a(libc_a-impure.o)
[...]
Memory Configuration

Name             Origin             Length             Attributes
ITCMRAM          0x00000000         0x00010000         xrw
DTCMRAM          0x20000000         0x00020000         xrw
FLASH            0x08000000         0x00100000         xr
RAM_D1           0x24000000         0x00050000         xrw
RAM_D2           0x30000000         0x00008000         xrw
RAM_D3           0x38000000         0x00004000         xrw
*default*        0x00000000         0xffffffff

Linker script and memory map

LOAD C:/ST/STM32CubeIDE2.1.1/STM32CubeIDE/plugins/com.st.stm32cube.ide.mcu.externaltools.gnu-tools-for-stm32.14.3.rel1.win32_1.0.100.202602081740/tools/bin/../lib/gcc/arm-none-eabi/14.3.1/thumb/v7e-m+dp/hard/crti.o
LOAD C:/ST/STM32CubeIDE2.1.1/STM32CubeIDE/plugins/com.st.stm32cube.ide.mcu.externaltools.gnu-tools-for-stm32.14.3.rel1.win32_1.0.100.202602081740/tools/bin/../lib/gcc/arm-none-eabi/14.3.1/thumb/v7e-m+dp/hard/crtbegin.o
LOAD C:/ST/STM32CubeIDE2.1.1/STM32CubeIDE/plugins/com.st.stm32cube.ide.mcu.externaltools.gnu-tools-for-stm32.14.3.rel1.win32_1.0.100.202602081740/tools/bin/../lib/gcc/arm-none-eabi/14.3.1/../../../../arm-none-eabi/lib/thumb/v7e-m+dp/hard/crt0.o
LOAD ./Core/Src/main.o
LOAD ./Core/Src/stm32h7xx_hal_msp.o
LOAD ./Core/Src/stm32h7xx_hal_timebase_tim.o
LOAD ./Core/Src/stm32h7xx_it.o
LOAD ./Core/Src/syscalls.o
LOAD ./Core/Src/sysmem.o
LOAD ./Core/Src/system_stm32h7xx.o
LOAD ./Core/Startup/startup_stm32h723vgtx.o
LOAD ./Drivers/STM32H7xx_HAL_Driver/Src/stm32h7xx_hal.o
LOAD ./Drivers/STM32H7xx_HAL_Driver/Src/stm32h7xx_hal_cortex.o
LOAD ./Drivers/STM32H7xx_HAL_Driver/Src/stm32h7xx_hal_dma.o
LOAD ./Drivers/STM32H7xx_HAL_Driver/Src/stm32h7xx_hal_dma_ex.o
LOAD ./Drivers/STM32H7xx_HAL_Driver/Src/stm32h7xx_hal_exti.o
LOAD ./Drivers/STM32H7xx_HAL_Driver/Src/stm32h7xx_hal_flash.o
LOAD ./Drivers/STM32H7xx_HAL_Driver/Src/stm32h7xx_hal_flash_ex.o
LOAD ./Drivers/STM32H7xx_HAL_Driver/Src/stm32h7xx_hal_gpio.o
LOAD ./Drivers/STM32H7xx_HAL_Driver/Src/stm32h7xx_hal_hsem.o
LOAD ./Drivers/STM32H7xx_HAL_Driver/Src/stm32h7xx_hal_i2c.o
LOAD ./Drivers/STM32H7xx_HAL_Driver/Src/stm32h7xx_hal_i2c_ex.o
LOAD ./Drivers/STM32H7xx_HAL_Driver/Src/stm32h7xx_hal_mdma.o
LOAD ./Drivers/STM32H7xx_HAL_Driver/Src/stm32h7xx_hal_pwr.o
LOAD ./Drivers/STM32H7xx_HAL_Driver/Src/stm32h7xx_hal_pwr_ex.o
LOAD ./Drivers/STM32H7xx_HAL_Driver/Src/stm32h7xx_hal_rcc.o
LOAD ./Drivers/STM32H7xx_HAL_Driver/Src/stm32h7xx_hal_rcc_ex.o
LOAD ./Drivers/STM32H7xx_HAL_Driver/Src/stm32h7xx_hal_spi.o
LOAD ./Drivers/STM32H7xx_HAL_Driver/Src/stm32h7xx_hal_spi_ex.o
LOAD ./Drivers/STM32H7xx_HAL_Driver/Src/stm32h7xx_hal_tim.o
LOAD ./Drivers/STM32H7xx_HAL_Driver/Src/stm32h7xx_hal_tim_ex.o
LOAD ./Drivers/STM32H7xx_HAL_Driver/Src/stm32h7xx_hal_uart.o
LOAD ./Drivers/STM32H7xx_HAL_Driver/Src/stm32h7xx_hal_uart_ex.o
LOAD ./FATFS/ff.o
LOAD ./FATFS/ffsystem.o
LOAD ./FATFS/ffunicode.o
LOAD ./TinyUSB/class/audio/audio_device.o
LOAD ./TinyUSB/class/bth/bth_device.o
LOAD ./TinyUSB/class/cdc/cdc_device.o
LOAD ./TinyUSB/class/cdc/cdc_host.o
LOAD ./TinyUSB/class/cdc/cdc_rndis_host.o
LOAD ./TinyUSB/class/dfu/dfu_device.o
LOAD ./TinyUSB/class/dfu/dfu_rt_device.o
LOAD ./TinyUSB/class/hid/hid_device.o
LOAD ./TinyUSB/class/hid/hid_host.o
LOAD ./TinyUSB/class/midi/midi_device.o
LOAD ./TinyUSB/class/midi/midi_host.o
LOAD ./TinyUSB/class/msc/msc_device.o
LOAD ./TinyUSB/class/msc/msc_host.o
LOAD ./TinyUSB/class/net/ecm_rndis_device.o
LOAD ./TinyUSB/class/net/ncm_device.o
LOAD ./TinyUSB/class/usbtmc/usbtmc_device.o
LOAD ./TinyUSB/class/vendor/vendor_device.o
LOAD ./TinyUSB/class/vendor/vendor_host.o
LOAD ./TinyUSB/class/video/video_device.o
LOAD ./TinyUSB/common/tusb_fifo.o
LOAD ./TinyUSB/device/usbd.o
LOAD ./TinyUSB/device/usbd_control.o
LOAD ./TinyUSB/host/hub.o
LOAD ./TinyUSB/host/usbh.o
LOAD ./TinyUSB/portable/analog/max3421/hcd_max3421.o
LOAD ./TinyUSB/portable/synopsys/dwc2/dcd_dwc2.o
LOAD ./TinyUSB/portable/synopsys/dwc2/dwc2_common.o
LOAD ./TinyUSB/portable/synopsys/dwc2/hcd_dwc2.o
LOAD ./TinyUSB/tusb.o
LOAD ./TinyUSB/typec/usbc.o
START GROUP
LOAD C:/ST/STM32CubeIDE2.1.1/STM32CubeIDE/plugins/com.st.stm32cube.ide.mcu.externaltools.gnu-tools-for-stm32.14.3.rel1.win32_1.0.100.202602081740/tools/bin/../lib/gcc/arm-none-eabi/14.3.1/../../../../arm-none-eabi/lib/thumb/v7e-m+dp/hard\libc_nano.a
LOAD C:/ST/STM32CubeIDE2.1.1/STM32CubeIDE/plugins/com.st.stm32cube.ide.mcu.externaltools.gnu-tools-for-stm32.14.3.rel1.win32_1.0.100.202602081740/tools/bin/../lib/gcc/arm-none-eabi/14.3.1/../../../../arm-none-eabi/lib/thumb/v7e-m+dp/hard\libm.a
END GROUP
START GROUP
LOAD C:/ST/STM32CubeIDE2.1.1/STM32CubeIDE/plugins/com.st.stm32cube.ide.mcu.externaltools.gnu-tools-for-stm32.14.3.rel1.win32_1.0.100.202602081740/tools/bin/../lib/gcc/arm-none-eabi/14.3.1/thumb/v7e-m+dp/hard\libgcc.a
LOAD C:/ST/STM32CubeIDE2.1.1/STM32CubeIDE/plugins/com.st.stm32cube.ide.mcu.externaltools.gnu-tools-for-stm32.14.3.rel1.win32_1.0.100.202602081740/tools/bin/../lib/gcc/arm-none-eabi/14.3.1/../../../../arm-none-eabi/lib/thumb/v7e-m+dp/hard\libc_nano.a
END GROUP
START GROUP
LOAD C:/ST/STM32CubeIDE2.1.1/STM32CubeIDE/plugins/com.st.stm32cube.ide.mcu.externaltools.gnu-tools-for-stm32.14.3.rel1.win32_1.0.100.202602081740/tools/bin/../lib/gcc/arm-none-eabi/14.3.1/thumb/v7e-m+dp/hard\libgcc.a
LOAD C:/ST/STM32CubeIDE2.1.1/STM32CubeIDE/plugins/com.st.stm32cube.ide.mcu.externaltools.gnu-tools-for-stm32.14.3.rel1.win32_1.0.100.202602081740/tools/bin/../lib/gcc/arm-none-eabi/14.3.1/../../../../arm-none-eabi/lib/thumb/v7e-m+dp/hard\libc_nano.a
LOAD C:/ST/STM32CubeIDE2.1.1/STM32CubeIDE/plugins/com.st.stm32cube.ide.mcu.externaltools.gnu-tools-for-stm32.14.3.rel1.win32_1.0.100.202602081740/tools/bin/../lib/gcc/arm-none-eabi/14.3.1/../../../../arm-none-eabi/lib/thumb/v7e-m+dp/hard\libnosys.a
END GROUP
START GROUP
LOAD C:/ST/STM32CubeIDE2.1.1/STM32CubeIDE/plugins/com.st.stm32cube.ide.mcu.externaltools.gnu-tools-for-stm32.14.3.rel1.win32_1.0.100.202602081740/tools/bin/../lib/gcc/arm-none-eabi/14.3.1/thumb/v7e-m+dp/hard\libgcc.a
LOAD C:/ST/STM32CubeIDE2.1.1/STM32CubeIDE/plugins/com.st.stm32cube.ide.mcu.externaltools.gnu-tools-for-stm32.14.3.rel1.win32_1.0.100.202602081740/tools/bin/../lib/gcc/arm-none-eabi/14.3.1/../../../../arm-none-eabi/lib/thumb/v7e-m+dp/hard\libc_nano.a
LOAD C:/ST/STM32CubeIDE2.1.1/STM32CubeIDE/plugins/com.st.stm32cube.ide.mcu.externaltools.gnu-tools-for-stm32.14.3.rel1.win32_1.0.100.202602081740/tools/bin/../lib/gcc/arm-none-eabi/14.3.1/../../../../arm-none-eabi/lib/thumb/v7e-m+dp/hard\libnosys.a
END GROUP
LOAD C:/ST/STM32CubeIDE2.1.1/STM32CubeIDE/plugins/com.st.stm32cube.ide.mcu.externaltools.gnu-tools-for-stm32.14.3.rel1.win32_1.0.100.202602081740/tools/bin/../lib/gcc/arm-none-eabi/14.3.1/thumb/v7e-m+dp/hard/crtend.o
LOAD C:/ST/STM32CubeIDE2.1.1/STM32CubeIDE/plugins/com.st.stm32cube.ide.mcu.externaltools.gnu-tools-for-stm32.14.3.rel1.win32_1.0.100.202602081740/tools/bin/../lib/gcc/arm-none-eabi/14.3.1/thumb/v7e-m+dp/hard/crtn.o
                0x24050000                        _estack = (ORIGIN (RAM_D1) + LENGTH (RAM_D1))
                0x00000200                        _Min_Heap_Size = 0x200
                0x00000400                        _Min_Stack_Size = 0x400

.isr_vector     0x08000000      0x2cc
                0x08000000                        . = ALIGN (0x4)
 *(.isr_vector)
 .isr_vector    0x08000000      0x2cc ./Core/Startup/startup_stm32h723vgtx.o
                0x08000000                g_pfnVectors
                0x080002cc                        . = ALIGN (0x4)

.text           0x080002cc    0x115f4
                0x080002cc                        . = ALIGN (0x4)
 *(.text)
 .text          0x080002cc       0x40 C:/ST/STM32CubeIDE2.1.1/STM32CubeIDE/plugins/com.st.stm32cube.ide.mcu.externaltools.gnu-tools-for-stm32.14.3.rel1.win32_1.0.100.202602081740/tools/bin/../lib/gcc/arm-none-eabi/14.3.1/thumb/v7e-m+dp/hard/crtbegin.o
 .text          0x0800030c       0x30 C:/ST/STM32CubeIDE2.1.1/STM32CubeIDE/plugins/com.st.stm32cube.ide.mcu.externaltools.gnu-tools-for-stm32.14.3.rel1.win32_1.0.100.202602081740/tools/bin/../lib/gcc/arm-none-eabi/14.3.1/thumb/v7e-m+dp/hard\libgcc.a(_aeabi_uldivmod.o)
                0x0800030c                __aeabi_uldivmod
 .text          0x0800033c      0x2f8 C:/ST/STM32CubeIDE2.1.1/STM32CubeIDE/plugins/com.st.stm32cube.ide.mcu.externaltools.gnu-tools-for-stm32.14.3.rel1.win32_1.0.100.202602081740/tools/bin/../lib/gcc/arm-none-eabi/14.3.1/thumb/v7e-m+dp/hard\libgcc.a(_udivmoddi4.o)
                0x0800033c                __udivmoddi4
 .text          0x08000634        0x4 C:/ST/STM32CubeIDE2.1.1/STM32CubeIDE/plugins/com.st.stm32cube.ide.mcu.externaltools.gnu-tools-for-stm32.14.3.rel1.win32_1.0.100.202602081740/tools/bin/../lib/gcc/arm-none-eabi/14.3.1/thumb/v7e-m+dp/hard\libgcc.a(_dvmd_tls.o)
                0x08000634                __aeabi_idiv0
                0x08000634                __aeabi_ldiv0
 *(.text*)
 .text.crc32b   0x08000638       0x6c ./Core/Src/main.o
                0x08000638                crc32b
 .text.uart_printf
                0x080006a4      0x3d0 ./Core/Src/main.o
                0x080006a4                uart_printf
 .text.compareFlashToFile
                0x08000a74      0x128 ./Core/Src/main.o
                0x08000a74                compareFlashToFile
 .text.CopyFileToFlashMemory
                0x08000b9c      0x1c8 ./Core/Src/main.o
                0x08000b9c                CopyFileToFlashMemory
 .text.tuh_max3421_int_api
                0x08000d64       0x36 ./Core/Src/main.o
                0x08000d64                tuh_max3421_int_api
 *fill*         0x08000d9a        0x2 
 .text.tuh_max3421_spi_cs_api
                0x08000d9c       0x30 ./Core/Src/main.o
                0x08000d9c                tuh_max3421_spi_cs_api
 .text.HAL_SPI_TransmitReceive_fast
                0x08000dcc      0x118 ./Core/Src/main.o
                0x08000dcc                HAL_SPI_TransmitReceive_fast
 .text.tuh_max3421_spi_xfer_api
                0x08000ee4       0x28 ./Core/Src/main.o
                0x08000ee4                tuh_max3421_spi_xfer_api
 .text.tusb_time_millis_api
                0x08000f0c        0xe ./Core/Src/main.o
                0x08000f0c                tusb_time_millis_api
 *fill*         0x08000f1a        0x2 
 .text.inquiry_complete_cb
                0x08000f1c      0x290 ./Core/Src/main.o
 .text.tuh_msc_mount_cb
                0x080011ac       0x30 ./Core/Src/main.o
                0x080011ac                tuh_msc_mount_cb
 .text.wait_for_disk_io
                0x080011dc       0x30 ./Core/Src/main.o
 .text.disk_io_complete
                0x0800120c       0x24 ./Core/Src/main.o
 .text.disk_status
                0x08001230       0x2c ./Core/Src/main.o
                0x08001230                disk_status
 .text.disk_initialize
                0x0800125c       0x18 ./Core/Src/main.o
                0x0800125c                disk_initialize
 .text.disk_read
                0x08001274       0x6c ./Core/Src/main.o
                0x08001274                disk_read
 .text.disk_write
                0x080012e0       0x58 ./Core/Src/main.o
                0x080012e0                disk_write
 .text.disk_ioctl
                0x08001338       0x84 ./Core/Src/main.o
                0x08001338                disk_ioctl
 .text.MAX3421_wait_frames
                0x080013bc       0x6e ./Core/Src/main.o
                0x080013bc                MAX3421_wait_frames
 *fill*         0x0800142a        0x2 
 .text.main     0x0800142c      0x22c ./Core/Src/main.o
                0x0800142c                main
 .text.SystemClock_Config
                0x08001658       0xe4 ./Core/Src/main.o
                0x08001658                SystemClock_Config
 .text.PeriphCommonClock_Config
                0x0800173c       0x3c ./Core/Src/main.o
                0x0800173c                PeriphCommonClock_Config
 .text.MX_SPI2_Init
                0x08001778       0xac ./Core/Src/main.o
 .text.MX_USART1_UART_Init
                0x08001824       0x9c ./Core/Src/main.o
 .text.MX_GPIO_Init
                0x080018c0      0x12c ./Core/Src/main.o
 .text.MPU_Config
                0x080019ec       0x58 ./Core/Src/main.o
 .text.HAL_TIM_PeriodElapsedCallback
                0x08001a44       0x24 ./Core/Src/main.o
                0x08001a44                HAL_TIM_PeriodElapsedCallback
 .text.Error_Handler
                0x08001a68        0xc ./Core/Src/main.o
                0x08001a68                Error_Handler
 .text.HAL_MspInit
                0x08001a74       0x34 ./Core/Src/stm32h7xx_hal_msp.o
                0x08001a74                HAL_MspInit
 .text.HAL_SPI_MspInit
                0x08001aa8       0xd4 ./Core/Src/stm32h7xx_hal_msp.o
                0x08001aa8                HAL_SPI_MspInit
 .text.HAL_UART_MspInit
                0x08001b7c       0xd4 ./Core/Src/stm32h7xx_hal_msp.o
                0x08001b7c                HAL_UART_MspInit
 .text.HAL_InitTick
                0x08001c50       0xd8 ./Core/Src/stm32h7xx_hal_timebase_tim.o
                0x08001c50                HAL_InitTick
 .text.NMI_Handler
                0x08001d28        0x8 ./Core/Src/stm32h7xx_it.o
                0x08001d28                NMI_Handler
 .text.HardFault_Handler
                0x08001d30        0x8 ./Core/Src/stm32h7xx_it.o
                0x08001d30                HardFault_Handler
 .text.MemManage_Handler
                0x08001d38        0x8 ./Core/Src/stm32h7xx_it.o
                0x08001d38                MemManage_Handler
 .text.BusFault_Handler
                0x08001d40        0x8 ./Core/Src/stm32h7xx_it.o
                0x08001d40                BusFault_Handler
 .text.UsageFault_Handler
                0x08001d48        0x8 ./Core/Src/stm32h7xx_it.o
                0x08001d48                UsageFault_Handler
 .text.SVC_Handler
                0x08001d50        0xe ./Core/Src/stm32h7xx_it.o
                0x08001d50                SVC_Handler
 .text.DebugMon_Handler
                0x08001d5e        0xe ./Core/Src/stm32h7xx_it.o
                0x08001d5e                DebugMon_Handler
 .text.PendSV_Handler
                0x08001d6c        0xe ./Core/Src/stm32h7xx_it.o
                0x08001d6c                PendSV_Handler
 .text.SysTick_Handler
                0x08001d7a        0xe ./Core/Src/stm32h7xx_it.o
                0x08001d7a                SysTick_Handler
 .text.EXTI15_10_IRQHandler
                0x08001d88       0x2c ./Core/Src/stm32h7xx_it.o
                0x08001d88                EXTI15_10_IRQHandler
 .text.TIM6_DAC_IRQHandler
                0x08001db4       0x14 ./Core/Src/stm32h7xx_it.o
                0x08001db4                TIM6_DAC_IRQHandler
 .text.SystemInit
                0x08001dc8      0x120 ./Core/Src/system_stm32h7xx.o
                0x08001dc8                SystemInit
 .text.ExitRun0Mode
                0x08001ee8       0x18 ./Core/Src/system_stm32h7xx.o
                0x08001ee8                ExitRun0Mode
 .text.Reset_Handler
                0x08001f00       0x54 ./Core/Startup/startup_stm32h723vgtx.o
                0x08001f00                Reset_Handler
 .text.Default_Handler
                0x08001f54        0x2 ./Core/Startup/startup_stm32h723vgtx.o
                0x08001f54                RTC_Alarm_IRQHandler
                0x08001f54                EXTI2_IRQHandler
                0x08001f54                TIM8_CC_IRQHandler
                0x08001f54                UART8_IRQHandler
                0x08001f54                SPI4_IRQHandler
                0x08001f54                FDCAN3_IT0_IRQHandler
                0x08001f54                TIM1_CC_IRQHandler
                0x08001f54                BDMA_Channel6_IRQHandler
                0x08001f54                DMA2_Stream5_IRQHandler
                0x08001f54                DMA1_Stream5_IRQHandler
                0x08001f54                CORDIC_IRQHandler
                0x08001f54                BDMA_Channel1_IRQHandler
                0x08001f54                TAMP_STAMP_IRQHandler
                0x08001f54                EXTI3_IRQHandler
                0x08001f54                LPTIM4_IRQHandler
                0x08001f54                TIM8_TRG_COM_TIM14_IRQHandler
                0x08001f54                LPTIM2_IRQHandler
                0x08001f54                DFSDM1_FLT1_IRQHandler
                0x08001f54                DMAMUX2_OVR_IRQHandler
                0x08001f54                TIM8_UP_TIM13_IRQHandler
                0x08001f54                I2C3_ER_IRQHandler
                0x08001f54                DFSDM1_FLT2_IRQHandler
                0x08001f54                I2C5_EV_IRQHandler
                0x08001f54                USART10_IRQHandler
                0x08001f54                MDMA_IRQHandler
                0x08001f54                LPTIM3_IRQHandler
                0x08001f54                HSEM1_IRQHandler
                0x08001f54                EXTI0_IRQHandler
                0x08001f54                I2C2_EV_IRQHandler
                0x08001f54                DMA1_Stream2_IRQHandler
                0x08001f54                FPU_IRQHandler
                0x08001f54                OTG_HS_WKUP_IRQHandler
                0x08001f54                FDCAN1_IT1_IRQHandler
                0x08001f54                LTDC_ER_IRQHandler
                0x08001f54                DMA2_Stream2_IRQHandler
                0x08001f54                SPI1_IRQHandler
                0x08001f54                OCTOSPI1_IRQHandler
                0x08001f54                DMA2_Stream3_IRQHandler
                0x08001f54                OCTOSPI2_IRQHandler
                0x08001f54                DFSDM1_FLT3_IRQHandler
                0x08001f54                TIM23_IRQHandler
                0x08001f54                USART6_IRQHandler
                0x08001f54                TIM17_IRQHandler
                0x08001f54                USART3_IRQHandler
                0x08001f54                BDMA_Channel7_IRQHandler
                0x08001f54                LPTIM5_IRQHandler
                0x08001f54                UART5_IRQHandler
                0x08001f54                ADC3_IRQHandler
                0x08001f54                DMA2_Stream0_IRQHandler
                0x08001f54                TIM4_IRQHandler
                0x08001f54                BDMA_Channel2_IRQHandler
                0x08001f54                I2C1_EV_IRQHandler
                0x08001f54                DMA1_Stream6_IRQHandler
                0x08001f54                DMAMUX1_OVR_IRQHandler
                0x08001f54                DMA1_Stream1_IRQHandler
                0x08001f54                TIM16_IRQHandler
                0x08001f54                UART4_IRQHandler
                0x08001f54                BDMA_Channel5_IRQHandler
                0x08001f54                TIM3_IRQHandler
                0x08001f54                RCC_IRQHandler
                0x08001f54                UART9_IRQHandler
                0x08001f54                TIM8_BRK_TIM12_IRQHandler
                0x08001f54                TIM1_TRG_COM_IRQHandler
                0x08001f54                Default_Handler
                0x08001f54                ECC_IRQHandler
                0x08001f54                FMAC_IRQHandler
                0x08001f54                CEC_IRQHandler
                0x08001f54                BDMA_Channel0_IRQHandler
                0x08001f54                ADC_IRQHandler
                0x08001f54                I2C5_ER_IRQHandler
                0x08001f54                DMA1_Stream7_IRQHandler
                0x08001f54                SPI5_IRQHandler
                0x08001f54                TIM7_IRQHandler
                0x08001f54                FDCAN3_IT1_IRQHandler
                0x08001f54                SDMMC1_IRQHandler
                0x08001f54                TIM5_IRQHandler
                0x08001f54                DMA2_Stream7_IRQHandler
                0x08001f54                TIM15_IRQHandler
                0x08001f54                PVD_AVD_IRQHandler
                0x08001f54                I2C3_EV_IRQHandler
                0x08001f54                EXTI9_5_IRQHandler
                0x08001f54                RTC_WKUP_IRQHandler
                0x08001f54                LTDC_IRQHandler
                0x08001f54                ETH_WKUP_IRQHandler
                0x08001f54                SPDIF_RX_IRQHandler
                0x08001f54                SPI2_IRQHandler
                0x08001f54                OTG_HS_EP1_IN_IRQHandler
                0x08001f54                DMA1_Stream0_IRQHandler
                0x08001f54                TIM24_IRQHandler
                0x08001f54                CRS_IRQHandler
                0x08001f54                EXTI4_IRQHandler
                0x08001f54                RNG_IRQHandler
                0x08001f54                FDCAN2_IT1_IRQHandler
                0x08001f54                ETH_IRQHandler
                0x08001f54                TIM1_UP_IRQHandler
                0x08001f54                BDMA_Channel4_IRQHandler
                0x08001f54                OTG_HS_EP1_OUT_IRQHandler
                0x08001f54                WWDG_IRQHandler
                0x08001f54                SPI6_IRQHandler
                0x08001f54                MDIOS_IRQHandler
                0x08001f54                I2C4_EV_IRQHandler
                0x08001f54                FDCAN2_IT0_IRQHandler
                0x08001f54                LPUART1_IRQHandler
                0x08001f54                FDCAN1_IT0_IRQHandler
                0x08001f54                TIM2_IRQHandler
                0x08001f54                OTG_HS_IRQHandler
                0x08001f54                DMA2D_IRQHandler
                0x08001f54                TIM1_BRK_IRQHandler
                0x08001f54                EXTI1_IRQHandler
                0x08001f54                SDMMC2_IRQHandler
                0x08001f54                BDMA_Channel3_IRQHandler
                0x08001f54                DTS_IRQHandler
                0x08001f54                UART7_IRQHandler
                0x08001f54                MDIOS_WKUP_IRQHandler
                0x08001f54                USART2_IRQHandler
                0x08001f54                DFSDM1_FLT0_IRQHandler
                0x08001f54                SAI4_IRQHandler
                0x08001f54                I2C2_ER_IRQHandler
                0x08001f54                DMA2_Stream1_IRQHandler
                0x08001f54                FLASH_IRQHandler
                0x08001f54                DMA2_Stream4_IRQHandler
                0x08001f54                USART1_IRQHandler
                0x08001f54                SPI3_IRQHandler
                0x08001f54                WAKEUP_PIN_IRQHandler
                0x08001f54                DMA1_Stream4_IRQHandler
                0x08001f54                I2C1_ER_IRQHandler
                0x08001f54                FMC_IRQHandler
                0x08001f54                FDCAN_CAL_IRQHandler
                0x08001f54                SWPMI1_IRQHandler
                0x08001f54                COMP1_IRQHandler
                0x08001f54                LPTIM1_IRQHandler
                0x08001f54                DCMI_PSSI_IRQHandler
                0x08001f54                I2C4_ER_IRQHandler
                0x08001f54                DMA2_Stream6_IRQHandler
                0x08001f54                SAI1_IRQHandler
                0x08001f54                DMA1_Stream3_IRQHandler
 *fill*         0x08001f56        0x2 
 .text.HAL_Init
                0x08001f58       0x78 ./Drivers/STM32H7xx_HAL_Driver/Src/stm32h7xx_hal.o
                0x08001f58                HAL_Init
 .text.HAL_DeInit
                0x08001fd0       0xc0 ./Drivers/STM32H7xx_HAL_Driver/Src/stm32h7xx_hal.o
                0x08001fd0                HAL_DeInit
 .text.HAL_MspDeInit
                0x08002090        0xe ./Drivers/STM32H7xx_HAL_Driver/Src/stm32h7xx_hal.o
                0x08002090                HAL_MspDeInit
 *fill*         0x0800209e        0x2 
 .text.HAL_IncTick
                0x080020a0       0x28 ./Drivers/STM32H7xx_HAL_Driver/Src/stm32h7xx_hal.o
                0x080020a0                HAL_IncTick
 .text.HAL_GetTick
                0x080020c8       0x18 ./Drivers/STM32H7xx_HAL_Driver/Src/stm32h7xx_hal.o
                0x080020c8                HAL_GetTick
 .text.HAL_Delay
                0x080020e0       0x48 ./Drivers/STM32H7xx_HAL_Driver/Src/stm32h7xx_hal.o
                0x080020e0                HAL_Delay
 .text.HAL_SYSCFG_AnalogSwitchConfig
                0x08002128       0x2c ./Drivers/STM32H7xx_HAL_Driver/Src/stm32h7xx_hal.o
                0x08002128                HAL_SYSCFG_AnalogSwitchConfig
 .text.__NVIC_SetPriorityGrouping
                0x08002154       0x48 ./Drivers/STM32H7xx_HAL_Driver/Src/stm32h7xx_hal_cortex.o
 .text.__NVIC_GetPriorityGrouping
                0x0800219c       0x1c ./Drivers/STM32H7xx_HAL_Driver/Src/stm32h7xx_hal_cortex.o
 .text.__NVIC_EnableIRQ
                0x080021b8       0x3c ./Drivers/STM32H7xx_HAL_Driver/Src/stm32h7xx_hal_cortex.o
 .text.__NVIC_DisableIRQ
                0x080021f4       0x48 ./Drivers/STM32H7xx_HAL_Driver/Src/stm32h7xx_hal_cortex.o
 .text.__NVIC_SetPriority
                0x0800223c       0x54 ./Drivers/STM32H7xx_HAL_Driver/Src/stm32h7xx_hal_cortex.o
 .text.NVIC_EncodePriority
                0x08002290       0x66 ./Drivers/STM32H7xx_HAL_Driver/Src/stm32h7xx_hal_cortex.o
 .text.HAL_NVIC_SetPriorityGrouping
                0x080022f6       0x16 ./Drivers/STM32H7xx_HAL_Driver/Src/stm32h7xx_hal_cortex.o
                0x080022f6                HAL_NVIC_SetPriorityGrouping
 .text.HAL_NVIC_SetPriority
                0x0800230c       0x34 ./Drivers/STM32H7xx_HAL_Driver/Src/stm32h7xx_hal_cortex.o
                0x0800230c                HAL_NVIC_SetPriority
 .text.HAL_NVIC_EnableIRQ
                0x08002340       0x1c ./Drivers/STM32H7xx_HAL_Driver/Src/stm32h7xx_hal_cortex.o
                0x08002340                HAL_NVIC_EnableIRQ
 .text.HAL_NVIC_DisableIRQ
                0x0800235c       0x1c ./Drivers/STM32H7xx_HAL_Driver/Src/stm32h7xx_hal_cortex.o
                0x0800235c                HAL_NVIC_DisableIRQ
 .text.HAL_MPU_Disable
                0x08002378       0x30 ./Drivers/STM32H7xx_HAL_Driver/Src/stm32h7xx_hal_cortex.o
                0x08002378                HAL_MPU_Disable
 .text.HAL_MPU_Enable
                0x080023a8       0x40 ./Drivers/STM32H7xx_HAL_Driver/Src/stm32h7xx_hal_cortex.o
                0x080023a8                HAL_MPU_Enable
 .text.HAL_MPU_ConfigRegion
                0x080023e8       0x80 ./Drivers/STM32H7xx_HAL_Driver/Src/stm32h7xx_hal_cortex.o
                0x080023e8                HAL_MPU_ConfigRegion
 .text.HAL_FLASH_Program
                0x08002468       0xe0 ./Drivers/STM32H7xx_HAL_Driver/Src/stm32h7xx_hal_flash.o
                0x08002468                HAL_FLASH_Program
 .text.HAL_FLASH_Unlock
                0x08002548       0x44 ./Drivers/STM32H7xx_HAL_Driver/Src/stm32h7xx_hal_flash.o
                0x08002548                HAL_FLASH_Unlock
 .text.HAL_FLASH_Lock
                0x0800258c       0x30 ./Drivers/STM32H7xx_HAL_Driver/Src/stm32h7xx_hal_flash.o
                0x0800258c                HAL_FLASH_Lock
 .text.HAL_FLASH_GetError
                0x080025bc       0x18 ./Drivers/STM32H7xx_HAL_Driver/Src/stm32h7xx_hal_flash.o
                0x080025bc                HAL_FLASH_GetError
 .text.FLASH_WaitForLastOperation
                0x080025d4       0xac ./Drivers/STM32H7xx_HAL_Driver/Src/stm32h7xx_hal_flash.o
                0x080025d4                FLASH_WaitForLastOperation
 .text.FLASH_Erase_Sector
                0x08002680       0x48 ./Drivers/STM32H7xx_HAL_Driver/Src/stm32h7xx_hal_flash_ex.o
                0x08002680                FLASH_Erase_Sector
 .text.HAL_GPIO_Init
                0x080026c8      0x364 ./Drivers/STM32H7xx_HAL_Driver/Src/stm32h7xx_hal_gpio.o
                0x080026c8                HAL_GPIO_Init
 .text.HAL_GPIO_ReadPin
                0x08002a2c       0x30 ./Drivers/STM32H7xx_HAL_Driver/Src/stm32h7xx_hal_gpio.o
                0x08002a2c                HAL_GPIO_ReadPin
 .text.HAL_GPIO_WritePin
                0x08002a5c       0x32 ./Drivers/STM32H7xx_HAL_Driver/Src/stm32h7xx_hal_gpio.o
                0x08002a5c                HAL_GPIO_WritePin
 .text.HAL_GPIO_TogglePin
                0x08002a8e       0x34 ./Drivers/STM32H7xx_HAL_Driver/Src/stm32h7xx_hal_gpio.o
                0x08002a8e                HAL_GPIO_TogglePin
 .text.HAL_GPIO_EXTI_IRQHandler
                0x08002ac2       0x34 ./Drivers/STM32H7xx_HAL_Driver/Src/stm32h7xx_hal_gpio.o
                0x08002ac2                HAL_GPIO_EXTI_IRQHandler
 .text.HAL_GPIO_EXTI_Callback
                0x08002af6       0x16 ./Drivers/STM32H7xx_HAL_Driver/Src/stm32h7xx_hal_gpio.o
                0x08002af6                HAL_GPIO_EXTI_Callback
 .text.HAL_PWR_EnableBkUpAccess
                0x08002b0c       0x20 ./Drivers/STM32H7xx_HAL_Driver/Src/stm32h7xx_hal_pwr.o
                0x08002b0c                HAL_PWR_EnableBkUpAccess
 .text.HAL_PWREx_ConfigSupply
                0x08002b2c       0x74 ./Drivers/STM32H7xx_HAL_Driver/Src/stm32h7xx_hal_pwr_ex.o
                0x08002b2c                HAL_PWREx_ConfigSupply
 .text.HAL_RCC_DeInit
                0x08002ba0      0x254 ./Drivers/STM32H7xx_HAL_Driver/Src/stm32h7xx_hal_rcc.o
                0x08002ba0                HAL_RCC_DeInit
 .text.HAL_RCC_OscConfig
                0x08002df4      0x7b4 ./Drivers/STM32H7xx_HAL_Driver/Src/stm32h7xx_hal_rcc.o
                0x08002df4                HAL_RCC_OscConfig
 .text.HAL_RCC_ClockConfig
                0x080035a8      0x36c ./Drivers/STM32H7xx_HAL_Driver/Src/stm32h7xx_hal_rcc.o
                0x080035a8                HAL_RCC_ClockConfig
 .text.HAL_RCC_GetSysClockFreq
                0x08003914      0x2f4 ./Drivers/STM32H7xx_HAL_Driver/Src/stm32h7xx_hal_rcc.o
                0x08003914                HAL_RCC_GetSysClockFreq
 .text.HAL_RCC_GetHCLKFreq
                0x08003c08       0x60 ./Drivers/STM32H7xx_HAL_Driver/Src/stm32h7xx_hal_rcc.o
                0x08003c08                HAL_RCC_GetHCLKFreq
 .text.HAL_RCC_GetPCLK1Freq
                0x08003c68       0x2c ./Drivers/STM32H7xx_HAL_Driver/Src/stm32h7xx_hal_rcc.o
                0x08003c68                HAL_RCC_GetPCLK1Freq
 .text.HAL_RCC_GetPCLK2Freq
                0x08003c94       0x2c ./Drivers/STM32H7xx_HAL_Driver/Src/stm32h7xx_hal_rcc.o
                0x08003c94                HAL_RCC_GetPCLK2Freq
 .text.HAL_RCC_GetClockConfig
                0x08003cc0       0x84 ./Drivers/STM32H7xx_HAL_Driver/Src/stm32h7xx_hal_rcc.o
                0x08003cc0                HAL_RCC_GetClockConfig
 .text.HAL_RCCEx_PeriphCLKConfig
                0x08003d44     0x1340 ./Drivers/STM32H7xx_HAL_Driver/Src/stm32h7xx_hal_rcc_ex.o
                0x08003d44                HAL_RCCEx_PeriphCLKConfig
 .text.HAL_RCCEx_GetD3PCLK1Freq
                0x08005084       0x2c ./Drivers/STM32H7xx_HAL_Driver/Src/stm32h7xx_hal_rcc_ex.o
                0x08005084                HAL_RCCEx_GetD3PCLK1Freq
 .text.HAL_RCCEx_GetPLL2ClockFreq
                0x080050b0      0x2a8 ./Drivers/STM32H7xx_HAL_Driver/Src/stm32h7xx_hal_rcc_ex.o
                0x080050b0                HAL_RCCEx_GetPLL2ClockFreq
 .text.HAL_RCCEx_GetPLL3ClockFreq
                0x08005358      0x2a8 ./Drivers/STM32H7xx_HAL_Driver/Src/stm32h7xx_hal_rcc_ex.o
                0x08005358                HAL_RCCEx_GetPLL3ClockFreq
 .text.RCCEx_PLL2_Config
                0x08005600      0x164 ./Drivers/STM32H7xx_HAL_Driver/Src/stm32h7xx_hal_rcc_ex.o
 .text.RCCEx_PLL3_Config
                0x08005764      0x164 ./Drivers/STM32H7xx_HAL_Driver/Src/stm32h7xx_hal_rcc_ex.o
 .text.HAL_SPI_Init
                0x080058c8      0x248 ./Drivers/STM32H7xx_HAL_Driver/Src/stm32h7xx_hal_spi.o
                0x080058c8                HAL_SPI_Init
 .text.SPI_GetPacketSize
                0x08005b10       0x36 ./Drivers/STM32H7xx_HAL_Driver/Src/stm32h7xx_hal_spi.o
 .text.HAL_TIM_Base_Init
                0x08005b46       0xae ./Drivers/STM32H7xx_HAL_Driver/Src/stm32h7xx_hal_tim.o
                0x08005b46                HAL_TIM_Base_Init
 .text.HAL_TIM_Base_MspInit
                0x08005bf4       0x14 ./Drivers/STM32H7xx_HAL_Driver/Src/stm32h7xx_hal_tim.o
                0x08005bf4                HAL_TIM_Base_MspInit
 .text.HAL_TIM_Base_Start_IT
                0x08005c08      0x10c ./Drivers/STM32H7xx_HAL_Driver/Src/stm32h7xx_hal_tim.o
                0x08005c08                HAL_TIM_Base_Start_IT
 .text.HAL_TIM_IRQHandler
                0x08005d14      0x20e ./Drivers/STM32H7xx_HAL_Driver/Src/stm32h7xx_hal_tim.o
                0x08005d14                HAL_TIM_IRQHandler
 .text.HAL_TIM_OC_DelayElapsedCallback
                0x08005f22       0x14 ./Drivers/STM32H7xx_HAL_Driver/Src/stm32h7xx_hal_tim.o
                0x08005f22                HAL_TIM_OC_DelayElapsedCallback
 .text.HAL_TIM_IC_CaptureCallback
                0x08005f36       0x14 ./Drivers/STM32H7xx_HAL_Driver/Src/stm32h7xx_hal_tim.o
                0x08005f36                HAL_TIM_IC_CaptureCallback
 .text.HAL_TIM_PWM_PulseFinishedCallback
                0x08005f4a       0x14 ./Drivers/STM32H7xx_HAL_Driver/Src/stm32h7xx_hal_tim.o
                0x08005f4a                HAL_TIM_PWM_PulseFinishedCallback
 .text.HAL_TIM_TriggerCallback
                0x08005f5e       0x14 ./Drivers/STM32H7xx_HAL_Driver/Src/stm32h7xx_hal_tim.o
                0x08005f5e                HAL_TIM_TriggerCallback
 *fill*         0x08005f72        0x2 
 .text.TIM_Base_SetConfig
                0x08005f74      0x158 ./Drivers/STM32H7xx_HAL_Driver/Src/stm32h7xx_hal_tim.o
                0x08005f74                TIM_Base_SetConfig
 .text.HAL_TIMEx_CommutCallback
                0x080060cc       0x14 ./Drivers/STM32H7xx_HAL_Driver/Src/stm32h7xx_hal_tim_ex.o
                0x080060cc                HAL_TIMEx_CommutCallback
 .text.HAL_TIMEx_BreakCallback
                0x080060e0       0x14 ./Drivers/STM32H7xx_HAL_Driver/Src/stm32h7xx_hal_tim_ex.o
                0x080060e0                HAL_TIMEx_BreakCallback
 .text.HAL_TIMEx_Break2Callback
                0x080060f4       0x14 ./Drivers/STM32H7xx_HAL_Driver/Src/stm32h7xx_hal_tim_ex.o
                0x080060f4                HAL_TIMEx_Break2Callback
 .text.HAL_UART_Init
                0x08006108       0xa0 ./Drivers/STM32H7xx_HAL_Driver/Src/stm32h7xx_hal_uart.o
                0x08006108                HAL_UART_Init
 .text.HAL_UART_Transmit
                0x080061a8      0x132 ./Drivers/STM32H7xx_HAL_Driver/Src/stm32h7xx_hal_uart.o
                0x080061a8                HAL_UART_Transmit
 *fill*         0x080062da        0x2 
 .text.UART_SetConfig
                0x080062dc      0xcd8 ./Drivers/STM32H7xx_HAL_Driver/Src/stm32h7xx_hal_uart.o
                0x080062dc                UART_SetConfig
 .text.UART_AdvFeatureConfig
                0x08006fb4      0x144 ./Drivers/STM32H7xx_HAL_Driver/Src/stm32h7xx_hal_uart.o
                0x08006fb4                UART_AdvFeatureConfig
 .text.UART_CheckIdleState
                0x080070f8      0x154 ./Drivers/STM32H7xx_HAL_Driver/Src/stm32h7xx_hal_uart.o
                0x080070f8                UART_CheckIdleState
 .text.UART_WaitOnFlagUntilTimeout
                0x0800724c       0xda ./Drivers/STM32H7xx_HAL_Driver/Src/stm32h7xx_hal_uart.o
                0x0800724c                UART_WaitOnFlagUntilTimeout
 *fill*         0x08007326        0x2 
 .text.UART_EndRxTransfer
                0x08007328       0xcc ./Drivers/STM32H7xx_HAL_Driver/Src/stm32h7xx_hal_uart.o
 .text.HAL_UARTEx_DisableFifoMode
                0x080073f4       0x72 ./Drivers/STM32H7xx_HAL_Driver/Src/stm32h7xx_hal_uart_ex.o
                0x080073f4                HAL_UARTEx_DisableFifoMode
 .text.HAL_UARTEx_SetTxFifoThreshold
                0x08007466       0x7c ./Drivers/STM32H7xx_HAL_Driver/Src/stm32h7xx_hal_uart_ex.o
                0x08007466                HAL_UARTEx_SetTxFifoThreshold
 .text.HAL_UARTEx_SetRxFifoThreshold
                0x080074e2       0x7c ./Drivers/STM32H7xx_HAL_Driver/Src/stm32h7xx_hal_uart_ex.o
                0x080074e2                HAL_UARTEx_SetRxFifoThreshold
 *fill*         0x0800755e        0x2 
 .text.UARTEx_SetNbDataToProcess
                0x08007560       0x9c ./Drivers/STM32H7xx_HAL_Driver/Src/stm32h7xx_hal_uart_ex.o
 .text.ld_16    0x080075fc       0x32 ./FATFS/ff.o
 .text.ld_32    0x0800762e       0x46 ./FATFS/ff.o
 .text.ld_64    0x08007674      0x1b6 ./FATFS/ff.o
 .text.st_16    0x0800782a       0x36 ./FATFS/ff.o
 .text.st_32    0x08007860       0x58 ./FATFS/ff.o
 .text.st_64    0x080078b8      0x110 ./FATFS/ff.o
 .text.dbc_1st  0x080079c8       0x22 ./FATFS/ff.o
 .text.dbc_2nd  0x080079ea       0x22 ./FATFS/ff.o
 .text.tchar2uni
                0x08007a0c       0x8a ./FATFS/ff.o
 .text.sync_window
                0x08007a96       0xac ./FATFS/ff.o
 .text.move_window
                0x08007b42       0x72 ./FATFS/ff.o
 .text.sync_fs  0x08007bb4      0x1f4 ./FATFS/ff.o
 .text.clst2sect
                0x08007da8       0x72 ./FATFS/ff.o
 *fill*         0x08007e1a        0x2 
 .text.get_fat  0x08007e1c      0x2d4 ./FATFS/ff.o
 .text.put_fat  0x080080f0      0x24a ./FATFS/ff.o
 .text.find_bitmap
                0x0800833a      0x10c ./FATFS/ff.o
 .text.change_bitmap
                0x08008446       0xf0 ./FATFS/ff.o
 .text.fill_first_frag
                0x08008536       0x5e ./FATFS/ff.o
 .text.fill_last_frag
                0x08008594       0x62 ./FATFS/ff.o
 .text.remove_chain
                0x080085f6      0x1c4 ./FATFS/ff.o
 .text.create_chain
                0x080087ba      0x27e ./FATFS/ff.o
 .text.dir_clear
                0x08008a38       0xae ./FATFS/ff.o
 .text.dir_sdi  0x08008ae6      0x12e ./FATFS/ff.o
 .text.dir_next
                0x08008c14      0x170 ./FATFS/ff.o
 .text.dir_alloc
                0x08008d84       0xb8 ./FATFS/ff.o
 .text.ld_clust
                0x08008e3c       0x3e ./FATFS/ff.o
 .text.st_clust
                0x08008e7a       0x40 ./FATFS/ff.o
 *fill*         0x08008eba        0x2 
 .text.cmp_lfn  0x08008ebc       0xe0 ./FATFS/ff.o
 .text.pick_lfn
                0x08008f9c       0xd0 ./FATFS/ff.o
 .text.put_lfn  0x0800906c       0xd0 ./FATFS/ff.o
 .text.gen_numname
                0x0800913c      0x14c ./FATFS/ff.o
 .text.sum_sfn  0x08009288       0x42 ./FATFS/ff.o
 .text.xdir_sum
                0x080092ca       0x60 ./FATFS/ff.o
 .text.xname_sum
                0x0800932a       0x60 ./FATFS/ff.o
 *fill*         0x0800938a        0x2 
 .text.load_xdir
                0x0800938c      0x190 ./FATFS/ff.o
 .text.init_alloc_info
                0x0800951c       0x84 ./FATFS/ff.o
 .text.load_obj_xdir
                0x080095a0       0x72 ./FATFS/ff.o
 .text.store_xdir
                0x08009612       0xb6 ./FATFS/ff.o
 .text.create_xdir
                0x080096c8       0xd2 ./FATFS/ff.o
 .text.dir_read
                0x0800979a      0x198 ./FATFS/ff.o
 .text.dir_find
                0x08009932      0x252 ./FATFS/ff.o
 .text.dir_register
                0x08009b84      0x368 ./FATFS/ff.o
 .text.dir_remove
                0x08009eec       0xb0 ./FATFS/ff.o
 .text.create_name
                0x08009f9c      0x3bc ./FATFS/ff.o
 .text.follow_path
                0x0800a358       0xf8 ./FATFS/ff.o
 .text.get_ldnumber
                0x0800a450       0x84 ./FATFS/ff.o
 .text.crc32    0x0800a4d4       0x5c ./FATFS/ff.o
 .text.test_gpt_header
                0x0800a530       0xc0 ./FATFS/ff.o
 .text.check_fs
                0x0800a5f0      0x178 ./FATFS/ff.o
 .text.find_volume
                0x0800a768      0x1dc ./FATFS/ff.o
 .text.mount_volume
                0x0800a944      0x924 ./FATFS/ff.o
 .text.validate
                0x0800b268       0x6a ./FATFS/ff.o
 *fill*         0x0800b2d2        0x2 
 .text.f_mount  0x0800b2d4       0x94 ./FATFS/ff.o
                0x0800b2d4                f_mount
 .text.f_open   0x0800b368      0x4bc ./FATFS/ff.o
                0x0800b368                f_open
 .text.f_read   0x0800b824      0x348 ./FATFS/ff.o
                0x0800b824                f_read
 .text.f_sync   0x0800bb6c      0x254 ./FATFS/ff.o
                0x0800bb6c                f_sync
 .text.f_close  0x0800bdc0       0x40 ./FATFS/ff.o
                0x0800bdc0                f_close
 .text.f_lseek  0x0800be00      0x522 ./FATFS/ff.o
                0x0800be00                f_lseek
 .text.f_unlink
                0x0800c322      0x190 ./FATFS/ff.o
                0x0800c322                f_unlink
 .text.f_rename
                0x0800c4b2      0x3b6 ./FATFS/ff.o
                0x0800c4b2                f_rename
 .text.ff_uni2oem
                0x0800c868       0x74 ./FATFS/ffunicode.o
                0x0800c868                ff_uni2oem
 .text.ff_oem2uni
                0x0800c8dc       0x5c ./FATFS/ffunicode.o
                0x0800c8dc                ff_oem2uni
 .text.ff_wtoupper
                0x0800c938      0x124 ./FATFS/ffunicode.o
                0x0800c938                ff_wtoupper
 .text.tuh_msc_get_block_count
                0x0800ca5c       0x44 ./TinyUSB/class/msc/msc_host.o
                0x0800ca5c                tuh_msc_get_block_count
 .text.tuh_msc_get_block_size
                0x0800caa0       0x44 ./TinyUSB/class/msc/msc_host.o
                0x0800caa0                tuh_msc_get_block_size
 .text.tuh_msc_mounted
                0x0800cae4       0x38 ./TinyUSB/class/msc/msc_host.o
                0x0800cae4                tuh_msc_mounted
 .text.cbw_init
                0x0800cb1c       0x68 ./TinyUSB/class/msc/msc_host.o
 .text.tuh_msc_scsi_command
                0x0800cb84      0x104 ./TinyUSB/class/msc/msc_host.o
                0x0800cb84                tuh_msc_scsi_command
 .text.tuh_msc_read_capacity
                0x0800cc88       0x84 ./TinyUSB/class/msc/msc_host.o
                0x0800cc88                tuh_msc_read_capacity
 .text.tuh_msc_inquiry
                0x0800cd0c       0xa8 ./TinyUSB/class/msc/msc_host.o
                0x0800cd0c                tuh_msc_inquiry
 .text.tuh_msc_test_unit_ready
                0x0800cdb4       0x8c ./TinyUSB/class/msc/msc_host.o
                0x0800cdb4                tuh_msc_test_unit_ready
 .text.tuh_msc_request_sense
                0x0800ce40       0x74 ./TinyUSB/class/msc/msc_host.o
                0x0800ce40                tuh_msc_request_sense
 .text.tuh_msc_read10
                0x0800ceb4       0xcc ./TinyUSB/class/msc/msc_host.o
                0x0800ceb4                tuh_msc_read10
 .text.tuh_msc_write10
                0x0800cf80       0xcc ./TinyUSB/class/msc/msc_host.o
                0x0800cf80                tuh_msc_write10
 .text.msch_init
                0x0800d04c       0x18 ./TinyUSB/class/msc/msc_host.o
                0x0800d04c                msch_init
 .text.msch_deinit
                0x0800d064       0x10 ./TinyUSB/class/msc/msc_host.o
                0x0800d064                msch_deinit
 .text.msch_close
                0x0800d074       0x68 ./TinyUSB/class/msc/msc_host.o
                0x0800d074                msch_close
 .text.msch_xfer_cb
                0x0800d0dc      0x1cc ./TinyUSB/class/msc/msc_host.o
                0x0800d0dc                msch_xfer_cb
 .text.msch_open
                0x0800d2a8      0x13c ./TinyUSB/class/msc/msc_host.o
                0x0800d2a8                msch_open
 .text.msch_set_config
                0x0800d3e4       0xf8 ./TinyUSB/class/msc/msc_host.o
                0x0800d3e4                msch_set_config
 .text.config_get_maxlun_complete
                0x0800d4dc       0x68 ./TinyUSB/class/msc/msc_host.o
 .text.config_test_unit_ready_complete
                0x0800d544       0x84 ./TinyUSB/class/msc/msc_host.o
 .text.config_request_sense_complete
                0x0800d5c8       0x78 ./TinyUSB/class/msc/msc_host.o
 .text.config_read_capacity_complete
                0x0800d640       0xbc ./TinyUSB/class/msc/msc_host.o
 .text._ff_push
                0x0800d6fc       0x3e ./TinyUSB/common/tusb_fifo.o
 .text._ff_pull
                0x0800d73a       0x3e ./TinyUSB/common/tusb_fifo.o
 .text.advance_index
                0x0800d778       0x4c ./TinyUSB/common/tusb_fifo.o
 .text._tu_fifo_peek
                0x0800d7c4       0xcc ./TinyUSB/common/tusb_fifo.o
 .text.tu_fifo_empty
                0x0800d890       0x2a ./TinyUSB/common/tusb_fifo.o
                0x0800d890                tu_fifo_empty
 .text.tu_fifo_full
                0x0800d8ba       0x5c ./TinyUSB/common/tusb_fifo.o
                0x0800d8ba                tu_fifo_full
 .text.tu_fifo_read
                0x0800d916       0x48 ./TinyUSB/common/tusb_fifo.o
                0x0800d916                tu_fifo_read
 .text.tu_fifo_write
                0x0800d95e       0x86 ./TinyUSB/common/tusb_fifo.o
                0x0800d95e                tu_fifo_write
 .text.tu_fifo_clear
                0x0800d9e4       0x22 ./TinyUSB/common/tusb_fifo.o
                0x0800d9e4                tu_fifo_clear
 .text.tuh_enum_descriptor_device_cb
                0x0800da06       0x18 ./TinyUSB/host/usbh.o
                0x0800da06                tuh_enum_descriptor_device_cb
 .text.tuh_enum_descriptor_configuration_cb
                0x0800da1e       0x1e ./TinyUSB/host/usbh.o
                0x0800da1e                tuh_enum_descriptor_configuration_cb
 .text.tuh_event_hook_cb
                0x0800da3c       0x1c ./TinyUSB/host/usbh.o
                0x0800da3c                tuh_event_hook_cb
 .text.get_driver
                0x0800da58       0x68 ./TinyUSB/host/usbh.o
 .text.tuh_connected
                0x0800dac0       0x78 ./TinyUSB/host/usbh.o
                0x0800dac0                tuh_connected
 .text.tuh_speed_get
                0x0800db38       0x22 ./TinyUSB/host/usbh.o
                0x0800db38                tuh_speed_get
 *fill*         0x0800db5a        0x2 
 .text.tuh_rhport_is_active
                0x0800db5c       0x2c ./TinyUSB/host/usbh.o
                0x0800db5c                tuh_rhport_is_active
 .text.clear_device
                0x0800db88       0x36 ./TinyUSB/host/usbh.o
 *fill*         0x0800dbbe        0x2 
 .text.tuh_inited
                0x0800dbc0       0x20 ./TinyUSB/host/usbh.o
                0x0800dbc0                tuh_inited
 .text.tuh_rhport_init
                0x0800dbe0      0x150 ./TinyUSB/host/usbh.o
                0x0800dbe0                tuh_rhport_init
 .text.tuh_task_event_ready
                0x0800dd30       0x50 ./TinyUSB/host/usbh.o
                0x0800dd30                tuh_task_event_ready
 .text.tuh_task_ext
                0x0800dd80      0x34c ./TinyUSB/host/usbh.o
                0x0800dd80                tuh_task_ext
 .text._control_blocking_complete_cb
                0x0800e0cc       0x20 ./TinyUSB/host/usbh.o
 .text.tuh_control_xfer
                0x0800e0ec      0x210 ./TinyUSB/host/usbh.o
                0x0800e0ec                tuh_control_xfer
 .text._control_xfer_complete
                0x0800e2fc       0xa0 ./TinyUSB/host/usbh.o
 .text.usbh_control_xfer_cb
                0x0800e39c      0x2dc ./TinyUSB/host/usbh.o
 .text.tuh_edpt_abort_xfer
                0x0800e678      0x120 ./TinyUSB/host/usbh.o
                0x0800e678                tuh_edpt_abort_xfer
 .text.usbh_get_rhport
                0x0800e798       0x22 ./TinyUSB/host/usbh.o
                0x0800e798                usbh_get_rhport
 *fill*         0x0800e7ba        0x2 
 .text.usbh_get_enum_buf
                0x0800e7bc       0x14 ./TinyUSB/host/usbh.o
                0x0800e7bc                usbh_get_enum_buf
 .text.usbh_int_set
                0x0800e7d0       0x34 ./TinyUSB/host/usbh.o
                0x0800e7d0                usbh_int_set
 .text.usbh_spin_lock
                0x0800e804       0x34 ./TinyUSB/host/usbh.o
                0x0800e804                usbh_spin_lock
 .text.usbh_spin_unlock
                0x0800e838       0x34 ./TinyUSB/host/usbh.o
                0x0800e838                usbh_spin_unlock
 .text.usbh_edpt_claim
                0x0800e86c       0xb4 ./TinyUSB/host/usbh.o
                0x0800e86c                usbh_edpt_claim
 .text.usbh_edpt_release
                0x0800e920       0x9c ./TinyUSB/host/usbh.o
                0x0800e920                usbh_edpt_release
 .text.usbh_edpt_xfer_with_callback
                0x0800e9bc       0xe0 ./TinyUSB/host/usbh.o
                0x0800e9bc                usbh_edpt_xfer_with_callback
 .text.usbh_edpt_control_open
                0x0800ea9c       0x4c ./TinyUSB/host/usbh.o
 .text.tuh_edpt_open
                0x0800eae8       0x68 ./TinyUSB/host/usbh.o
                0x0800eae8                tuh_edpt_open
 .text.tuh_bus_info_get
                0x0800eb50       0x60 ./TinyUSB/host/usbh.o
                0x0800eb50                tuh_bus_info_get
 .text.hcd_event_handler
                0x0800ebb0      0x104 ./TinyUSB/host/usbh.o
                0x0800ebb0                hcd_event_handler
 .text.tuh_descriptor_get
                0x0800ecb4       0xc4 ./TinyUSB/host/usbh.o
                0x0800ecb4                tuh_descriptor_get
 .text.tuh_descriptor_get_device
                0x0800ed78       0x4a ./TinyUSB/host/usbh.o
                0x0800ed78                tuh_descriptor_get_device
 .text.tuh_descriptor_get_configuration
                0x0800edc2       0x38 ./TinyUSB/host/usbh.o
                0x0800edc2                tuh_descriptor_get_configuration
 .text.tuh_descriptor_get_string
                0x0800edfa       0xc4 ./TinyUSB/host/usbh.o
                0x0800edfa                tuh_descriptor_get_string
 *fill*         0x0800eebe        0x2 
 .text.tuh_address_set
                0x0800eec0       0xa8 ./TinyUSB/host/usbh.o
                0x0800eec0                tuh_address_set
 .text.tuh_configuration_set
                0x0800ef68       0x82 ./TinyUSB/host/usbh.o
                0x0800ef68                tuh_configuration_set
 *fill*         0x0800efea        0x2 
 .text.process_removed_device
                0x0800efec      0x118 ./TinyUSB/host/usbh.o
 .text.enum_new_device
                0x0800f104       0xe8 ./TinyUSB/host/usbh.o
 .text.process_enumeration
                0x0800f1ec      0x8e8 ./TinyUSB/host/usbh.o
 .text.enum_get_new_address
                0x0800fad4       0x6c ./TinyUSB/host/usbh.o
 .text.enum_parse_configuration_desc
                0x0800fb40      0x1f4 ./TinyUSB/host/usbh.o
 .text.usbh_driver_set_config_complete
                0x0800fd34       0xa4 ./TinyUSB/host/usbh.o
                0x0800fd34                usbh_driver_set_config_complete
 .text.enum_full_complete
                0x0800fdd8       0x18 ./TinyUSB/host/usbh.o
 .text.max3421_spi_lock
                0x0800fdf0       0x38 ./TinyUSB/portable/analog/max3421/hcd_max3421.o
 .text.max3421_spi_unlock
                0x0800fe28       0x38 ./TinyUSB/portable/analog/max3421/hcd_max3421.o
 .text.tuh_max3421_reg_read
                0x0800fe60       0x68 ./TinyUSB/portable/analog/max3421/hcd_max3421.o
                0x0800fe60                tuh_max3421_reg_read
 .text.tuh_max3421_reg_write
                0x0800fec8       0x70 ./TinyUSB/portable/analog/max3421/hcd_max3421.o
                0x0800fec8                tuh_max3421_reg_write
 .text.hwfifo_write
                0x0800ff38       0x64 ./TinyUSB/portable/analog/max3421/hcd_max3421.o
 .text.hwfifo_receive
                0x0800ff9c       0x64 ./TinyUSB/portable/analog/max3421/hcd_max3421.o
 .text.find_ep_not_addr0
                0x08010000       0x8c ./TinyUSB/portable/analog/max3421/hcd_max3421.o
 .text.free_ep  0x0801008c       0x54 ./TinyUSB/portable/analog/max3421/hcd_max3421.o
 .text.find_next_pending_ep
                0x080100e0      0x120 ./TinyUSB/portable/analog/max3421/hcd_max3421.o
 .text.hcd_init
                0x08010200      0x150 ./TinyUSB/portable/analog/max3421/hcd_max3421.o
                0x08010200                hcd_init
 .text.hcd_int_enable
                0x08010350       0x1c ./TinyUSB/portable/analog/max3421/hcd_max3421.o
                0x08010350                hcd_int_enable
 .text.hcd_int_disable
                0x0801036c       0x1c ./TinyUSB/portable/analog/max3421/hcd_max3421.o
                0x0801036c                hcd_int_disable
 .text.hcd_port_connect_status
                0x08010388       0x28 ./TinyUSB/portable/analog/max3421/hcd_max3421.o
                0x08010388                hcd_port_connect_status
 .text.hcd_port_reset
                0x080103b0       0x1e ./TinyUSB/portable/analog/max3421/hcd_max3421.o
                0x080103b0                hcd_port_reset
 .text.hcd_port_reset_end
                0x080103ce       0x1e ./TinyUSB/portable/analog/max3421/hcd_max3421.o
                0x080103ce                hcd_port_reset_end
 .text.hcd_port_speed_get
                0x080103ec       0x28 ./TinyUSB/portable/analog/max3421/hcd_max3421.o
                0x080103ec                hcd_port_speed_get
 .text.hcd_device_close
                0x08010414       0x1c ./TinyUSB/portable/analog/max3421/hcd_max3421.o
                0x08010414                hcd_device_close
 .text.hcd_edpt_open
                0x08010430      0x100 ./TinyUSB/portable/analog/max3421/hcd_max3421.o
                0x08010430                hcd_edpt_open
 .text.xact_out
                0x08010530      0x160 ./TinyUSB/portable/analog/max3421/hcd_max3421.o
 .text.xact_in  0x08010690       0xa0 ./TinyUSB/portable/analog/max3421/hcd_max3421.o
 .text.xact_setup
                0x08010730       0x8c ./TinyUSB/portable/analog/max3421/hcd_max3421.o
 .text.xact_generic
                0x080107bc       0xec ./TinyUSB/portable/analog/max3421/hcd_max3421.o
 .text.hcd_edpt_xfer
                0x080108a8      0x100 ./TinyUSB/portable/analog/max3421/hcd_max3421.o
                0x080108a8                hcd_edpt_xfer
 .text.hcd_edpt_abort_xfer
                0x080109a8       0xa8 ./TinyUSB/portable/analog/max3421/hcd_max3421.o
                0x080109a8                hcd_edpt_abort_xfer
 .text.hcd_setup_send
                0x08010a50       0xdc ./TinyUSB/portable/analog/max3421/hcd_max3421.o
                0x08010a50                hcd_setup_send
 .text.handle_connect_irq
                0x08010b2c      0x174 ./TinyUSB/portable/analog/max3421/hcd_max3421.o
 .text.xfer_complete_isr
                0x08010ca0      0x128 ./TinyUSB/portable/analog/max3421/hcd_max3421.o
 .text.handle_xfer_done
                0x08010dc8      0x2f8 ./TinyUSB/portable/analog/max3421/hcd_max3421.o
 .text.hcd_int_handler
                0x080110c0      0x300 ./TinyUSB/portable/analog/max3421/hcd_max3421.o
                0x080110c0                hcd_int_handler
 .text.tusb_time_delay_ms_api
                0x080113c0       0x2a ./TinyUSB/tusb.o
                0x080113c0                tusb_time_delay_ms_api
 *fill*         0x080113ea        0x2 
 .text.tusb_rhport_init
                0x080113ec       0xc8 ./TinyUSB/tusb.o
                0x080113ec                tusb_rhport_init
 .text.tu_edpt_claim
                0x080114b4       0x74 ./TinyUSB/tusb.o
                0x080114b4                tu_edpt_claim
 .text.tu_edpt_release
                0x08011528       0x54 ./TinyUSB/tusb.o
                0x08011528                tu_edpt_release
 .text.tu_edpt_validate
                0x0801157c      0x134 ./TinyUSB/tusb.o
                0x0801157c                tu_edpt_validate
 .text.tu_edpt_bind_driver
                0x080116b0       0x8a ./TinyUSB/tusb.o
                0x080116b0                tu_edpt_bind_driver
 .text.tu_desc_get_interface_total_len
                0x0801173a       0xc0 ./TinyUSB/tusb.o
                0x0801173a                tu_desc_get_interface_total_len
 .text.memcmp   0x080117fa       0x20 C:/ST/STM32CubeIDE2.1.1/STM32CubeIDE/plugins/com.st.stm32cube.ide.mcu.externaltools.gnu-tools-for-stm32.14.3.rel1.win32_1.0.100.202602081740/tools/bin/../lib/gcc/arm-none-eabi/14.3.1/../../../../arm-none-eabi/lib/thumb/v7e-m+dp/hard\libc_nano.a(libc_a-memcmp.o)
                0x080117fa                memcmp
 .text.memset   0x0801181a       0x10 C:/ST/STM32CubeIDE2.1.1/STM32CubeIDE/plugins/com.st.stm32cube.ide.mcu.externaltools.gnu-tools-for-stm32.14.3.rel1.win32_1.0.100.202602081740/tools/bin/../lib/gcc/arm-none-eabi/14.3.1/../../../../arm-none-eabi/lib/thumb/v7e-m+dp/hard\libc_nano.a(libc_a-memset.o)
                0x0801181a                memset
 .text.strchr   0x0801182a       0x1a C:/ST/STM32CubeIDE2.1.1/STM32CubeIDE/plugins/com.st.stm32cube.ide.mcu.externaltools.gnu-tools-for-stm32.14.3.rel1.win32_1.0.100.202602081740/tools/bin/../lib/gcc/arm-none-eabi/14.3.1/../../../../arm-none-eabi/lib/thumb/v7e-m+dp/hard\libc_nano.a(libc_a-strchr.o)
                0x0801182a                strchr
 .text.__libc_init_array
                0x08011844       0x48 C:/ST/STM32CubeIDE2.1.1/STM32CubeIDE/plugins/com.st.stm32cube.ide.mcu.externaltools.gnu-tools-for-stm32.14.3.rel1.win32_1.0.100.202602081740/tools/bin/../lib/gcc/arm-none-eabi/14.3.1/../../../../arm-none-eabi/lib/thumb/v7e-m+dp/hard\libc_nano.a(libc_a-init.o)
                0x08011844                __libc_init_array
 .text.memcpy   0x0801188c       0x1c C:/ST/STM32CubeIDE2.1.1/STM32CubeIDE/plugins/com.st.stm32cube.ide.mcu.externaltools.gnu-tools-for-stm32.14.3.rel1.win32_1.0.100.202602081740/tools/bin/../lib/gcc/arm-none-eabi/14.3.1/../../../../arm-none-eabi/lib/thumb/v7e-m+dp/hard\libc_nano.a(libc_a-memcpy-stub.o)
                0x0801188c                memcpy
 *(.glue_7)
 .glue_7        0x080118a8        0x0 linker stubs
 *(.glue_7t)
 .glue_7t       0x080118a8        0x0 linker stubs
 *(.eh_frame)
 .eh_frame      0x080118a8        0x0 C:/ST/STM32CubeIDE2.1.1/STM32CubeIDE/plugins/com.st.stm32cube.ide.mcu.externaltools.gnu-tools-for-stm32.14.3.rel1.win32_1.0.100.202602081740/tools/bin/../lib/gcc/arm-none-eabi/14.3.1/thumb/v7e-m+dp/hard/crtbegin.o
 *(.init)
 .init          0x080118a8        0x4 C:/ST/STM32CubeIDE2.1.1/STM32CubeIDE/plugins/com.st.stm32cube.ide.mcu.externaltools.gnu-tools-for-stm32.14.3.rel1.win32_1.0.100.202602081740/tools/bin/../lib/gcc/arm-none-eabi/14.3.1/thumb/v7e-m+dp/hard/crti.o
                0x080118a8                _init
 .init          0x080118ac        0x8 C:/ST/STM32CubeIDE2.1.1/STM32CubeIDE/plugins/com.st.stm32cube.ide.mcu.externaltools.gnu-tools-for-stm32.14.3.rel1.win32_1.0.100.202602081740/tools/bin/../lib/gcc/arm-none-eabi/14.3.1/thumb/v7e-m+dp/hard/crtn.o
 *(.fini)
 .fini          0x080118b4        0x4 C:/ST/STM32CubeIDE2.1.1/STM32CubeIDE/plugins/com.st.stm32cube.ide.mcu.externaltools.gnu-tools-for-stm32.14.3.rel1.win32_1.0.100.202602081740/tools/bin/../lib/gcc/arm-none-eabi/14.3.1/thumb/v7e-m+dp/hard/crti.o
                0x080118b4                _fini
 .fini          0x080118b8        0x8 C:/ST/STM32CubeIDE2.1.1/STM32CubeIDE/plugins/com.st.stm32cube.ide.mcu.externaltools.gnu-tools-for-stm32.14.3.rel1.win32_1.0.100.202602081740/tools/bin/../lib/gcc/arm-none-eabi/14.3.1/thumb/v7e-m+dp/hard/crtn.o
                0x080118c0                        . = ALIGN (0x4)
                0x080118c0                        _etext = .

.vfp11_veneer   0x080118c0        0x0
 .vfp11_veneer  0x080118c0        0x0 linker stubs

.v4_bx          0x080118c0        0x0
 .v4_bx         0x080118c0        0x0 linker stubs

.iplt           0x080118c0        0x0
 .iplt          0x080118c0        0x0 C:/ST/STM32CubeIDE2.1.1/STM32CubeIDE/plugins/com.st.stm32cube.ide.mcu.externaltools.gnu-tools-for-stm32.14.3.rel1.win32_1.0.100.202602081740/tools/bin/../lib/gcc/arm-none-eabi/14.3.1/thumb/v7e-m+dp/hard/crtbegin.o

.rodata         0x080118c0      0x8c0
                0x080118c0                        . = ALIGN (0x4)
 *(.rodata)
 .rodata        0x080118c0        0x2 ./Core/Src/main.o
 *fill*         0x080118c2        0x2 
 .rodata        0x080118c4       0x35 ./FATFS/ff.o
 *(.rodata*)
 *fill*         0x080118f9        0x3 
 .rodata.compareFlashToFile.str1.4
                0x080118fc      0x3de ./Core/Src/main.o
                                 0x94 (size before relaxing)
 .rodata.CopyFileToFlashMemory.str1.4
                0x08011cda       0xce ./Core/Src/main.o
 .rodata.inquiry_complete_cb.str1.4
                0x08011cda      0x227 ./Core/Src/main.o
 .rodata.main.str1.4
                0x08011cda       0x56 ./Core/Src/main.o
 *fill*         0x08011cda        0x2 
 .rodata.D1CorePrescTable
                0x08011cdc       0x10 ./Core/Src/system_stm32h7xx.o
                0x08011cdc                D1CorePrescTable
 .rodata.UARTPrescTable
                0x08011cec       0x18 ./Drivers/STM32H7xx_HAL_Driver/Src/stm32h7xx_hal_uart.o
                0x08011cec                UARTPrescTable
 .rodata.numerator.1
                0x08011d04        0x8 ./Drivers/STM32H7xx_HAL_Driver/Src/stm32h7xx_hal_uart_ex.o
 .rodata.denominator.0
                0x08011d0c        0x8 ./Drivers/STM32H7xx_HAL_Driver/Src/stm32h7xx_hal_uart_ex.o
 .rodata.GUID_MS_Basic
                0x08011d14       0x10 ./FATFS/ff.o
 .rodata.LfnOfs
                0x08011d24        0xd ./FATFS/ff.o
 *fill*         0x08011d31        0x3 
 .rodata.ExCvt  0x08011d34       0x80 ./FATFS/ff.o
 .rodata.uc437  0x08011db4      0x100 ./FATFS/ffunicode.o
 .rodata.cvt1.1
                0x08011eb4      0x1f2 ./FATFS/ffunicode.o
 *fill*         0x080120a6        0x2 
 .rodata.cvt2.0
                0x080120a8       0xbc ./FATFS/ffunicode.o
 .rodata.usbh_class_drivers
                0x08012164       0x1c ./TinyUSB/host/usbh.o
                0x08012180                        . = ALIGN (0x4)

.ARM.extab
 *(.ARM.extab* .gnu.linkonce.armextab.*)

.ARM            0x08012180        0x8
                0x08012180                        __exidx_start = .
 *(.ARM.exidx*)
 .ARM.exidx     0x08012180        0x8 C:/ST/STM32CubeIDE2.1.1/STM32CubeIDE/plugins/com.st.stm32cube.ide.mcu.externaltools.gnu-tools-for-stm32.14.3.rel1.win32_1.0.100.202602081740/tools/bin/../lib/gcc/arm-none-eabi/14.3.1/thumb/v7e-m+dp/hard\libgcc.a(_udivmoddi4.o)
                0x08012188                        __exidx_end = .

.preinit_array  0x08012188        0x0
                0x08012188                        PROVIDE (__preinit_array_start = .)
 *(.preinit_array*)
                0x08012188                        PROVIDE (__preinit_array_end = .)

.init_array     0x08012188        0x4
                0x08012188                        PROVIDE (__init_array_start = .)
 *(SORT_BY_NAME(.init_array.*))
 *(.init_array*)
 .init_array    0x08012188        0x4 C:/ST/STM32CubeIDE2.1.1/STM32CubeIDE/plugins/com.st.stm32cube.ide.mcu.externaltools.gnu-tools-for-stm32.14.3.rel1.win32_1.0.100.202602081740/tools/bin/../lib/gcc/arm-none-eabi/14.3.1/thumb/v7e-m+dp/hard/crtbegin.o
                0x0801218c                        PROVIDE (__init_array_end = .)

.fini_array     0x0801218c        0x4
                [!provide]                        PROVIDE (__fini_array_start = .)
 *(SORT_BY_NAME(.fini_array.*))
 *(.fini_array*)
 .fini_array    0x0801218c        0x4 C:/ST/STM32CubeIDE2.1.1/STM32CubeIDE/plugins/com.st.stm32cube.ide.mcu.externaltools.gnu-tools-for-stm32.14.3.rel1.win32_1.0.100.202602081740/tools/bin/../lib/gcc/arm-none-eabi/14.3.1/thumb/v7e-m+dp/hard/crtbegin.o
                [!provide]                        PROVIDE (__fini_array_end = .)
                0x08012190                        _sidata = LOADADDR (.data)

.rel.dyn        0x08012190        0x0
 .rel.iplt      0x08012190        0x0 C:/ST/STM32CubeIDE2.1.1/STM32CubeIDE/plugins/com.st.stm32cube.ide.mcu.externaltools.gnu-tools-for-stm32.14.3.rel1.win32_1.0.100.202602081740/tools/bin/../lib/gcc/arm-none-eabi/14.3.1/thumb/v7e-m+dp/hard/crtbegin.o

.data           0x24000000       0x44 load address 0x08012190
                0x24000000                        . = ALIGN (0x4)
                0x24000000                        _sdata = .
 *(.data)
 *(.data*)
 .data.SystemCoreClock
                0x24000000        0x4 ./Core/Src/system_stm32h7xx.o
                0x24000000                SystemCoreClock
 .data.SystemD2Clock
                0x24000004        0x4 ./Core/Src/system_stm32h7xx.o
                0x24000004                SystemD2Clock
 .data.uwTickPrio
                0x24000008        0x4 ./Drivers/STM32H7xx_HAL_Driver/Src/stm32h7xx_hal.o
                0x24000008                uwTickPrio
 .data.uwTickFreq
                0x2400000c        0x1 ./Drivers/STM32H7xx_HAL_Driver/Src/stm32h7xx_hal.o
                0x2400000c                uwTickFreq
 *fill*         0x2400000d        0x3 
 .data._usbh_spin
                0x24000010        0x4 ./TinyUSB/host/usbh.o
 .data._usbh_qdef
                0x24000014       0x10 ./TinyUSB/host/usbh.o
                0x24000014                _usbh_qdef
 .data._usbh_data
                0x24000024       0x1c ./TinyUSB/host/usbh.o
 .data._tuh_cfg
                0x24000040        0x3 ./TinyUSB/portable/analog/max3421/hcd_max3421.o
 *(.RamFunc)
 *(.RamFunc*)
                0x24000044                        . = ALIGN (0x4)
 *fill*         0x24000043        0x1 
                0x24000044                        _edata = .

.igot.plt       0x24000044        0x0 load address 0x080121d4
 .igot.plt      0x24000044        0x0 C:/ST/STM32CubeIDE2.1.1/STM32CubeIDE/plugins/com.st.stm32cube.ide.mcu.externaltools.gnu-tools-for-stm32.14.3.rel1.win32_1.0.100.202602081740/tools/bin/../lib/gcc/arm-none-eabi/14.3.1/thumb/v7e-m+dp/hard/crtbegin.o
                0x24000044                        . = ALIGN (0x4)

.bss            0x24000060     0x1de8 load address 0x080121d4
                0x24000060                        _sbss = .
                0x24000060                        __bss_start__ = _sbss
 *(.bss)
 .bss           0x24000060       0x1c C:/ST/STM32CubeIDE2.1.1/STM32CubeIDE/plugins/com.st.stm32cube.ide.mcu.externaltools.gnu-tools-for-stm32.14.3.rel1.win32_1.0.100.202602081740/tools/bin/../lib/gcc/arm-none-eabi/14.3.1/thumb/v7e-m+dp/hard/crtbegin.o
 *(.bss*)
 .bss.scsi_resp
                0x2400007c       0x24 ./Core/Src/main.o
 .bss.hspi2     0x240000a0       0x88 ./Core/Src/main.o
                0x240000a0                hspi2
 .bss.huart1    0x24000128       0x94 ./Core/Src/main.o
                0x24000128                huart1
 *fill*         0x240001bc        0x4 
 .bss.FatFs     0x240001c0      0x258 ./Core/Src/main.o
                0x240001c0                FatFs
 .bss.fwFile    0x24000418      0x260 ./Core/Src/main.o
                0x24000418                fwFile
 .bss.result    0x24000678        0x1 ./Core/Src/main.o
                0x24000678                result
 *fill*         0x24000679        0x3 
 .bss.fileSize  0x2400067c        0x4 ./Core/Src/main.o
                0x2400067c                fileSize
 .bss.fileBuffer
                0x24000680     0x1000 ./Core/Src/main.o
                0x24000680                fileBuffer
 .bss._disk_busy
                0x24001680        0x1 ./Core/Src/main.o
                0x24001680                _disk_busy
 .bss.dummy.0   0x24001681        0x1 ./Core/Src/main.o
 *fill*         0x24001682        0x2 
 .bss.htim6     0x24001684       0x4c ./Core/Src/stm32h7xx_hal_timebase_tim.o
                0x24001684                htim6
 .bss.uwTick    0x240016d0        0x4 ./Drivers/STM32H7xx_HAL_Driver/Src/stm32h7xx_hal.o
                0x240016d0                uwTick
 .bss.pFlash    0x240016d4       0x1c ./Drivers/STM32H7xx_HAL_Driver/Src/stm32h7xx_hal_flash.o
                0x240016d4                pFlash
 .bss.FatFs     0x240016f0        0x4 ./FATFS/ff.o
 .bss.Fsid      0x240016f4        0x2 ./FATFS/ff.o
 *fill*         0x240016f6        0x2 
 .bss.DirBuf    0x240016f8      0x260 ./FATFS/ff.o
 .bss.LfnBuf    0x24001958      0x200 ./FATFS/ff.o
 .bss._msch_itf
                0x24001b58       0x1c ./TinyUSB/class/msc/msc_host.o
 .bss._msch_epbuf
                0x24001b74       0x30 ./TinyUSB/class/msc/msc_host.o
 .bss._usbh_devices
                0x24001ba4       0x5e ./TinyUSB/host/usbh.o
 *fill*         0x24001c02        0x2 
 .bss._usbh_qdef_buf
                0x24001c04       0xc0 ./TinyUSB/host/usbh.o
                0x24001c04                _usbh_qdef_buf
 .bss._usbh_q   0x24001cc4        0x4 ./TinyUSB/host/usbh.o
 .bss._usbh_epbuf
                0x24001cc8      0x108 ./TinyUSB/host/usbh.o
 .bss._app_driver
                0x24001dd0        0x4 ./TinyUSB/host/usbh.o
 .bss._app_driver_count
                0x24001dd4        0x1 ./TinyUSB/host/usbh.o
 .bss.failed_count.0
                0x24001dd5        0x1 ./TinyUSB/host/usbh.o
 *fill*         0x24001dd6        0x2 
 .bss._hcd_data
                0x24001dd8       0x6c ./TinyUSB/portable/analog/max3421/hcd_max3421.o
 .bss._tusb_rhport_role
                0x24001e44        0x2 ./TinyUSB/tusb.o
                0x24001e44                _tusb_rhport_role
 *(COMMON)
                0x24001e48                        . = ALIGN (0x4)
 *fill*         0x24001e46        0x2 
                0x24001e48                        _ebss = .
                0x24001e48                        __bss_end__ = _ebss

._user_heap_stack
                0x24001e48      0x600 load address 0x080121d4
                0x24001e48                        . = ALIGN (0x8)
                [!provide]                        PROVIDE (end = .)
                0x24001e48                        PROVIDE (_end = .)
                0x24002048                        . = (. + _Min_Heap_Size)
 *fill*         0x24001e48      0x200 
                0x24002448                        . = (. + _Min_Stack_Size)
 *fill*         0x24002048      0x400 
                0x24002448                        . = ALIGN (0x8)

/DISCARD/
 libc.a(*)
 libm.a(*)
 libgcc.a(*)

.ARM.attributes
                0x00000000       0x2e
 *(.ARM.attributes)
 .ARM.attributes
                0x00000000       0x20 C:/ST/STM32CubeIDE2.1.1/STM32CubeIDE/plugins/com.st.stm32cube.ide.mcu.externaltools.gnu-tools-for-stm32.14.3.rel1.win32_1.0.100.202602081740/tools/bin/../lib/gcc/arm-none-eabi/14.3.1/thumb/v7e-m+dp/hard/crti.o
 .ARM.attributes
                0x00000020       0x32 C:/ST/STM32CubeIDE2.1.1/STM32CubeIDE/plugins/com.st.stm32cube.ide.mcu.externaltools.gnu-tools-for-stm32.14.3.rel1.win32_1.0.100.202602081740/tools/bin/../lib/gcc/arm-none-eabi/14.3.1/thumb/v7e-m+dp/hard/crtbegin.o
 .ARM.attributes
                0x00000052       0x32 ./Core/Src/main.o
 .ARM.attributes
                0x00000084       0x32 ./Core/Src/stm32h7xx_hal_msp.o
 .ARM.attributes
                0x000000b6       0x32 ./Core/Src/stm32h7xx_hal_timebase_tim.o
 .ARM.attributes
                0x000000e8       0x32 ./Core/Src/stm32h7xx_it.o
 .ARM.attributes
                0x0000011a       0x32 ./Core/Src/system_stm32h7xx.o
 .ARM.attributes
                0x0000014c       0x21 ./Core/Startup/startup_stm32h723vgtx.o
 .ARM.attributes
                0x0000016d       0x32 ./Drivers/STM32H7xx_HAL_Driver/Src/stm32h7xx_hal.o
 .ARM.attributes
                0x0000019f       0x32 ./Drivers/STM32H7xx_HAL_Driver/Src/stm32h7xx_hal_cortex.o
 .ARM.attributes
                0x000001d1       0x32 ./Drivers/STM32H7xx_HAL_Driver/Src/stm32h7xx_hal_flash.o
 .ARM.attributes
                0x00000203       0x32 ./Drivers/STM32H7xx_HAL_Driver/Src/stm32h7xx_hal_flash_ex.o
 .ARM.attributes
                0x00000235       0x32 ./Drivers/STM32H7xx_HAL_Driver/Src/stm32h7xx_hal_gpio.o
 .ARM.attributes
                0x00000267       0x32 ./Drivers/STM32H7xx_HAL_Driver/Src/stm32h7xx_hal_pwr.o
 .ARM.attributes
                0x00000299       0x32 ./Drivers/STM32H7xx_HAL_Driver/Src/stm32h7xx_hal_pwr_ex.o
 .ARM.attributes
                0x000002cb       0x32 ./Drivers/STM32H7xx_HAL_Driver/Src/stm32h7xx_hal_rcc.o
 .ARM.attributes
                0x000002fd       0x32 ./Drivers/STM32H7xx_HAL_Driver/Src/stm32h7xx_hal_rcc_ex.o
 .ARM.attributes
                0x0000032f       0x32 ./Drivers/STM32H7xx_HAL_Driver/Src/stm32h7xx_hal_spi.o
 .ARM.attributes
                0x00000361       0x32 ./Drivers/STM32H7xx_HAL_Driver/Src/stm32h7xx_hal_tim.o
 .ARM.attributes
                0x00000393       0x32 ./Drivers/STM32H7xx_HAL_Driver/Src/stm32h7xx_hal_tim_ex.o
 .ARM.attributes
                0x000003c5       0x32 ./Drivers/STM32H7xx_HAL_Driver/Src/stm32h7xx_hal_uart.o
 .ARM.attributes
                0x000003f7       0x32 ./Drivers/STM32H7xx_HAL_Driver/Src/stm32h7xx_hal_uart_ex.o
 .ARM.attributes
                0x00000429       0x32 ./FATFS/ff.o
 .ARM.attributes
                0x0000045b       0x32 ./FATFS/ffunicode.o
 .ARM.attributes
                0x0000048d       0x32 ./TinyUSB/class/msc/msc_host.o
 .ARM.attributes
                0x000004bf       0x32 ./TinyUSB/common/tusb_fifo.o
 .ARM.attributes
                0x000004f1       0x32 ./TinyUSB/host/usbh.o
 .ARM.attributes
                0x00000523       0x32 ./TinyUSB/portable/analog/max3421/hcd_max3421.o
 .ARM.attributes
                0x00000555       0x32 ./TinyUSB/tusb.o
 .ARM.attributes
                0x00000587       0x32 C:/ST/STM32CubeIDE2.1.1/STM32CubeIDE/plugins/com.st.stm32cube.ide.mcu.externaltools.gnu-tools-for-stm32.14.3.rel1.win32_1.0.100.202602081740/tools/bin/../lib/gcc/arm-none-eabi/14.3.1/../../../../arm-none-eabi/lib/thumb/v7e-m+dp/hard\libc_nano.a(libc_a-memcmp.o)
 .ARM.attributes
                0x000005b9       0x32 C:/ST/STM32CubeIDE2.1.1/STM32CubeIDE/plugins/com.st.stm32cube.ide.mcu.externaltools.gnu-tools-for-stm32.14.3.rel1.win32_1.0.100.202602081740/tools/bin/../lib/gcc/arm-none-eabi/14.3.1/../../../../arm-none-eabi/lib/thumb/v7e-m+dp/hard\libc_nano.a(libc_a-memset.o)
 .ARM.attributes
                0x000005eb       0x32 C:/ST/STM32CubeIDE2.1.1/STM32CubeIDE/plugins/com.st.stm32cube.ide.mcu.externaltools.gnu-tools-for-stm32.14.3.rel1.win32_1.0.100.202602081740/tools/bin/../lib/gcc/arm-none-eabi/14.3.1/../../../../arm-none-eabi/lib/thumb/v7e-m+dp/hard\libc_nano.a(libc_a-strchr.o)
 .ARM.attributes
                0x0000061d       0x32 C:/ST/STM32CubeIDE2.1.1/STM32CubeIDE/plugins/com.st.stm32cube.ide.mcu.externaltools.gnu-tools-for-stm32.14.3.rel1.win32_1.0.100.202602081740/tools/bin/../lib/gcc/arm-none-eabi/14.3.1/../../../../arm-none-eabi/lib/thumb/v7e-m+dp/hard\libc_nano.a(libc_a-init.o)
 .ARM.attributes
                0x0000064f       0x32 C:/ST/STM32CubeIDE2.1.1/STM32CubeIDE/plugins/com.st.stm32cube.ide.mcu.externaltools.gnu-tools-for-stm32.14.3.rel1.win32_1.0.100.202602081740/tools/bin/../lib/gcc/arm-none-eabi/14.3.1/../../../../arm-none-eabi/lib/thumb/v7e-m+dp/hard\libc_nano.a(libc_a-memcpy-stub.o)
 .ARM.attributes
                0x00000681       0x20 C:/ST/STM32CubeIDE2.1.1/STM32CubeIDE/plugins/com.st.stm32cube.ide.mcu.externaltools.gnu-tools-for-stm32.14.3.rel1.win32_1.0.100.202602081740/tools/bin/../lib/gcc/arm-none-eabi/14.3.1/thumb/v7e-m+dp/hard\libgcc.a(_aeabi_uldivmod.o)
 .ARM.attributes
                0x000006a1       0x32 C:/ST/STM32CubeIDE2.1.1/STM32CubeIDE/plugins/com.st.stm32cube.ide.mcu.externaltools.gnu-tools-for-stm32.14.3.rel1.win32_1.0.100.202602081740/tools/bin/../lib/gcc/arm-none-eabi/14.3.1/thumb/v7e-m+dp/hard\libgcc.a(_udivmoddi4.o)
 .ARM.attributes
                0x000006d3       0x20 C:/ST/STM32CubeIDE2.1.1/STM32CubeIDE/plugins/com.st.stm32cube.ide.mcu.externaltools.gnu-tools-for-stm32.14.3.rel1.win32_1.0.100.202602081740/tools/bin/../lib/gcc/arm-none-eabi/14.3.1/thumb/v7e-m+dp/hard\libgcc.a(_dvmd_tls.o)
 .ARM.attributes
                0x000006f3       0x20 C:/ST/STM32CubeIDE2.1.1/STM32CubeIDE/plugins/com.st.stm32cube.ide.mcu.externaltools.gnu-tools-for-stm32.14.3.rel1.win32_1.0.100.202602081740/tools/bin/../lib/gcc/arm-none-eabi/14.3.1/thumb/v7e-m+dp/hard/crtn.o
OUTPUT(H723_MAX3421 FAT_R0.16.elf elf32-littlearm)
LOAD linker stubs
LOAD C:/ST/STM32CubeIDE2.1.1/STM32CubeIDE/plugins/com.st.stm32cube.ide.mcu.externaltools.gnu-tools-for-stm32.14.3.rel1.win32_1.0.100.202602081740/tools/bin/../lib/gcc/arm-none-eabi/14.3.1/../../../../arm-none-eabi/lib/thumb/v7e-m+dp/hard\libc.a
LOAD C:/ST/STM32CubeIDE2.1.1/STM32CubeIDE/plugins/com.st.stm32cube.ide.mcu.externaltools.gnu-tools-for-stm32.14.3.rel1.win32_1.0.100.202602081740/tools/bin/../lib/gcc/arm-none-eabi/14.3.1/../../../../arm-none-eabi/lib/thumb/v7e-m+dp/hard\libm.a
LOAD C:/ST/STM32CubeIDE2.1.1/STM32CubeIDE/plugins/com.st.stm32cube.ide.mcu.externaltools.gnu-tools-for-stm32.14.3.rel1.win32_1.0.100.202602081740/tools/bin/../lib/gcc/arm-none-eabi/14.3.1/thumb/v7e-m+dp/hard\libgcc.a

.debug_info     0x00000000    0x27b16
 .debug_info    0x00000000     0x3c38 ./Core/Src/main.o
 .debug_info    0x00003c38     0x146c ./Core/Src/stm32h7xx_hal_msp.o
 .debug_info    0x000050a4     0x109d ./Core/Src/stm32h7xx_hal_timebase_tim.o
 .debug_info    0x00006141      0x974 ./Core/Src/stm32h7xx_it.o
 .debug_info    0x00006ab5      0xbff ./Core/Src/system_stm32h7xx.o
 .debug_info    0x000076b4       0x30 ./Core/Startup/startup_stm32h723vgtx.o
 .debug_info    0x000076e4     0x1698 ./Drivers/STM32H7xx_HAL_Driver/Src/stm32h7xx_hal.o
 .debug_info    0x00008d7c     0x10b2 ./Drivers/STM32H7xx_HAL_Driver/Src/stm32h7xx_hal_cortex.o
 .debug_info    0x00009e2e      0x75c ./Drivers/STM32H7xx_HAL_Driver/Src/stm32h7xx_hal_flash.o
 .debug_info    0x0000a58a      0xc04 ./Drivers/STM32H7xx_HAL_Driver/Src/stm32h7xx_hal_flash_ex.o
 .debug_info    0x0000b18e      0xc6b ./Drivers/STM32H7xx_HAL_Driver/Src/stm32h7xx_hal_gpio.o
 .debug_info    0x0000bdf9      0x90e ./Drivers/STM32H7xx_HAL_Driver/Src/stm32h7xx_hal_pwr.o
 .debug_info    0x0000c707      0xddb ./Drivers/STM32H7xx_HAL_Driver/Src/stm32h7xx_hal_pwr_ex.o
 .debug_info    0x0000d4e2      0xd8c ./Drivers/STM32H7xx_HAL_Driver/Src/stm32h7xx_hal_rcc.o
 .debug_info    0x0000e26e     0x120b ./Drivers/STM32H7xx_HAL_Driver/Src/stm32h7xx_hal_rcc_ex.o
 .debug_info    0x0000f479     0x1454 ./Drivers/STM32H7xx_HAL_Driver/Src/stm32h7xx_hal_spi.o
 .debug_info    0x000108cd     0x2bae ./Drivers/STM32H7xx_HAL_Driver/Src/stm32h7xx_hal_tim.o
 .debug_info    0x0001347b     0x18c1 ./Drivers/STM32H7xx_HAL_Driver/Src/stm32h7xx_hal_tim_ex.o
 .debug_info    0x00014d3c     0x4b53 ./Drivers/STM32H7xx_HAL_Driver/Src/stm32h7xx_hal_uart.o
 .debug_info    0x0001988f      0xfbe ./Drivers/STM32H7xx_HAL_Driver/Src/stm32h7xx_hal_uart_ex.o
 .debug_info    0x0001a84d     0x2743 ./FATFS/ff.o
 .debug_info    0x0001cf90      0x261 ./FATFS/ffunicode.o
 .debug_info    0x0001d1f1     0x1b14 ./TinyUSB/class/msc/msc_host.o
 .debug_info    0x0001ed05     0x13b0 ./TinyUSB/common/tusb_fifo.o
 .debug_info    0x000200b5     0x3f99 ./TinyUSB/host/usbh.o
 .debug_info    0x0002404e     0x2232 ./TinyUSB/portable/analog/max3421/hcd_max3421.o
 .debug_info    0x00026280     0x1896 ./TinyUSB/tusb.o

.debug_abbrev   0x00000000     0x4950
 .debug_abbrev  0x00000000      0x52c ./Core/Src/main.o
 .debug_abbrev  0x0000052c      0x206 ./Core/Src/stm32h7xx_hal_msp.o
 .debug_abbrev  0x00000732      0x212 ./Core/Src/stm32h7xx_hal_timebase_tim.o
 .debug_abbrev  0x00000944      0x1b1 ./Core/Src/stm32h7xx_it.o
 .debug_abbrev  0x00000af5      0x153 ./Core/Src/system_stm32h7xx.o
 .debug_abbrev  0x00000c48       0x24 ./Core/Startup/startup_stm32h723vgtx.o
 .debug_abbrev  0x00000c6c      0x29e ./Drivers/STM32H7xx_HAL_Driver/Src/stm32h7xx_hal.o
 .debug_abbrev  0x00000f0a      0x339 ./Drivers/STM32H7xx_HAL_Driver/Src/stm32h7xx_hal_cortex.o
 .debug_abbrev  0x00001243      0x252 ./Drivers/STM32H7xx_HAL_Driver/Src/stm32h7xx_hal_flash.o
 .debug_abbrev  0x00001495      0x23d ./Drivers/STM32H7xx_HAL_Driver/Src/stm32h7xx_hal_flash_ex.o
 .debug_abbrev  0x000016d2      0x205 ./Drivers/STM32H7xx_HAL_Driver/Src/stm32h7xx_hal_gpio.o
 .debug_abbrev  0x000018d7      0x18e ./Drivers/STM32H7xx_HAL_Driver/Src/stm32h7xx_hal_pwr.o
 .debug_abbrev  0x00001a65      0x295 ./Drivers/STM32H7xx_HAL_Driver/Src/stm32h7xx_hal_pwr_ex.o
 .debug_abbrev  0x00001cfa      0x2b1 ./Drivers/STM32H7xx_HAL_Driver/Src/stm32h7xx_hal_rcc.o
 .debug_abbrev  0x00001fab      0x269 ./Drivers/STM32H7xx_HAL_Driver/Src/stm32h7xx_hal_rcc_ex.o
 .debug_abbrev  0x00002214      0x2ba ./Drivers/STM32H7xx_HAL_Driver/Src/stm32h7xx_hal_spi.o
 .debug_abbrev  0x000024ce      0x276 ./Drivers/STM32H7xx_HAL_Driver/Src/stm32h7xx_hal_tim.o
 .debug_abbrev  0x00002744      0x296 ./Drivers/STM32H7xx_HAL_Driver/Src/stm32h7xx_hal_tim_ex.o
 .debug_abbrev  0x000029da      0x33d ./Drivers/STM32H7xx_HAL_Driver/Src/stm32h7xx_hal_uart.o
 .debug_abbrev  0x00002d17      0x2d2 ./Drivers/STM32H7xx_HAL_Driver/Src/stm32h7xx_hal_uart_ex.o
 .debug_abbrev  0x00002fe9      0x26b ./FATFS/ff.o
 .debug_abbrev  0x00003254       0xcf ./FATFS/ffunicode.o
 .debug_abbrev  0x00003323      0x4f8 ./TinyUSB/class/msc/msc_host.o
 .debug_abbrev  0x0000381b      0x337 ./TinyUSB/common/tusb_fifo.o
 .debug_abbrev  0x00003b52      0x5aa ./TinyUSB/host/usbh.o
 .debug_abbrev  0x000040fc      0x401 ./TinyUSB/portable/analog/max3421/hcd_max3421.o
 .debug_abbrev  0x000044fd      0x453 ./TinyUSB/tusb.o

.debug_aranges  0x00000000     0x1cd8
 .debug_aranges
                0x00000000       0xf8 ./Core/Src/main.o
 .debug_aranges
                0x000000f8       0x40 ./Core/Src/stm32h7xx_hal_msp.o
 .debug_aranges
                0x00000138       0x30 ./Core/Src/stm32h7xx_hal_timebase_tim.o
 .debug_aranges
                0x00000168       0x70 ./Core/Src/stm32h7xx_it.o
 .debug_aranges
                0x000001d8       0x30 ./Core/Src/system_stm32h7xx.o
 .debug_aranges
                0x00000208       0x28 ./Core/Startup/startup_stm32h723vgtx.o
 .debug_aranges
                0x00000230      0x1c8 ./Drivers/STM32H7xx_HAL_Driver/Src/stm32h7xx_hal.o
 .debug_aranges
                0x000003f8      0x130 ./Drivers/STM32H7xx_HAL_Driver/Src/stm32h7xx_hal_cortex.o
 .debug_aranges
                0x00000528       0x88 ./Drivers/STM32H7xx_HAL_Driver/Src/stm32h7xx_hal_flash.o
 .debug_aranges
                0x000005b0      0x108 ./Drivers/STM32H7xx_HAL_Driver/Src/stm32h7xx_hal_flash_ex.o
 .debug_aranges
                0x000006b8       0x58 ./Drivers/STM32H7xx_HAL_Driver/Src/stm32h7xx_hal_gpio.o
 .debug_aranges
                0x00000710       0xa0 ./Drivers/STM32H7xx_HAL_Driver/Src/stm32h7xx_hal_pwr.o
 .debug_aranges
                0x000007b0      0x148 ./Drivers/STM32H7xx_HAL_Driver/Src/stm32h7xx_hal_pwr_ex.o
 .debug_aranges
                0x000008f8       0x88 ./Drivers/STM32H7xx_HAL_Driver/Src/stm32h7xx_hal_rcc.o
 .debug_aranges
                0x00000980       0xf8 ./Drivers/STM32H7xx_HAL_Driver/Src/stm32h7xx_hal_rcc_ex.o
 .debug_aranges
                0x00000a78      0x1a8 ./Drivers/STM32H7xx_HAL_Driver/Src/stm32h7xx_hal_spi.o
 .debug_aranges
                0x00000c20      0x3e0 ./Drivers/STM32H7xx_HAL_Driver/Src/stm32h7xx_hal_tim.o
 .debug_aranges
                0x00001000      0x198 ./Drivers/STM32H7xx_HAL_Driver/Src/stm32h7xx_hal_tim_ex.o
 .debug_aranges
                0x00001198      0x248 ./Drivers/STM32H7xx_HAL_Driver/Src/stm32h7xx_hal_uart.o
 .debug_aranges
                0x000013e0       0xa8 ./Drivers/STM32H7xx_HAL_Driver/Src/stm32h7xx_hal_uart_ex.o
 .debug_aranges
                0x00001488      0x248 ./FATFS/ff.o
 .debug_aranges
                0x000016d0       0x30 ./FATFS/ffunicode.o
 .debug_aranges
                0x00001700       0xd0 ./TinyUSB/class/msc/msc_host.o
 .debug_aranges
                0x000017d0      0x118 ./TinyUSB/common/tusb_fifo.o
 .debug_aranges
                0x000018e8      0x208 ./TinyUSB/host/usbh.o
 .debug_aranges
                0x00001af0      0x128 ./TinyUSB/portable/analog/max3421/hcd_max3421.o
 .debug_aranges
                0x00001c18       0xc0 ./TinyUSB/tusb.o

.debug_rnglists
                0x00000000     0x17c3
 .debug_rnglists
                0x00000000       0xcc ./Core/Src/main.o
 .debug_rnglists
                0x000000cc       0x2d ./Core/Src/stm32h7xx_hal_msp.o
 .debug_rnglists
                0x000000f9       0x20 ./Core/Src/stm32h7xx_hal_timebase_tim.o
 .debug_rnglists
                0x00000119       0x4f ./Core/Src/stm32h7xx_it.o
 .debug_rnglists
                0x00000168       0x21 ./Core/Src/system_stm32h7xx.o
 .debug_rnglists
                0x00000189       0x19 ./Core/Startup/startup_stm32h723vgtx.o
 .debug_rnglists
                0x000001a2      0x155 ./Drivers/STM32H7xx_HAL_Driver/Src/stm32h7xx_hal.o
 .debug_rnglists
                0x000002f7       0xe0 ./Drivers/STM32H7xx_HAL_Driver/Src/stm32h7xx_hal_cortex.o
 .debug_rnglists
                0x000003d7       0x66 ./Drivers/STM32H7xx_HAL_Driver/Src/stm32h7xx_hal_flash.o
 .debug_rnglists
                0x0000043d       0xc7 ./Drivers/STM32H7xx_HAL_Driver/Src/stm32h7xx_hal_flash_ex.o
 .debug_rnglists
                0x00000504       0x3f ./Drivers/STM32H7xx_HAL_Driver/Src/stm32h7xx_hal_gpio.o
 .debug_rnglists
                0x00000543       0x74 ./Drivers/STM32H7xx_HAL_Driver/Src/stm32h7xx_hal_pwr.o
 .debug_rnglists
                0x000005b7       0xf5 ./Drivers/STM32H7xx_HAL_Driver/Src/stm32h7xx_hal_pwr_ex.o
 .debug_rnglists
                0x000006ac       0x68 ./Drivers/STM32H7xx_HAL_Driver/Src/stm32h7xx_hal_rcc.o
 .debug_rnglists
                0x00000714       0xc0 ./Drivers/STM32H7xx_HAL_Driver/Src/stm32h7xx_hal_rcc_ex.o
 .debug_rnglists
                0x000007d4      0x148 ./Drivers/STM32H7xx_HAL_Driver/Src/stm32h7xx_hal_spi.o
 .debug_rnglists
                0x0000091c      0x32c ./Drivers/STM32H7xx_HAL_Driver/Src/stm32h7xx_hal_tim.o
 .debug_rnglists
                0x00000c48      0x14d ./Drivers/STM32H7xx_HAL_Driver/Src/stm32h7xx_hal_tim_ex.o
 .debug_rnglists
                0x00000d95      0x1f8 ./Drivers/STM32H7xx_HAL_Driver/Src/stm32h7xx_hal_uart.o
 .debug_rnglists
                0x00000f8d       0x7f ./Drivers/STM32H7xx_HAL_Driver/Src/stm32h7xx_hal_uart_ex.o
 .debug_rnglists
                0x0000100c      0x200 ./FATFS/ff.o
 .debug_rnglists
                0x0000120c       0x20 ./FATFS/ffunicode.o
 .debug_rnglists
                0x0000122c       0xb0 ./TinyUSB/class/msc/msc_host.o
 .debug_rnglists
                0x000012dc       0xd5 ./TinyUSB/common/tusb_fifo.o
 .debug_rnglists
                0x000013b1      0x26e ./TinyUSB/host/usbh.o
 .debug_rnglists
                0x0000161f       0xf7 ./TinyUSB/portable/analog/max3421/hcd_max3421.o
 .debug_rnglists
                0x00001716       0xad ./TinyUSB/tusb.o

.debug_macro    0x00000000    0x3769b
 .debug_macro   0x00000000      0x4dd ./Core/Src/main.o
 .debug_macro   0x000004dd      0xaf6 ./Core/Src/main.o
 .debug_macro   0x00000fd3      0x23e ./Core/Src/main.o
 .debug_macro   0x00001211       0x2e ./Core/Src/main.o
 .debug_macro   0x0000123f       0x3b ./Core/Src/main.o
 .debug_macro   0x0000127a       0x22 ./Core/Src/main.o
 .debug_macro   0x0000129c       0x8e ./Core/Src/main.o
 .debug_macro   0x0000132a       0x51 ./Core/Src/main.o
 .debug_macro   0x0000137b      0x103 ./Core/Src/main.o
 .debug_macro   0x0000147e       0x6a ./Core/Src/main.o
 .debug_macro   0x000014e8      0x1df ./Core/Src/main.o
 .debug_macro   0x000016c7       0x1c ./Core/Src/main.o
 .debug_macro   0x000016e3       0x22 ./Core/Src/main.o
 .debug_macro   0x00001705       0xfb ./Core/Src/main.o
 .debug_macro   0x00001800     0x1313 ./Core/Src/main.o
 .debug_macro   0x00002b13      0x11f ./Core/Src/main.o
 .debug_macro   0x00002c32       0x22 ./Core/Src/main.o
 .debug_macro   0x00002c54    0x216c1 ./Core/Src/main.o
 .debug_macro   0x00024315       0x6d ./Core/Src/main.o
 .debug_macro   0x00024382     0x3d64 ./Core/Src/main.o
 .debug_macro   0x000280e6      0x190 ./Core/Src/main.o
 .debug_macro   0x00028276       0x61 ./Core/Src/main.o
 .debug_macro   0x000282d7       0x29 ./Core/Src/main.o
 .debug_macro   0x00028300       0x43 ./Core/Src/main.o
 .debug_macro   0x00028343       0x34 ./Core/Src/main.o
 .debug_macro   0x00028377      0x364 ./Core/Src/main.o
 .debug_macro   0x000286db       0x16 ./Core/Src/main.o
 .debug_macro   0x000286f1       0x4a ./Core/Src/main.o
 .debug_macro   0x0002873b       0x34 ./Core/Src/main.o
 .debug_macro   0x0002876f       0x10 ./Core/Src/main.o
 .debug_macro   0x0002877f       0x58 ./Core/Src/main.o
 .debug_macro   0x000287d7       0x8e ./Core/Src/main.o
 .debug_macro   0x00028865       0x1c ./Core/Src/main.o
 .debug_macro   0x00028881      0x17e ./Core/Src/main.o
 .debug_macro   0x000289ff      0x19b ./Core/Src/main.o
 .debug_macro   0x00028b9a       0x5d ./Core/Src/main.o
 .debug_macro   0x00028bf7     0x2462 ./Core/Src/main.o
 .debug_macro   0x0002b059     0x1079 ./Core/Src/main.o
 .debug_macro   0x0002c0d2      0x154 ./Core/Src/main.o
 .debug_macro   0x0002c226      0x114 ./Core/Src/main.o
 .debug_macro   0x0002c33a      0x3fc ./Core/Src/main.o
 .debug_macro   0x0002c736       0xac ./Core/Src/main.o
 .debug_macro   0x0002c7e2      0x788 ./Core/Src/main.o
 .debug_macro   0x0002cf6a      0x228 ./Core/Src/main.o
 .debug_macro   0x0002d192       0x66 ./Core/Src/main.o
 .debug_macro   0x0002d1f8      0x3a6 ./Core/Src/main.o
 .debug_macro   0x0002d59e      0x3f9 ./Core/Src/main.o
 .debug_macro   0x0002d997      0x275 ./Core/Src/main.o
 .debug_macro   0x0002dc0c      0x3ca ./Core/Src/main.o
 .debug_macro   0x0002dfd6      0x45c ./Core/Src/main.o
 .debug_macro   0x0002e432       0x3c ./Core/Src/main.o
 .debug_macro   0x0002e46e       0x4a ./Core/Src/main.o
 .debug_macro   0x0002e4b8      0x22c ./Core/Src/main.o
 .debug_macro   0x0002e6e4       0x67 ./Core/Src/main.o
 .debug_macro   0x0002e74b       0xa5 ./Core/Src/main.o
 .debug_macro   0x0002e7f0      0x1c4 ./Core/Src/main.o
 .debug_macro   0x0002e9b4      0x22a ./Core/Src/main.o
 .debug_macro   0x0002ebde       0x35 ./Core/Src/main.o
 .debug_macro   0x0002ec13      0x5e4 ./Core/Src/main.o
 .debug_macro   0x0002f1f7       0xc1 ./Core/Src/main.o
 .debug_macro   0x0002f2b8      0xb24 ./Core/Src/main.o
 .debug_macro   0x0002fddc      0x29f ./Core/Src/main.o
 .debug_macro   0x0003007b      0x693 ./Core/Src/main.o
 .debug_macro   0x0003070e       0xa6 ./Core/Src/main.o
 .debug_macro   0x000307b4      0x5f2 ./Core/Src/main.o
 .debug_macro   0x00030da6       0x2e ./Core/Src/main.o
 .debug_macro   0x00030dd4       0x58 ./Core/Src/main.o
 .debug_macro   0x00030e2c       0x16 ./Core/Src/main.o
 .debug_macro   0x00030e42       0x3c ./Core/Src/main.o
 .debug_macro   0x00030e7e       0x20 ./Core/Src/main.o
 .debug_macro   0x00030e9e       0x70 ./Core/Src/main.o
 .debug_macro   0x00030f0e       0x22 ./Core/Src/main.o
 .debug_macro   0x00030f30       0x10 ./Core/Src/main.o
 .debug_macro   0x00030f40      0x460 ./Core/Src/main.o
 .debug_macro   0x000313a0       0x1c ./Core/Src/main.o
 .debug_macro   0x000313bc       0x1c ./Core/Src/main.o
 .debug_macro   0x000313d8       0x16 ./Core/Src/main.o
 .debug_macro   0x000313ee      0x146 ./Core/Src/main.o
 .debug_macro   0x00031534      0x160 ./Core/Src/main.o
 .debug_macro   0x00031694      0x387 ./Core/Src/main.o
 .debug_macro   0x00031a1b       0x7c ./Core/Src/main.o
 .debug_macro   0x00031a97       0x64 ./Core/Src/main.o
 .debug_macro   0x00031afb      0x1c4 ./Core/Src/main.o
 .debug_macro   0x00031cbf       0x46 ./Core/Src/main.o
 .debug_macro   0x00031d05       0x3c ./Core/Src/main.o
 .debug_macro   0x00031d41       0xc3 ./Core/Src/main.o
 .debug_macro   0x00031e04       0x25 ./Core/Src/main.o
 .debug_macro   0x00031e29       0x28 ./Core/Src/main.o
 .debug_macro   0x00031e51       0x25 ./Core/Src/main.o
 .debug_macro   0x00031e76       0x1f ./Core/Src/main.o
 .debug_macro   0x00031e95       0x39 ./Core/Src/main.o
 .debug_macro   0x00031ece       0x27 ./Core/Src/main.o
 .debug_macro   0x00031ef5      0x119 ./Core/Src/main.o
 .debug_macro   0x0003200e       0xe8 ./Core/Src/main.o
 .debug_macro   0x000320f6       0x94 ./Core/Src/main.o
 .debug_macro   0x0003218a      0x2dd ./Core/Src/stm32h7xx_hal_msp.o
 .debug_macro   0x00032467      0x2ce ./Core/Src/stm32h7xx_hal_timebase_tim.o
 .debug_macro   0x00032735      0x444 ./Core/Src/stm32h7xx_it.o
 .debug_macro   0x00032b79       0x10 ./Core/Src/stm32h7xx_it.o
 .debug_macro   0x00032b89       0x1c ./Core/Src/stm32h7xx_it.o
 .debug_macro   0x00032ba5      0x2ce ./Core/Src/system_stm32h7xx.o
 .debug_macro   0x00032e73      0x2f8 ./Drivers/STM32H7xx_HAL_Driver/Src/stm32h7xx_hal.o
 .debug_macro   0x0003316b      0x2ce ./Drivers/STM32H7xx_HAL_Driver/Src/stm32h7xx_hal_cortex.o
 .debug_macro   0x00033439      0x2d4 ./Drivers/STM32H7xx_HAL_Driver/Src/stm32h7xx_hal_flash.o
 .debug_macro   0x0003370d      0x2d4 ./Drivers/STM32H7xx_HAL_Driver/Src/stm32h7xx_hal_flash_ex.o
 .debug_macro   0x000339e1      0x2d5 ./Drivers/STM32H7xx_HAL_Driver/Src/stm32h7xx_hal_gpio.o
 .debug_macro   0x00033cb6      0x2f2 ./Drivers/STM32H7xx_HAL_Driver/Src/stm32h7xx_hal_pwr.o
 .debug_macro   0x00033fa8      0x307 ./Drivers/STM32H7xx_HAL_Driver/Src/stm32h7xx_hal_pwr_ex.o
 .debug_macro   0x000342af      0x2f2 ./Drivers/STM32H7xx_HAL_Driver/Src/stm32h7xx_hal_rcc.o
 .debug_macro   0x000345a1      0x2ec ./Drivers/STM32H7xx_HAL_Driver/Src/stm32h7xx_hal_rcc_ex.o
 .debug_macro   0x0003488d      0x2d6 ./Drivers/STM32H7xx_HAL_Driver/Src/stm32h7xx_hal_spi.o
 .debug_macro   0x00034b63      0x2cf ./Drivers/STM32H7xx_HAL_Driver/Src/stm32h7xx_hal_tim.o
 .debug_macro   0x00034e32      0x2d4 ./Drivers/STM32H7xx_HAL_Driver/Src/stm32h7xx_hal_tim_ex.o
 .debug_macro   0x00035106      0x2f9 ./Drivers/STM32H7xx_HAL_Driver/Src/stm32h7xx_hal_uart.o
 .debug_macro   0x000353ff      0x2da ./Drivers/STM32H7xx_HAL_Driver/Src/stm32h7xx_hal_uart_ex.o
 .debug_macro   0x000356d9      0x69f ./FATFS/ff.o
 .debug_macro   0x00035d78       0x10 ./FATFS/ff.o
 .debug_macro   0x00035d88       0xe2 ./FATFS/ff.o
 .debug_macro   0x00035e6a       0x8d ./FATFS/ffunicode.o
 .debug_macro   0x00035ef7      0x438 ./TinyUSB/class/msc/msc_host.o
 .debug_macro   0x0003632f       0x2e ./TinyUSB/class/msc/msc_host.o
 .debug_macro   0x0003635d       0x10 ./TinyUSB/class/msc/msc_host.o
 .debug_macro   0x0003636d       0x22 ./TinyUSB/class/msc/msc_host.o
 .debug_macro   0x0003638f      0x40a ./TinyUSB/common/tusb_fifo.o
 .debug_macro   0x00036799       0x3a ./TinyUSB/common/tusb_fifo.o
 .debug_macro   0x000367d3       0x89 ./TinyUSB/common/tusb_fifo.o
 .debug_macro   0x0003685c      0x119 ./TinyUSB/common/tusb_fifo.o
 .debug_macro   0x00036975      0x488 ./TinyUSB/host/usbh.o
 .debug_macro   0x00036dfd       0x10 ./TinyUSB/host/usbh.o
 .debug_macro   0x00036e0d      0x43d ./TinyUSB/portable/analog/max3421/hcd_max3421.o
 .debug_macro   0x0003724a      0x451 ./TinyUSB/tusb.o

.debug_line     0x00000000    0x2617f
 .debug_line    0x00000000     0x1501 ./Core/Src/main.o
 .debug_line    0x00001501      0x9e5 ./Core/Src/stm32h7xx_hal_msp.o
 .debug_line    0x00001ee6      0x994 ./Core/Src/stm32h7xx_hal_timebase_tim.o