../TinyUSB/portable/analog/max3421/hcd_max3421.c:262:13:max3421_spi_lock	16	static
../TinyUSB/portable/analog/max3421/hcd_max3421.c:273:13:max3421_spi_unlock	16	static
../TinyUSB/portable/analog/max3421/hcd_max3421.c:284:9:tuh_max3421_reg_read	24	static
../TinyUSB/portable/analog/max3421/hcd_max3421.c:296:6:tuh_max3421_reg_write	32	static
../TinyUSB/portable/analog/max3421/hcd_max3421.c:351:13:hwfifo_write	24	static
../TinyUSB/portable/analog/max3421/hcd_max3421.c:376:13:hwfifo_receive	24	static
../TinyUSB/portable/analog/max3421/hcd_max3421.c:393:22:find_ep_not_addr0	32	static
../TinyUSB/portable/analog/max3421/hcd_max3421.c:420:13:free_ep	24	static
../TinyUSB/portable/analog/max3421/hcd_max3421.c:439:23:find_next_pending_ep	56	static
../TinyUSB/portable/analog/max3421/hcd_max3421.c:466:6:hcd_configure	32	static
../TinyUSB/portable/analog/max3421/hcd_max3421.c:477:6:hcd_init	40	static,ignoring_inline_asm
../TinyUSB/portable/analog/max3421/hcd_max3421.c:531:6:hcd_deinit	16	static
../TinyUSB/portable/analog/max3421/hcd_max3421.c:551:6:hcd_int_enable	16	static
../TinyUSB/portable/analog/max3421/hcd_max3421.c:557:6:hcd_int_disable	16	static
../TinyUSB/portable/analog/max3421/hcd_max3421.c:562:10:hcd_frame_number	16	static
../TinyUSB/portable/analog/max3421/hcd_max3421.c:572:6:hcd_port_connect_status	16	static
../TinyUSB/portable/analog/max3421/hcd_max3421.c:579:6:hcd_port_reset	16	static
../TinyUSB/portable/analog/max3421/hcd_max3421.c:584:6:hcd_port_reset_end	16	static
../TinyUSB/portable/analog/max3421/hcd_max3421.c:589:14:hcd_port_speed_get	16	static
../TinyUSB/portable/analog/max3421/hcd_max3421.c:595:6:hcd_device_close	16	static
../TinyUSB/portable/analog/max3421/hcd_max3421.c:605:6:hcd_edpt_open	40	static,ignoring_inline_asm
../TinyUSB/portable/analog/max3421/hcd_max3421.c:631:6:hcd_edpt_close	32	static
../TinyUSB/portable/analog/max3421/hcd_max3421.c:667:13:xact_out	56	static
../TinyUSB/portable/analog/max3421/hcd_max3421.c:688:13:xact_in	24	static
../TinyUSB/portable/analog/max3421/hcd_max3421.c:700:13:xact_setup	40	static
../TinyUSB/portable/analog/max3421/hcd_max3421.c:706:13:xact_generic	24	static
../TinyUSB/portable/analog/max3421/hcd_max3421.c:731:6:hcd_edpt_xfer	32	static
../TinyUSB/portable/analog/max3421/hcd_max3421.c:766:6:hcd_edpt_abort_xfer	32	static
../TinyUSB/portable/analog/max3421/hcd_max3421.c:782:6:hcd_setup_send	32	static,ignoring_inline_asm
../TinyUSB/portable/analog/max3421/hcd_max3421.c:813:6:hcd_edpt_clear_stall	16	static
../TinyUSB/portable/analog/max3421/hcd_max3421.c:825:13:handle_connect_irq	56	static
../TinyUSB/portable/analog/max3421/hcd_max3421.c:870:13:xfer_complete_isr	48	static
../TinyUSB/portable/analog/max3421/hcd_max3421.c:896:13:handle_xfer_done	56	static
../TinyUSB/portable/analog/max3421/hcd_max3421.c:1022:6:hcd_int_handler	64	static
