../Core/Src/main.c:632:13:disk_io_complete	0	static
../Core/Src/main.c:1050:13:MX_GPIO_Init	56	static
../Core/Src/main.c:1002:13:MX_USART1_UART_Init	8	static,ignoring_inline_asm
../Core/Src/main.c:158:10:crc32b	12	static
../Core/Src/main.c:170:6:uart_printf	336	static
../Core/Src/main.c:283:10:compareFlashToFile	40	static
../Core/Src/main.c:318:5:CopyFileToFlashMemory	48	static
../Core/Src/main.c:497:13:inquiry_complete_cb	40	static,ignoring_inline_asm
../Core/Src/main.c:404:6:tuh_max3421_int_api	8	static
../Core/Src/main.c:417:6:tuh_max3421_spi_cs_api	0	static
../Core/Src/main.c:424:6:HAL_SPI_TransmitReceive_fast	20	static
../Core/Src/main.c:466:6:tuh_max3421_spi_xfer_api	8	static
../Core/Src/main.c:492:10:tusb_time_millis_api	0	static
../Core/Src/main.c:619:6:tuh_msc_mount_cb	16	static
../Core/Src/main.c:639:9:disk_status	8	static
../Core/Src/main.c:644:9:disk_initialize	0	static
../Core/Src/main.c:649:9:disk_read	32	static
../Core/Src/main.c:668:9:disk_write	32	static
../Core/Src/main.c:684:9:disk_ioctl	8	static
../Core/Src/main.c:716:6:MAX3421_wait_frames	16	static
../Core/Src/main.c:875:6:SystemClock_Config	128	static,ignoring_inline_asm
../Core/Src/main.c:935:6:PeriphCommonClock_Config	192	static,ignoring_inline_asm
../Core/Src/main.c:735:5:main	40	static,ignoring_inline_asm
../Core/Src/main.c:1140:6:HAL_TIM_PeriodElapsedCallback	0	static
../Core/Src/main.c:1158:6:Error_Handler	0	static,ignoring_inline_asm
