../TinyUSB/portable/analog/max3421/hcd_max3421.c:393:22:find_ep_not_addr0	20	static
../TinyUSB/portable/analog/max3421/hcd_max3421.c:439:23:find_next_pending_ep	20	static
../TinyUSB/portable/analog/max3421/hcd_max3421.c:262:13:max3421_spi_lock	8	static
../TinyUSB/portable/analog/max3421/hcd_max3421.c:273:13:max3421_spi_unlock	16	static
../TinyUSB/portable/analog/max3421/hcd_max3421.c:351:13:hwfifo_write	40	static
../TinyUSB/portable/analog/max3421/hcd_max3421.c:284:9:tuh_max3421_reg_read	24	static
../TinyUSB/portable/analog/max3421/hcd_max3421.c:296:6:tuh_max3421_reg_write	24	static
../TinyUSB/portable/analog/max3421/hcd_max3421.c:700:13:xact_setup	32	static
../TinyUSB/portable/analog/max3421/hcd_max3421.c:667:13:xact_out	32	static
../TinyUSB/portable/analog/max3421/hcd_max3421.c:706:13:xact_generic.constprop	24	static
../TinyUSB/portable/analog/max3421/hcd_max3421.c:870:13:xfer_complete_isr	40	static
../TinyUSB/portable/analog/max3421/hcd_max3421.c:466:6:hcd_configure	0	static
../TinyUSB/portable/analog/max3421/hcd_max3421.c:477:6:hcd_init	24	static,ignoring_inline_asm
../TinyUSB/portable/analog/max3421/hcd_max3421.c:531:6:hcd_deinit	8	static
../TinyUSB/portable/analog/max3421/hcd_max3421.c:551:6:hcd_int_enable	0	static
../TinyUSB/portable/analog/max3421/hcd_max3421.c:557:6:hcd_int_disable	0	static
../TinyUSB/portable/analog/max3421/hcd_max3421.c:562:10:hcd_frame_number	0	static
../TinyUSB/portable/analog/max3421/hcd_max3421.c:572:6:hcd_port_connect_status	0	static
../TinyUSB/portable/analog/max3421/hcd_max3421.c:579:6:hcd_port_reset	0	static
../TinyUSB/portable/analog/max3421/hcd_max3421.c:584:6:hcd_port_reset_end	0	static
../TinyUSB/portable/analog/max3421/hcd_max3421.c:589:14:hcd_port_speed_get	0	static
../TinyUSB/portable/analog/max3421/hcd_max3421.c:595:6:hcd_device_close	0	static
../TinyUSB/portable/analog/max3421/hcd_max3421.c:605:6:hcd_edpt_open	24	static,ignoring_inline_asm
../TinyUSB/portable/analog/max3421/hcd_max3421.c:631:6:hcd_edpt_close	8	static
../TinyUSB/portable/analog/max3421/hcd_max3421.c:731:6:hcd_edpt_xfer	24	static
../TinyUSB/portable/analog/max3421/hcd_max3421.c:766:6:hcd_edpt_abort_xfer	16	static
../TinyUSB/portable/analog/max3421/hcd_max3421.c:782:6:hcd_setup_send	16	static,ignoring_inline_asm
../TinyUSB/portable/analog/max3421/hcd_max3421.c:813:6:hcd_edpt_clear_stall	0	static
../TinyUSB/portable/analog/max3421/hcd_max3421.c:1022:6:hcd_int_handler	72	static
