../Core/Src/main.c:158:10:crc32b	32	static
../Core/Src/main.c:170:6:uart_printf	344	static
../Core/Src/main.c:283:10:compareFlashToFile	32	static
../Core/Src/main.c:318:5:CopyFileToFlashMemory	48	static
../Core/Src/main.c:404:6:tuh_max3421_int_api	16	static
../Core/Src/main.c:417:6:tuh_max3421_spi_cs_api	16	static
../Core/Src/main.c:424:6:HAL_SPI_TransmitReceive_fast	40	static
../Core/Src/main.c:466:6:tuh_max3421_spi_xfer_api	24	static
../Core/Src/main.c:492:10:tusb_time_millis_api	8	static
../Core/Src/main.c:497:13:inquiry_complete_cb	56	static,ignoring_inline_asm
../Core/Src/main.c:619:6:tuh_msc_mount_cb	32	static
../Core/Src/main.c:627:13:wait_for_disk_io	16	static
../Core/Src/main.c:632:13:disk_io_complete	16	static
../Core/Src/main.c:639:9:disk_status	24	static
../Core/Src/main.c:644:9:disk_initialize	16	static
../Core/Src/main.c:649:9:disk_read	56	static
../Core/Src/main.c:668:9:disk_write	56	static
../Core/Src/main.c:684:9:disk_ioctl	24	static
../Core/Src/main.c:716:6:MAX3421_wait_frames	24	static
../Core/Src/main.c:735:5:main	32	static,ignoring_inline_asm
../Core/Src/main.c:875:6:SystemClock_Config	120	static
../Core/Src/main.c:935:6:PeriphCommonClock_Config	192	static
../Core/Src/main.c:954:13:MX_SPI2_Init	8	static
../Core/Src/main.c:1002:13:MX_USART1_UART_Init	8	static
../Core/Src/main.c:1050:13:MX_GPIO_Init	48	static
../Core/Src/main.c:1105:6:MPU_Config	24	static
../Core/Src/main.c:1140:6:HAL_TIM_PeriodElapsedCallback	16	static
../Core/Src/main.c:1158:6:Error_Handler	4	static,ignoring_inline_asm
