Archive member included to satisfy reference by file (symbol)

C:/ST/STM32CubeIDE2.1.1/STM32CubeIDE/plugins/com.st.stm32cube.ide.mcu.externaltools.gnu-tools-for-stm32.14.3.rel1.win32_1.0.100.202602081740/tools/bin/../lib/gcc/arm-none-eabi/14.3.1/../../../../arm-none-eabi/lib/thumb/v7e-m+dp/hard\libc_nano.a(libc_a-exit.o)
                              C:/ST/STM32CubeIDE2.1.1/STM32CubeIDE/plugins/com.st.stm32cube.ide.mcu.externaltools.gnu-tools-for-stm32.14.3.rel1.win32_1.0.100.202602081740/tools/bin/../lib/gcc/arm-none-eabi/14.3.1/../../../../arm-none-eabi/lib/thumb/v7e-m+dp/hard/crt0.o (exit)
C:/ST/STM32CubeIDE2.1.1/STM32CubeIDE/plugins/com.st.stm32cube.ide.mcu.externaltools.gnu-tools-for-stm32.14.3.rel1.win32_1.0.100.202602081740/tools/bin/../lib/gcc/arm-none-eabi/14.3.1/../../../../arm-none-eabi/lib/thumb/v7e-m+dp/hard\libc_nano.a(libc_a-findfp.o)
                              C:/ST/STM32CubeIDE2.1.1/STM32CubeIDE/plugins/com.st.stm32cube.ide.mcu.externaltools.gnu-tools-for-stm32.14.3.rel1.win32_1.0.100.202602081740/tools/bin/../lib/gcc/arm-none-eabi/14.3.1/../../../../arm-none-eabi/lib/thumb/v7e-m+dp/hard\libc_nano.a(libc_a-exit.o) (__stdio_exit_handler)
C:/ST/STM32CubeIDE2.1.1/STM32CubeIDE/plugins/com.st.stm32cube.ide.mcu.externaltools.gnu-tools-for-stm32.14.3.rel1.win32_1.0.100.202602081740/tools/bin/../lib/gcc/arm-none-eabi/14.3.1/../../../../arm-none-eabi/lib/thumb/v7e-m+dp/hard\libc_nano.a(libc_a-fwalk.o)
                              C:/ST/STM32CubeIDE2.1.1/STM32CubeIDE/plugins/com.st.stm32cube.ide.mcu.externaltools.gnu-tools-for-stm32.14.3.rel1.win32_1.0.100.202602081740/tools/bin/../lib/gcc/arm-none-eabi/14.3.1/../../../../arm-none-eabi/lib/thumb/v7e-m+dp/hard\libc_nano.a(libc_a-findfp.o) (_fwalk_sglue)
C:/ST/STM32CubeIDE2.1.1/STM32CubeIDE/plugins/com.st.stm32cube.ide.mcu.externaltools.gnu-tools-for-stm32.14.3.rel1.win32_1.0.100.202602081740/tools/bin/../lib/gcc/arm-none-eabi/14.3.1/../../../../arm-none-eabi/lib/thumb/v7e-m+dp/hard\libc_nano.a(libc_a-stdio.o)
                              C:/ST/STM32CubeIDE2.1.1/STM32CubeIDE/plugins/com.st.stm32cube.ide.mcu.externaltools.gnu-tools-for-stm32.14.3.rel1.win32_1.0.100.202602081740/tools/bin/../lib/gcc/arm-none-eabi/14.3.1/../../../../arm-none-eabi/lib/thumb/v7e-m+dp/hard\libc_nano.a(libc_a-findfp.o) (__sread)
C:/ST/STM32CubeIDE2.1.1/STM32CubeIDE/plugins/com.st.stm32cube.ide.mcu.externaltools.gnu-tools-for-stm32.14.3.rel1.win32_1.0.100.202602081740/tools/bin/../lib/gcc/arm-none-eabi/14.3.1/../../../../arm-none-eabi/lib/thumb/v7e-m+dp/hard\libc_nano.a(libc_a-memcmp.o)
                              ./FATFS/ff.o (memcmp)
C:/ST/STM32CubeIDE2.1.1/STM32CubeIDE/plugins/com.st.stm32cube.ide.mcu.externaltools.gnu-tools-for-stm32.14.3.rel1.win32_1.0.100.202602081740/tools/bin/../lib/gcc/arm-none-eabi/14.3.1/../../../../arm-none-eabi/lib/thumb/v7e-m+dp/hard\libc_nano.a(libc_a-memset.o)
                              C:/ST/STM32CubeIDE2.1.1/STM32CubeIDE/plugins/com.st.stm32cube.ide.mcu.externaltools.gnu-tools-for-stm32.14.3.rel1.win32_1.0.100.202602081740/tools/bin/../lib/gcc/arm-none-eabi/14.3.1/../../../../arm-none-eabi/lib/thumb/v7e-m+dp/hard/crt0.o (memset)
C:/ST/STM32CubeIDE2.1.1/STM32CubeIDE/plugins/com.st.stm32cube.ide.mcu.externaltools.gnu-tools-for-stm32.14.3.rel1.win32_1.0.100.202602081740/tools/bin/../lib/gcc/arm-none-eabi/14.3.1/../../../../arm-none-eabi/lib/thumb/v7e-m+dp/hard\libc_nano.a(libc_a-strchr.o)
                              ./FATFS/ff.o (strchr)
C:/ST/STM32CubeIDE2.1.1/STM32CubeIDE/plugins/com.st.stm32cube.ide.mcu.externaltools.gnu-tools-for-stm32.14.3.rel1.win32_1.0.100.202602081740/tools/bin/../lib/gcc/arm-none-eabi/14.3.1/../../../../arm-none-eabi/lib/thumb/v7e-m+dp/hard\libc_nano.a(libc_a-closer.o)
                              C:/ST/STM32CubeIDE2.1.1/STM32CubeIDE/plugins/com.st.stm32cube.ide.mcu.externaltools.gnu-tools-for-stm32.14.3.rel1.win32_1.0.100.202602081740/tools/bin/../lib/gcc/arm-none-eabi/14.3.1/../../../../arm-none-eabi/lib/thumb/v7e-m+dp/hard\libc_nano.a(libc_a-stdio.o) (_close_r)
C:/ST/STM32CubeIDE2.1.1/STM32CubeIDE/plugins/com.st.stm32cube.ide.mcu.externaltools.gnu-tools-for-stm32.14.3.rel1.win32_1.0.100.202602081740/tools/bin/../lib/gcc/arm-none-eabi/14.3.1/../../../../arm-none-eabi/lib/thumb/v7e-m+dp/hard\libc_nano.a(libc_a-reent.o)
                              C:/ST/STM32CubeIDE2.1.1/STM32CubeIDE/plugins/com.st.stm32cube.ide.mcu.externaltools.gnu-tools-for-stm32.14.3.rel1.win32_1.0.100.202602081740/tools/bin/../lib/gcc/arm-none-eabi/14.3.1/../../../../arm-none-eabi/lib/thumb/v7e-m+dp/hard\libc_nano.a(libc_a-closer.o) (errno)
C:/ST/STM32CubeIDE2.1.1/STM32CubeIDE/plugins/com.st.stm32cube.ide.mcu.externaltools.gnu-tools-for-stm32.14.3.rel1.win32_1.0.100.202602081740/tools/bin/../lib/gcc/arm-none-eabi/14.3.1/../../../../arm-none-eabi/lib/thumb/v7e-m+dp/hard\libc_nano.a(libc_a-impure.o)
[...]
Memory Configuration

Name             Origin             Length             Attributes
ITCMRAM          0x00000000         0x00010000         xrw
DTCMRAM          0x20000000         0x00020000         xrw
FLASH            0x08000000         0x00100000         xr
RAM_D1           0x24000000         0x00050000         xrw
RAM_D2           0x30000000         0x00008000         xrw
RAM_D3           0x38000000         0x00004000         xrw
*default*        0x00000000         0xffffffff

Linker script and memory map

LOAD C:/ST/STM32CubeIDE2.1.1/STM32CubeIDE/plugins/com.st.stm32cube.ide.mcu.externaltools.gnu-tools-for-stm32.14.3.rel1.win32_1.0.100.202602081740/tools/bin/../lib/gcc/arm-none-eabi/14.3.1/thumb/v7e-m+dp/hard/crti.o
LOAD C:/ST/STM32CubeIDE2.1.1/STM32CubeIDE/plugins/com.st.stm32cube.ide.mcu.externaltools.gnu-tools-for-stm32.14.3.rel1.win32_1.0.100.202602081740/tools/bin/../lib/gcc/arm-none-eabi/14.3.1/thumb/v7e-m+dp/hard/crtbegin.o
LOAD C:/ST/STM32CubeIDE2.1.1/STM32CubeIDE/plugins/com.st.stm32cube.ide.mcu.externaltools.gnu-tools-for-stm32.14.3.rel1.win32_1.0.100.202602081740/tools/bin/../lib/gcc/arm-none-eabi/14.3.1/../../../../arm-none-eabi/lib/thumb/v7e-m+dp/hard/crt0.o
LOAD ./Core/Src/main.o
LOAD ./Core/Src/stm32h7xx_hal_msp.o
LOAD ./Core/Src/stm32h7xx_hal_timebase_tim.o
LOAD ./Core/Src/stm32h7xx_it.o
LOAD ./Core/Src/syscalls.o
LOAD ./Core/Src/sysmem.o
LOAD ./Core/Src/system_stm32h7xx.o
LOAD ./Core/Startup/startup_stm32h723vgtx.o
LOAD ./Drivers/STM32H7xx_HAL_Driver/Src/stm32h7xx_hal.o
LOAD ./Drivers/STM32H7xx_HAL_Driver/Src/stm32h7xx_hal_cortex.o
LOAD ./Drivers/STM32H7xx_HAL_Driver/Src/stm32h7xx_hal_dma.o
LOAD ./Drivers/STM32H7xx_HAL_Driver/Src/stm32h7xx_hal_dma_ex.o
LOAD ./Drivers/STM32H7xx_HAL_Driver/Src/stm32h7xx_hal_exti.o
LOAD ./Drivers/STM32H7xx_HAL_Driver/Src/stm32h7xx_hal_flash.o
LOAD ./Drivers/STM32H7xx_HAL_Driver/Src/stm32h7xx_hal_flash_ex.o
LOAD ./Drivers/STM32H7xx_HAL_Driver/Src/stm32h7xx_hal_gpio.o
LOAD ./Drivers/STM32H7xx_HAL_Driver/Src/stm32h7xx_hal_hsem.o
LOAD ./Drivers/STM32H7xx_HAL_Driver/Src/stm32h7xx_hal_i2c.o
LOAD ./Drivers/STM32H7xx_HAL_Driver/Src/stm32h7xx_hal_i2c_ex.o
LOAD ./Drivers/STM32H7xx_HAL_Driver/Src/stm32h7xx_hal_mdma.o
LOAD ./Drivers/STM32H7xx_HAL_Driver/Src/stm32h7xx_hal_pwr.o
LOAD ./Drivers/STM32H7xx_HAL_Driver/Src/stm32h7xx_hal_pwr_ex.o
LOAD ./Drivers/STM32H7xx_HAL_Driver/Src/stm32h7xx_hal_rcc.o
LOAD ./Drivers/STM32H7xx_HAL_Driver/Src/stm32h7xx_hal_rcc_ex.o
LOAD ./Drivers/STM32H7xx_HAL_Driver/Src/stm32h7xx_hal_spi.o
LOAD ./Drivers/STM32H7xx_HAL_Driver/Src/stm32h7xx_hal_spi_ex.o
LOAD ./Drivers/STM32H7xx_HAL_Driver/Src/stm32h7xx_hal_tim.o
LOAD ./Drivers/STM32H7xx_HAL_Driver/Src/stm32h7xx_hal_tim_ex.o
LOAD ./Drivers/STM32H7xx_HAL_Driver/Src/stm32h7xx_hal_uart.o
LOAD ./Drivers/STM32H7xx_HAL_Driver/Src/stm32h7xx_hal_uart_ex.o
LOAD ./FATFS/ff.o
LOAD ./FATFS/ffsystem.o
LOAD ./FATFS/ffunicode.o
LOAD ./TinyUSB/class/audio/audio_device.o
LOAD ./TinyUSB/class/bth/bth_device.o
LOAD ./TinyUSB/class/cdc/cdc_device.o
LOAD ./TinyUSB/class/cdc/cdc_host.o
LOAD ./TinyUSB/class/cdc/cdc_rndis_host.o
LOAD ./TinyUSB/class/dfu/dfu_device.o
LOAD ./TinyUSB/class/dfu/dfu_rt_device.o
LOAD ./TinyUSB/class/hid/hid_device.o
LOAD ./TinyUSB/class/hid/hid_host.o
LOAD ./TinyUSB/class/midi/midi_device.o
LOAD ./TinyUSB/class/midi/midi_host.o
LOAD ./TinyUSB/class/msc/msc_device.o
LOAD ./TinyUSB/class/msc/msc_host.o
LOAD ./TinyUSB/class/net/ecm_rndis_device.o
LOAD ./TinyUSB/class/net/ncm_device.o
LOAD ./TinyUSB/class/usbtmc/usbtmc_device.o
LOAD ./TinyUSB/class/vendor/vendor_device.o
LOAD ./TinyUSB/class/vendor/vendor_host.o
LOAD ./TinyUSB/class/video/video_device.o
LOAD ./TinyUSB/common/tusb_fifo.o
LOAD ./TinyUSB/device/usbd.o
LOAD ./TinyUSB/device/usbd_control.o
LOAD ./TinyUSB/host/hub.o
LOAD ./TinyUSB/host/usbh.o
LOAD ./TinyUSB/portable/analog/max3421/hcd_max3421.o
LOAD ./TinyUSB/portable/synopsys/dwc2/dcd_dwc2.o
LOAD ./TinyUSB/portable/synopsys/dwc2/dwc2_common.o
LOAD ./TinyUSB/portable/synopsys/dwc2/hcd_dwc2.o
LOAD ./TinyUSB/tusb.o
LOAD ./TinyUSB/typec/usbc.o
START GROUP
LOAD C:/ST/STM32CubeIDE2.1.1/STM32CubeIDE/plugins/com.st.stm32cube.ide.mcu.externaltools.gnu-tools-for-stm32.14.3.rel1.win32_1.0.100.202602081740/tools/bin/../lib/gcc/arm-none-eabi/14.3.1/../../../../arm-none-eabi/lib/thumb/v7e-m+dp/hard\libc_nano.a
LOAD C:/ST/STM32CubeIDE2.1.1/STM32CubeIDE/plugins/com.st.stm32cube.ide.mcu.externaltools.gnu-tools-for-stm32.14.3.rel1.win32_1.0.100.202602081740/tools/bin/../lib/gcc/arm-none-eabi/14.3.1/../../../../arm-none-eabi/lib/thumb/v7e-m+dp/hard\libm.a
END GROUP
START GROUP
LOAD C:/ST/STM32CubeIDE2.1.1/STM32CubeIDE/plugins/com.st.stm32cube.ide.mcu.externaltools.gnu-tools-for-stm32.14.3.rel1.win32_1.0.100.202602081740/tools/bin/../lib/gcc/arm-none-eabi/14.3.1/thumb/v7e-m+dp/hard\libgcc.a
LOAD C:/ST/STM32CubeIDE2.1.1/STM32CubeIDE/plugins/com.st.stm32cube.ide.mcu.externaltools.gnu-tools-for-stm32.14.3.rel1.win32_1.0.100.202602081740/tools/bin/../lib/gcc/arm-none-eabi/14.3.1/../../../../arm-none-eabi/lib/thumb/v7e-m+dp/hard\libc_nano.a
END GROUP
START GROUP
LOAD C:/ST/STM32CubeIDE2.1.1/STM32CubeIDE/plugins/com.st.stm32cube.ide.mcu.externaltools.gnu-tools-for-stm32.14.3.rel1.win32_1.0.100.202602081740/tools/bin/../lib/gcc/arm-none-eabi/14.3.1/thumb/v7e-m+dp/hard\libgcc.a
LOAD C:/ST/STM32CubeIDE2.1.1/STM32CubeIDE/plugins/com.st.stm32cube.ide.mcu.externaltools.gnu-tools-for-stm32.14.3.rel1.win32_1.0.100.202602081740/tools/bin/../lib/gcc/arm-none-eabi/14.3.1/../../../../arm-none-eabi/lib/thumb/v7e-m+dp/hard\libc_nano.a
LOAD C:/ST/STM32CubeIDE2.1.1/STM32CubeIDE/plugins/com.st.stm32cube.ide.mcu.externaltools.gnu-tools-for-stm32.14.3.rel1.win32_1.0.100.202602081740/tools/bin/../lib/gcc/arm-none-eabi/14.3.1/../../../../arm-none-eabi/lib/thumb/v7e-m+dp/hard\libnosys.a
END GROUP
START GROUP
LOAD C:/ST/STM32CubeIDE2.1.1/STM32CubeIDE/plugins/com.st.stm32cube.ide.mcu.externaltools.gnu-tools-for-stm32.14.3.rel1.win32_1.0.100.202602081740/tools/bin/../lib/gcc/arm-none-eabi/14.3.1/thumb/v7e-m+dp/hard\libgcc.a
LOAD C:/ST/STM32CubeIDE2.1.1/STM32CubeIDE/plugins/com.st.stm32cube.ide.mcu.externaltools.gnu-tools-for-stm32.14.3.rel1.win32_1.0.100.202602081740/tools/bin/../lib/gcc/arm-none-eabi/14.3.1/../../../../arm-none-eabi/lib/thumb/v7e-m+dp/hard\libc_nano.a
LOAD C:/ST/STM32CubeIDE2.1.1/STM32CubeIDE/plugins/com.st.stm32cube.ide.mcu.externaltools.gnu-tools-for-stm32.14.3.rel1.win32_1.0.100.202602081740/tools/bin/../lib/gcc/arm-none-eabi/14.3.1/../../../../arm-none-eabi/lib/thumb/v7e-m+dp/hard\libnosys.a
END GROUP
LOAD C:/ST/STM32CubeIDE2.1.1/STM32CubeIDE/plugins/com.st.stm32cube.ide.mcu.externaltools.gnu-tools-for-stm32.14.3.rel1.win32_1.0.100.202602081740/tools/bin/../lib/gcc/arm-none-eabi/14.3.1/thumb/v7e-m+dp/hard/crtend.o
LOAD C:/ST/STM32CubeIDE2.1.1/STM32CubeIDE/plugins/com.st.stm32cube.ide.mcu.externaltools.gnu-tools-for-stm32.14.3.rel1.win32_1.0.100.202602081740/tools/bin/../lib/gcc/arm-none-eabi/14.3.1/thumb/v7e-m+dp/hard/crtn.o
                0x24050000                        _estack = (ORIGIN (RAM_D1) + LENGTH (RAM_D1))
                0x00000200                        _Min_Heap_Size = 0x200
                0x00000400                        _Min_Stack_Size = 0x400

.isr_vector     0x08000000      0x2cc
                0x08000000                        . = ALIGN (0x4)
 *(.isr_vector)
 .isr_vector    0x08000000      0x2cc ./Core/Startup/startup_stm32h723vgtx.o
                0x08000000                g_pfnVectors
                0x080002cc                        . = ALIGN (0x4)

.text           0x080002cc     0x899c
                0x080002cc                        . = ALIGN (0x4)
 *(.text)
 .text          0x080002cc       0x40 C:/ST/STM32CubeIDE2.1.1/STM32CubeIDE/plugins/com.st.stm32cube.ide.mcu.externaltools.gnu-tools-for-stm32.14.3.rel1.win32_1.0.100.202602081740/tools/bin/../lib/gcc/arm-none-eabi/14.3.1/thumb/v7e-m+dp/hard/crtbegin.o
 .text          0x0800030c       0x30 C:/ST/STM32CubeIDE2.1.1/STM32CubeIDE/plugins/com.st.stm32cube.ide.mcu.externaltools.gnu-tools-for-stm32.14.3.rel1.win32_1.0.100.202602081740/tools/bin/../lib/gcc/arm-none-eabi/14.3.1/thumb/v7e-m+dp/hard\libgcc.a(_aeabi_uldivmod.o)
                0x0800030c                __aeabi_uldivmod
 .text          0x0800033c      0x2f8 C:/ST/STM32CubeIDE2.1.1/STM32CubeIDE/plugins/com.st.stm32cube.ide.mcu.externaltools.gnu-tools-for-stm32.14.3.rel1.win32_1.0.100.202602081740/tools/bin/../lib/gcc/arm-none-eabi/14.3.1/thumb/v7e-m+dp/hard\libgcc.a(_udivmoddi4.o)
                0x0800033c                __udivmoddi4
 .text          0x08000634        0x4 C:/ST/STM32CubeIDE2.1.1/STM32CubeIDE/plugins/com.st.stm32cube.ide.mcu.externaltools.gnu-tools-for-stm32.14.3.rel1.win32_1.0.100.202602081740/tools/bin/../lib/gcc/arm-none-eabi/14.3.1/thumb/v7e-m+dp/hard\libgcc.a(_dvmd_tls.o)
                0x08000634                __aeabi_idiv0
                0x08000634                __aeabi_ldiv0
 *(.text*)
 .text.disk_io_complete
                0x08000638       0x10 ./Core/Src/main.o
 .text.MX_GPIO_Init
                0x08000648       0xf8 ./Core/Src/main.o
 .text.MX_USART1_UART_Init
                0x08000740       0x64 ./Core/Src/main.o
 .text.crc32b   0x080007a4       0x2c ./Core/Src/main.o
                0x080007a4                crc32b
 .text.uart_printf
                0x080007d0      0x194 ./Core/Src/main.o
                0x080007d0                uart_printf
 .text.compareFlashToFile
                0x08000964       0xd4 ./Core/Src/main.o
                0x08000964                compareFlashToFile
 .text.CopyFileToFlashMemory
                0x08000a38      0x160 ./Core/Src/main.o
                0x08000a38                CopyFileToFlashMemory
 .text.inquiry_complete_cb
                0x08000b98      0x200 ./Core/Src/main.o
 .text.tuh_max3421_int_api
                0x08000d98       0x22 ./Core/Src/main.o
                0x08000d98                tuh_max3421_int_api
 *fill*         0x08000dba        0x2 
 .text.tuh_max3421_spi_cs_api
                0x08000dbc       0x14 ./Core/Src/main.o
                0x08000dbc                tuh_max3421_spi_cs_api
 .text.HAL_SPI_TransmitReceive_fast
                0x08000dd0       0x88 ./Core/Src/main.o
                0x08000dd0                HAL_SPI_TransmitReceive_fast
 .text.tuh_max3421_spi_xfer_api
                0x08000e58       0x10 ./Core/Src/main.o
                0x08000e58                tuh_max3421_spi_xfer_api
 .text.tusb_time_millis_api
                0x08000e68        0x4 ./Core/Src/main.o
                0x08000e68                tusb_time_millis_api
 .text.tuh_msc_mount_cb
                0x08000e6c       0x1c ./Core/Src/main.o
                0x08000e6c                tuh_msc_mount_cb
 .text.disk_status
                0x08000e88       0x16 ./Core/Src/main.o
                0x08000e88                disk_status
 .text.disk_initialize
                0x08000e9e        0x4 ./Core/Src/main.o
                0x08000e9e                disk_initialize
 *fill*         0x08000ea2        0x2 
 .text.disk_read
                0x08000ea4       0x4c ./Core/Src/main.o
                0x08000ea4                disk_read
 .text.disk_write
                0x08000ef0       0x48 ./Core/Src/main.o
                0x08000ef0                disk_write
 .text.disk_ioctl
                0x08000f38       0x36 ./Core/Src/main.o
                0x08000f38                disk_ioctl
 .text.MAX3421_wait_frames
                0x08000f6e       0x4a ./Core/Src/main.o
                0x08000f6e                MAX3421_wait_frames
 .text.SystemClock_Config
                0x08000fb8       0xa8 ./Core/Src/main.o
                0x08000fb8                SystemClock_Config
 .text.PeriphCommonClock_Config
                0x08001060       0x28 ./Core/Src/main.o
                0x08001060                PeriphCommonClock_Config
 .text.startup.main
                0x08001088      0x240 ./Core/Src/main.o
                0x08001088                main
 .text.HAL_TIM_PeriodElapsedCallback
                0x080012c8       0x14 ./Core/Src/main.o
                0x080012c8                HAL_TIM_PeriodElapsedCallback
 .text.Error_Handler
                0x080012dc        0x4 ./Core/Src/main.o
                0x080012dc                Error_Handler
 .text.HAL_MspInit
                0x080012e0       0x24 ./Core/Src/stm32h7xx_hal_msp.o
                0x080012e0                HAL_MspInit
 .text.HAL_SPI_MspInit
                0x08001304       0x9c ./Core/Src/stm32h7xx_hal_msp.o
                0x08001304                HAL_SPI_MspInit
 .text.HAL_UART_MspInit
                0x080013a0       0x94 ./Core/Src/stm32h7xx_hal_msp.o
                0x080013a0                HAL_UART_MspInit
 .text.HAL_InitTick
                0x08001434       0x98 ./Core/Src/stm32h7xx_hal_timebase_tim.o
                0x08001434                HAL_InitTick
 .text.NMI_Handler
                0x080014cc        0x2 ./Core/Src/stm32h7xx_it.o
                0x080014cc                NMI_Handler
 .text.HardFault_Handler
                0x080014ce        0x2 ./Core/Src/stm32h7xx_it.o
                0x080014ce                HardFault_Handler
 .text.MemManage_Handler
                0x080014d0        0x2 ./Core/Src/stm32h7xx_it.o
                0x080014d0                MemManage_Handler
 .text.BusFault_Handler
                0x080014d2        0x2 ./Core/Src/stm32h7xx_it.o
                0x080014d2                BusFault_Handler
 .text.UsageFault_Handler
                0x080014d4        0x2 ./Core/Src/stm32h7xx_it.o
                0x080014d4                UsageFault_Handler
 .text.SVC_Handler
                0x080014d6        0x2 ./Core/Src/stm32h7xx_it.o
                0x080014d6                SVC_Handler
 .text.DebugMon_Handler
                0x080014d8        0x2 ./Core/Src/stm32h7xx_it.o
                0x080014d8                DebugMon_Handler
 .text.PendSV_Handler
                0x080014da        0x2 ./Core/Src/stm32h7xx_it.o
                0x080014da                PendSV_Handler
 .text.SysTick_Handler
                0x080014dc        0x2 ./Core/Src/stm32h7xx_it.o
                0x080014dc                SysTick_Handler
 *fill*         0x080014de        0x2 
 .text.EXTI15_10_IRQHandler
                0x080014e0       0x24 ./Core/Src/stm32h7xx_it.o
                0x080014e0                EXTI15_10_IRQHandler
 .text.TIM6_DAC_IRQHandler
                0x08001504        0xc ./Core/Src/stm32h7xx_it.o
                0x08001504                TIM6_DAC_IRQHandler
 .text.SystemInit
                0x08001510       0xc4 ./Core/Src/system_stm32h7xx.o
                0x08001510                SystemInit
 .text.ExitRun0Mode
                0x080015d4       0x18 ./Core/Src/system_stm32h7xx.o
                0x080015d4                ExitRun0Mode
 .text.Reset_Handler
                0x080015ec       0x54 ./Core/Startup/startup_stm32h723vgtx.o
                0x080015ec                Reset_Handler
 .text.Default_Handler
                0x08001640        0x2 ./Core/Startup/startup_stm32h723vgtx.o
                0x08001640                RTC_Alarm_IRQHandler
                0x08001640                EXTI2_IRQHandler
                0x08001640                TIM8_CC_IRQHandler
                0x08001640                UART8_IRQHandler
                0x08001640                SPI4_IRQHandler
                0x08001640                FDCAN3_IT0_IRQHandler
                0x08001640                TIM1_CC_IRQHandler
                0x08001640                BDMA_Channel6_IRQHandler
                0x08001640                DMA2_Stream5_IRQHandler
                0x08001640                DMA1_Stream5_IRQHandler
                0x08001640                CORDIC_IRQHandler
                0x08001640                BDMA_Channel1_IRQHandler
                0x08001640                TAMP_STAMP_IRQHandler
                0x08001640                EXTI3_IRQHandler
                0x08001640                LPTIM4_IRQHandler
                0x08001640                TIM8_TRG_COM_TIM14_IRQHandler
                0x08001640                LPTIM2_IRQHandler
                0x08001640                DFSDM1_FLT1_IRQHandler
                0x08001640                DMAMUX2_OVR_IRQHandler
                0x08001640                TIM8_UP_TIM13_IRQHandler
                0x08001640                I2C3_ER_IRQHandler
                0x08001640                DFSDM1_FLT2_IRQHandler
                0x08001640                I2C5_EV_IRQHandler
                0x08001640                USART10_IRQHandler
                0x08001640                MDMA_IRQHandler
                0x08001640                LPTIM3_IRQHandler
                0x08001640                HSEM1_IRQHandler
                0x08001640                EXTI0_IRQHandler
                0x08001640                I2C2_EV_IRQHandler
                0x08001640                DMA1_Stream2_IRQHandler
                0x08001640                FPU_IRQHandler
                0x08001640                OTG_HS_WKUP_IRQHandler
                0x08001640                FDCAN1_IT1_IRQHandler
                0x08001640                LTDC_ER_IRQHandler
                0x08001640                DMA2_Stream2_IRQHandler
                0x08001640                SPI1_IRQHandler
                0x08001640                OCTOSPI1_IRQHandler
                0x08001640                DMA2_Stream3_IRQHandler
                0x08001640                OCTOSPI2_IRQHandler
                0x08001640                DFSDM1_FLT3_IRQHandler
                0x08001640                TIM23_IRQHandler
                0x08001640                USART6_IRQHandler
                0x08001640                TIM17_IRQHandler
                0x08001640                USART3_IRQHandler
                0x08001640                BDMA_Channel7_IRQHandler
                0x08001640                LPTIM5_IRQHandler
                0x08001640                UART5_IRQHandler
                0x08001640                ADC3_IRQHandler
                0x08001640                DMA2_Stream0_IRQHandler
                0x08001640                TIM4_IRQHandler
                0x08001640                BDMA_Channel2_IRQHandler
                0x08001640                I2C1_EV_IRQHandler
                0x08001640                DMA1_Stream6_IRQHandler
                0x08001640                DMAMUX1_OVR_IRQHandler
                0x08001640                DMA1_Stream1_IRQHandler
                0x08001640                TIM16_IRQHandler
                0x08001640                UART4_IRQHandler
                0x08001640                BDMA_Channel5_IRQHandler
                0x08001640                TIM3_IRQHandler
                0x08001640                RCC_IRQHandler
                0x08001640                UART9_IRQHandler
                0x08001640                TIM8_BRK_TIM12_IRQHandler
                0x08001640                TIM1_TRG_COM_IRQHandler
                0x08001640                Default_Handler
                0x08001640                ECC_IRQHandler
                0x08001640                FMAC_IRQHandler
                0x08001640                CEC_IRQHandler
                0x08001640                BDMA_Channel0_IRQHandler
                0x08001640                ADC_IRQHandler
                0x08001640                I2C5_ER_IRQHandler
                0x08001640                DMA1_Stream7_IRQHandler
                0x08001640                SPI5_IRQHandler
                0x08001640                TIM7_IRQHandler
                0x08001640                FDCAN3_IT1_IRQHandler
                0x08001640                SDMMC1_IRQHandler
                0x08001640                TIM5_IRQHandler
                0x08001640                DMA2_Stream7_IRQHandler
                0x08001640                TIM15_IRQHandler
                0x08001640                PVD_AVD_IRQHandler
                0x08001640                I2C3_EV_IRQHandler
                0x08001640                EXTI9_5_IRQHandler
                0x08001640                RTC_WKUP_IRQHandler
                0x08001640                LTDC_IRQHandler
                0x08001640                ETH_WKUP_IRQHandler
                0x08001640                SPDIF_RX_IRQHandler
                0x08001640                SPI2_IRQHandler
                0x08001640                OTG_HS_EP1_IN_IRQHandler
                0x08001640                DMA1_Stream0_IRQHandler
                0x08001640                TIM24_IRQHandler
                0x08001640                CRS_IRQHandler
                0x08001640                EXTI4_IRQHandler
                0x08001640                RNG_IRQHandler
                0x08001640                FDCAN2_IT1_IRQHandler
                0x08001640                ETH_IRQHandler
                0x08001640                TIM1_UP_IRQHandler
                0x08001640                BDMA_Channel4_IRQHandler
                0x08001640                OTG_HS_EP1_OUT_IRQHandler
                0x08001640                WWDG_IRQHandler
                0x08001640                SPI6_IRQHandler
                0x08001640                MDIOS_IRQHandler
                0x08001640                I2C4_EV_IRQHandler
                0x08001640                FDCAN2_IT0_IRQHandler
                0x08001640                LPUART1_IRQHandler
                0x08001640                FDCAN1_IT0_IRQHandler
                0x08001640                TIM2_IRQHandler
                0x08001640                OTG_HS_IRQHandler
                0x08001640                DMA2D_IRQHandler
                0x08001640                TIM1_BRK_IRQHandler
                0x08001640                EXTI1_IRQHandler
                0x08001640                SDMMC2_IRQHandler
                0x08001640                BDMA_Channel3_IRQHandler
                0x08001640                DTS_IRQHandler
                0x08001640                UART7_IRQHandler
                0x08001640                MDIOS_WKUP_IRQHandler
                0x08001640                USART2_IRQHandler
                0x08001640                DFSDM1_FLT0_IRQHandler
                0x08001640                SAI4_IRQHandler
                0x08001640                I2C2_ER_IRQHandler
                0x08001640                DMA2_Stream1_IRQHandler
                0x08001640                FLASH_IRQHandler
                0x08001640                DMA2_Stream4_IRQHandler
                0x08001640                USART1_IRQHandler
                0x08001640                SPI3_IRQHandler
                0x08001640                WAKEUP_PIN_IRQHandler
                0x08001640                DMA1_Stream4_IRQHandler
                0x08001640                I2C1_ER_IRQHandler
                0x08001640                FMC_IRQHandler
                0x08001640                FDCAN_CAL_IRQHandler
                0x08001640                SWPMI1_IRQHandler
                0x08001640                COMP1_IRQHandler
                0x08001640                LPTIM1_IRQHandler
                0x08001640                DCMI_PSSI_IRQHandler
                0x08001640                I2C4_ER_IRQHandler
                0x08001640                DMA2_Stream6_IRQHandler
                0x08001640                SAI1_IRQHandler
                0x08001640                DMA1_Stream3_IRQHandler
 .text.HAL_MspDeInit
                0x08001642        0x2 ./Drivers/STM32H7xx_HAL_Driver/Src/stm32h7xx_hal.o
                0x08001642                HAL_MspDeInit
 .text.HAL_DeInit
                0x08001644       0x90 ./Drivers/STM32H7xx_HAL_Driver/Src/stm32h7xx_hal.o
                0x08001644                HAL_DeInit
 .text.HAL_Init
                0x080016d4       0x5c ./Drivers/STM32H7xx_HAL_Driver/Src/stm32h7xx_hal.o
                0x080016d4                HAL_Init
 .text.HAL_IncTick
                0x08001730       0x18 ./Drivers/STM32H7xx_HAL_Driver/Src/stm32h7xx_hal.o
                0x08001730                HAL_IncTick
 .text.HAL_GetTick
                0x08001748        0xc ./Drivers/STM32H7xx_HAL_Driver/Src/stm32h7xx_hal.o
                0x08001748                HAL_GetTick
 .text.HAL_Delay
                0x08001754       0x24 ./Drivers/STM32H7xx_HAL_Driver/Src/stm32h7xx_hal.o
                0x08001754                HAL_Delay
 .text.HAL_SYSCFG_AnalogSwitchConfig
                0x08001778       0x14 ./Drivers/STM32H7xx_HAL_Driver/Src/stm32h7xx_hal.o
                0x08001778                HAL_SYSCFG_AnalogSwitchConfig
 .text.HAL_NVIC_SetPriorityGrouping
                0x0800178c       0x24 ./Drivers/STM32H7xx_HAL_Driver/Src/stm32h7xx_hal_cortex.o
                0x0800178c                HAL_NVIC_SetPriorityGrouping
 .text.HAL_NVIC_SetPriority
                0x080017b0       0x64 ./Drivers/STM32H7xx_HAL_Driver/Src/stm32h7xx_hal_cortex.o
                0x080017b0                HAL_NVIC_SetPriority
 .text.HAL_NVIC_EnableIRQ
                0x08001814       0x1c ./Drivers/STM32H7xx_HAL_Driver/Src/stm32h7xx_hal_cortex.o
                0x08001814                HAL_NVIC_EnableIRQ
 .text.HAL_NVIC_DisableIRQ
                0x08001830       0x24 ./Drivers/STM32H7xx_HAL_Driver/Src/stm32h7xx_hal_cortex.o
                0x08001830                HAL_NVIC_DisableIRQ
 .text.HAL_MPU_Disable
                0x08001854       0x1c ./Drivers/STM32H7xx_HAL_Driver/Src/stm32h7xx_hal_cortex.o
                0x08001854                HAL_MPU_Disable
 .text.HAL_MPU_Enable
                0x08001870       0x20 ./Drivers/STM32H7xx_HAL_Driver/Src/stm32h7xx_hal_cortex.o
                0x08001870                HAL_MPU_Enable
 .text.HAL_MPU_ConfigRegion
                0x08001890       0x58 ./Drivers/STM32H7xx_HAL_Driver/Src/stm32h7xx_hal_cortex.o
                0x08001890                HAL_MPU_ConfigRegion
 .text.HAL_FLASH_Unlock
                0x080018e8       0x24 ./Drivers/STM32H7xx_HAL_Driver/Src/stm32h7xx_hal_flash.o
                0x080018e8                HAL_FLASH_Unlock
 .text.HAL_FLASH_Lock
                0x0800190c       0x18 ./Drivers/STM32H7xx_HAL_Driver/Src/stm32h7xx_hal_flash.o
                0x0800190c                HAL_FLASH_Lock
 .text.HAL_FLASH_GetError
                0x08001924        0xc ./Drivers/STM32H7xx_HAL_Driver/Src/stm32h7xx_hal_flash.o
                0x08001924                HAL_FLASH_GetError
 .text.FLASH_WaitForLastOperation
                0x08001930       0x60 ./Drivers/STM32H7xx_HAL_Driver/Src/stm32h7xx_hal_flash.o
                0x08001930                FLASH_WaitForLastOperation
 .text.HAL_FLASH_Program
                0x08001990       0x78 ./Drivers/STM32H7xx_HAL_Driver/Src/stm32h7xx_hal_flash.o
                0x08001990                HAL_FLASH_Program
 .text.FLASH_Erase_Sector
                0x08001a08       0x24 ./Drivers/STM32H7xx_HAL_Driver/Src/stm32h7xx_hal_flash_ex.o
                0x08001a08                FLASH_Erase_Sector
 .text.HAL_GPIO_Init
                0x08001a2c      0x1cc ./Drivers/STM32H7xx_HAL_Driver/Src/stm32h7xx_hal_gpio.o
                0x08001a2c                HAL_GPIO_Init
 .text.HAL_GPIO_ReadPin
                0x08001bf8        0xc ./Drivers/STM32H7xx_HAL_Driver/Src/stm32h7xx_hal_gpio.o
                0x08001bf8                HAL_GPIO_ReadPin
 .text.HAL_GPIO_WritePin
                0x08001c04        0xa ./Drivers/STM32H7xx_HAL_Driver/Src/stm32h7xx_hal_gpio.o
                0x08001c04                HAL_GPIO_WritePin
 .text.HAL_GPIO_TogglePin
                0x08001c0e       0x12 ./Drivers/STM32H7xx_HAL_Driver/Src/stm32h7xx_hal_gpio.o
                0x08001c0e                HAL_GPIO_TogglePin
 .text.HAL_GPIO_EXTI_Callback
                0x08001c20        0x2 ./Drivers/STM32H7xx_HAL_Driver/Src/stm32h7xx_hal_gpio.o
                0x08001c20                HAL_GPIO_EXTI_Callback
 .text.HAL_GPIO_EXTI_IRQHandler
                0x08001c22       0x18 ./Drivers/STM32H7xx_HAL_Driver/Src/stm32h7xx_hal_gpio.o
                0x08001c22                HAL_GPIO_EXTI_IRQHandler
 *fill*         0x08001c3a        0x2 
 .text.HAL_PWR_EnableBkUpAccess
                0x08001c3c       0x10 ./Drivers/STM32H7xx_HAL_Driver/Src/stm32h7xx_hal_pwr.o
                0x08001c3c                HAL_PWR_EnableBkUpAccess
 .text.HAL_PWREx_ConfigSupply
                0x08001c4c       0x48 ./Drivers/STM32H7xx_HAL_Driver/Src/stm32h7xx_hal_pwr_ex.o
                0x08001c4c                HAL_PWREx_ConfigSupply
 .text.HAL_RCC_DeInit
                0x08001c94      0x1a8 ./Drivers/STM32H7xx_HAL_Driver/Src/stm32h7xx_hal_rcc.o
                0x08001c94                HAL_RCC_DeInit
 .text.HAL_RCC_OscConfig
                0x08001e3c      0x4ec ./Drivers/STM32H7xx_HAL_Driver/Src/stm32h7xx_hal_rcc.o
                0x08001e3c                HAL_RCC_OscConfig
 .text.HAL_RCC_GetSysClockFreq
                0x08002328      0x144 ./Drivers/STM32H7xx_HAL_Driver/Src/stm32h7xx_hal_rcc.o
                0x08002328                HAL_RCC_GetSysClockFreq
 .text.HAL_RCC_ClockConfig
                0x0800246c      0x24c ./Drivers/STM32H7xx_HAL_Driver/Src/stm32h7xx_hal_rcc.o
                0x0800246c                HAL_RCC_ClockConfig
 .text.HAL_RCC_GetHCLKFreq
                0x080026b8       0x44 ./Drivers/STM32H7xx_HAL_Driver/Src/stm32h7xx_hal_rcc.o
                0x080026b8                HAL_RCC_GetHCLKFreq
 .text.HAL_RCC_GetPCLK1Freq
                0x080026fc       0x24 ./Drivers/STM32H7xx_HAL_Driver/Src/stm32h7xx_hal_rcc.o
                0x080026fc                HAL_RCC_GetPCLK1Freq
 .text.HAL_RCC_GetPCLK2Freq
                0x08002720       0x24 ./Drivers/STM32H7xx_HAL_Driver/Src/stm32h7xx_hal_rcc.o
                0x08002720                HAL_RCC_GetPCLK2Freq
 .text.HAL_RCC_GetClockConfig
                0x08002744       0x54 ./Drivers/STM32H7xx_HAL_Driver/Src/stm32h7xx_hal_rcc.o
                0x08002744                HAL_RCC_GetClockConfig
 .text.RCCEx_PLL2_Config
                0x08002798       0xec ./Drivers/STM32H7xx_HAL_Driver/Src/stm32h7xx_hal_rcc_ex.o
 .text.RCCEx_PLL3_Config
                0x08002884       0xec ./Drivers/STM32H7xx_HAL_Driver/Src/stm32h7xx_hal_rcc_ex.o
 .text.HAL_RCCEx_PeriphCLKConfig
                0x08002970      0x954 ./Drivers/STM32H7xx_HAL_Driver/Src/stm32h7xx_hal_rcc_ex.o
                0x08002970                HAL_RCCEx_PeriphCLKConfig
 .text.HAL_RCCEx_GetD3PCLK1Freq
                0x080032c4       0x24 ./Drivers/STM32H7xx_HAL_Driver/Src/stm32h7xx_hal_rcc_ex.o
                0x080032c4                HAL_RCCEx_GetD3PCLK1Freq
 .text.HAL_RCCEx_GetPLL2ClockFreq
                0x080032e8      0x154 ./Drivers/STM32H7xx_HAL_Driver/Src/stm32h7xx_hal_rcc_ex.o
                0x080032e8                HAL_RCCEx_GetPLL2ClockFreq
 .text.HAL_RCCEx_GetPLL3ClockFreq
                0x0800343c      0x154 ./Drivers/STM32H7xx_HAL_Driver/Src/stm32h7xx_hal_rcc_ex.o
                0x0800343c                HAL_RCCEx_GetPLL3ClockFreq
 .text.HAL_SPI_Init
                0x08003590      0x148 ./Drivers/STM32H7xx_HAL_Driver/Src/stm32h7xx_hal_spi.o
                0x08003590                HAL_SPI_Init
 .text.HAL_TIM_Base_MspInit
                0x080036d8        0x2 ./Drivers/STM32H7xx_HAL_Driver/Src/stm32h7xx_hal_tim.o
                0x080036d8                HAL_TIM_Base_MspInit
 *fill*         0x080036da        0x2 
 .text.HAL_TIM_Base_Start_IT
                0x080036dc       0x8c ./Drivers/STM32H7xx_HAL_Driver/Src/stm32h7xx_hal_tim.o
                0x080036dc                HAL_TIM_Base_Start_IT
 .text.HAL_TIM_OC_DelayElapsedCallback
                0x08003768        0x2 ./Drivers/STM32H7xx_HAL_Driver/Src/stm32h7xx_hal_tim.o
                0x08003768                HAL_TIM_OC_DelayElapsedCallback
 .text.HAL_TIM_IC_CaptureCallback
                0x0800376a        0x2 ./Drivers/STM32H7xx_HAL_Driver/Src/stm32h7xx_hal_tim.o
                0x0800376a                HAL_TIM_IC_CaptureCallback
 .text.HAL_TIM_PWM_PulseFinishedCallback
                0x0800376c        0x2 ./Drivers/STM32H7xx_HAL_Driver/Src/stm32h7xx_hal_tim.o
                0x0800376c                HAL_TIM_PWM_PulseFinishedCallback
 .text.HAL_TIM_TriggerCallback
                0x0800376e        0x2 ./Drivers/STM32H7xx_HAL_Driver/Src/stm32h7xx_hal_tim.o
                0x0800376e                HAL_TIM_TriggerCallback
 .text.HAL_TIM_IRQHandler
                0x08003770      0x140 ./Drivers/STM32H7xx_HAL_Driver/Src/stm32h7xx_hal_tim.o
                0x08003770                HAL_TIM_IRQHandler
 .text.TIM_Base_SetConfig
                0x080038b0       0xb8 ./Drivers/STM32H7xx_HAL_Driver/Src/stm32h7xx_hal_tim.o
                0x080038b0                TIM_Base_SetConfig
 .text.HAL_TIM_Base_Init
                0x08003968       0x60 ./Drivers/STM32H7xx_HAL_Driver/Src/stm32h7xx_hal_tim.o
                0x08003968                HAL_TIM_Base_Init
 .text.HAL_TIMEx_CommutCallback
                0x080039c8        0x2 ./Drivers/STM32H7xx_HAL_Driver/Src/stm32h7xx_hal_tim_ex.o
                0x080039c8                HAL_TIMEx_CommutCallback
 .text.HAL_TIMEx_BreakCallback
                0x080039ca        0x2 ./Drivers/STM32H7xx_HAL_Driver/Src/stm32h7xx_hal_tim_ex.o
                0x080039ca                HAL_TIMEx_BreakCallback
 .text.HAL_TIMEx_Break2Callback
                0x080039cc        0x2 ./Drivers/STM32H7xx_HAL_Driver/Src/stm32h7xx_hal_tim_ex.o
                0x080039cc                HAL_TIMEx_Break2Callback
 *fill*         0x080039ce        0x2 
 .text.UART_EndRxTransfer
                0x080039d0       0x58 ./Drivers/STM32H7xx_HAL_Driver/Src/stm32h7xx_hal_uart.o
 .text.UART_SetConfig
                0x08003a28      0x310 ./Drivers/STM32H7xx_HAL_Driver/Src/stm32h7xx_hal_uart.o
                0x08003a28                UART_SetConfig
 .text.UART_AdvFeatureConfig
                0x08003d38       0xaa ./Drivers/STM32H7xx_HAL_Driver/Src/stm32h7xx_hal_uart.o
                0x08003d38                UART_AdvFeatureConfig
 .text.UART_WaitOnFlagUntilTimeout
                0x08003de2       0x90 ./Drivers/STM32H7xx_HAL_Driver/Src/stm32h7xx_hal_uart.o
                0x08003de2                UART_WaitOnFlagUntilTimeout
 .text.HAL_UART_Transmit
                0x08003e72       0xb6 ./Drivers/STM32H7xx_HAL_Driver/Src/stm32h7xx_hal_uart.o
                0x08003e72                HAL_UART_Transmit
 .text.UART_CheckIdleState
                0x08003f28       0xb6 ./Drivers/STM32H7xx_HAL_Driver/Src/stm32h7xx_hal_uart.o
                0x08003f28                UART_CheckIdleState
 .text.HAL_UART_Init
                0x08003fde       0x60 ./Drivers/STM32H7xx_HAL_Driver/Src/stm32h7xx_hal_uart.o
                0x08003fde                HAL_UART_Init
 *fill*         0x0800403e        0x2 
 .text.UARTEx_SetNbDataToProcess
                0x08004040       0x44 ./Drivers/STM32H7xx_HAL_Driver/Src/stm32h7xx_hal_uart_ex.o
 .text.HAL_UARTEx_DisableFifoMode
                0x08004084       0x36 ./Drivers/STM32H7xx_HAL_Driver/Src/stm32h7xx_hal_uart_ex.o
                0x08004084                HAL_UARTEx_DisableFifoMode
 .text.HAL_UARTEx_SetTxFifoThreshold
                0x080040ba       0x40 ./Drivers/STM32H7xx_HAL_Driver/Src/stm32h7xx_hal_uart_ex.o
                0x080040ba                HAL_UARTEx_SetTxFifoThreshold
 .text.HAL_UARTEx_SetRxFifoThreshold
                0x080040fa       0x40 ./Drivers/STM32H7xx_HAL_Driver/Src/stm32h7xx_hal_uart_ex.o
                0x080040fa                HAL_UARTEx_SetRxFifoThreshold
 .text.ld_32    0x0800413a        0x4 ./FATFS/ff.o
 .text.ld_64    0x0800413e        0x8 ./FATFS/ff.o
 .text.st_32    0x08004146       0x10 ./FATFS/ff.o
 .text.st_64    0x08004156       0x1e ./FATFS/ff.o
 .text.clst2sect
                0x08004174       0x20 ./FATFS/ff.o
 .text.sum_sfn  0x08004194       0x1e ./FATFS/ff.o
 .text.xdir_sum
                0x080041b2       0x2c ./FATFS/ff.o
 .text.init_alloc_info
                0x080041de       0x44 ./FATFS/ff.o
 .text.get_ldnumber
                0x08004222       0x2a ./FATFS/ff.o
 .text.validate
                0x0800424c       0x34 ./FATFS/ff.o
 .text.sync_window
                0x08004280       0x58 ./FATFS/ff.o
 .text.xname_sum
                0x080042d8       0x34 ./FATFS/ff.o
 .text.sync_fs  0x0800430c       0xfc ./FATFS/ff.o
 .text.st_clust
                0x08004408       0x18 ./FATFS/ff.o
 .text.move_window
                0x08004420       0x42 ./FATFS/ff.o
 *fill*         0x08004462        0x2 
 .text.check_fs
                0x08004464       0xc8 ./FATFS/ff.o
 .text.change_bitmap
                0x0800452c       0x84 ./FATFS/ff.o
 .text.get_fat  0x080045b0      0x150 ./FATFS/ff.o
 .text.dir_sdi  0x08004700       0xa8 ./FATFS/ff.o
 .text.put_fat  0x080047a8      0x118 ./FATFS/ff.o
 .text.fill_last_frag
                0x080048c0       0x30 ./FATFS/ff.o
 .text.fill_first_frag
                0x080048f0       0x30 ./FATFS/ff.o
 .text.remove_chain
                0x08004920       0xfe ./FATFS/ff.o
 .text.dir_clear
                0x08004a1e       0x68 ./FATFS/ff.o
 *fill*         0x08004a86        0x2 
 .text.mount_volume
                0x08004a88      0x524 ./FATFS/ff.o
 .text.create_chain
                0x08004fac      0x1ea ./FATFS/ff.o
 .text.dir_next
                0x08005196       0xd2 ./FATFS/ff.o
 .text.dir_alloc
                0x08005268       0x52 ./FATFS/ff.o
 .text.dir_remove
                0x080052ba       0x54 ./FATFS/ff.o
 .text.load_xdir
                0x0800530e       0xee ./FATFS/ff.o
 .text.store_xdir
                0x080053fc       0x60 ./FATFS/ff.o
 .text.dir_read.constprop.0
                0x0800545c      0x114 ./FATFS/ff.o
 .text.dir_find
                0x08005570      0x1b0 ./FATFS/ff.o
 .text.dir_register
                0x08005720      0x388 ./FATFS/ff.o
 .text.ld_clust.isra.0
                0x08005aa8       0x10 ./FATFS/ff.o
 .text.follow_path
                0x08005ab8      0x2d4 ./FATFS/ff.o
 .text.f_mount  0x08005d8c       0x48 ./FATFS/ff.o
                0x08005d8c                f_mount
 .text.f_open   0x08005dd4      0x284 ./FATFS/ff.o
                0x08005dd4                f_open
 .text.f_read   0x08006058      0x1ba ./FATFS/ff.o
                0x08006058                f_read
 .text.f_sync   0x08006212      0x166 ./FATFS/ff.o
                0x08006212                f_sync
 .text.f_close  0x08006378       0x1e ./FATFS/ff.o
                0x08006378                f_close
 .text.f_lseek  0x08006396      0x238 ./FATFS/ff.o
                0x08006396                f_lseek
 .text.f_unlink
                0x080065ce       0xb8 ./FATFS/ff.o
                0x080065ce                f_unlink
 .text.f_rename
                0x08006686      0x1e2 ./FATFS/ff.o
                0x08006686                f_rename
 .text.ff_uni2oem
                0x08006868       0x3c ./FATFS/ffunicode.o
                0x08006868                ff_uni2oem
 .text.ff_oem2uni
                0x080068a4       0x28 ./FATFS/ffunicode.o
                0x080068a4                ff_oem2uni
 .text.ff_wtoupper
                0x080068cc       0x90 ./FATFS/ffunicode.o
                0x080068cc                ff_wtoupper
 .text.config_read_capacity_complete
                0x0800695c       0x6c ./TinyUSB/class/msc/msc_host.o
 .text.tuh_msc_get_block_count
                0x080069c8       0x18 ./TinyUSB/class/msc/msc_host.o
                0x080069c8                tuh_msc_get_block_count
 .text.tuh_msc_get_block_size
                0x080069e0       0x18 ./TinyUSB/class/msc/msc_host.o
                0x080069e0                tuh_msc_get_block_size
 .text.tuh_msc_mounted
                0x080069f8       0x14 ./TinyUSB/class/msc/msc_host.o
                0x080069f8                tuh_msc_mounted
 .text.tuh_msc_scsi_command
                0x08006a0c       0x90 ./TinyUSB/class/msc/msc_host.o
                0x08006a0c                tuh_msc_scsi_command
 .text.tuh_msc_read_capacity
                0x08006a9c       0x6c ./TinyUSB/class/msc/msc_host.o
                0x08006a9c                tuh_msc_read_capacity
 .text.tuh_msc_inquiry
                0x08006b08       0x70 ./TinyUSB/class/msc/msc_host.o
                0x08006b08                tuh_msc_inquiry
 .text.tuh_msc_test_unit_ready
                0x08006b78       0x60 ./TinyUSB/class/msc/msc_host.o
                0x08006b78                tuh_msc_test_unit_ready
 .text.config_get_maxlun_complete
                0x08006bd8       0x3c ./TinyUSB/class/msc/msc_host.o
 .text.config_request_sense_complete
                0x08006c14       0x30 ./TinyUSB/class/msc/msc_host.o
 .text.tuh_msc_request_sense
                0x08006c44       0x5c ./TinyUSB/class/msc/msc_host.o
                0x08006c44                tuh_msc_request_sense
 .text.config_test_unit_ready_complete
                0x08006ca0       0x4c ./TinyUSB/class/msc/msc_host.o
 .text.tuh_msc_read10
                0x08006cec       0xac ./TinyUSB/class/msc/msc_host.o
                0x08006cec                tuh_msc_read10
 .text.tuh_msc_write10
                0x08006d98       0xb4 ./TinyUSB/class/msc/msc_host.o
                0x08006d98                tuh_msc_write10
 .text.msch_init
                0x08006e4c       0x14 ./TinyUSB/class/msc/msc_host.o
                0x08006e4c                msch_init
 .text.msch_deinit
                0x08006e60        0x4 ./TinyUSB/class/msc/msc_host.o
                0x08006e60                msch_deinit
 .text.msch_close
                0x08006e64       0x3c ./TinyUSB/class/msc/msc_host.o
                0x08006e64                msch_close
 .text.msch_xfer_cb
                0x08006ea0       0xcc ./TinyUSB/class/msc/msc_host.o
                0x08006ea0                msch_xfer_cb
 .text.msch_open
                0x08006f6c       0x9c ./TinyUSB/class/msc/msc_host.o
                0x08006f6c                msch_open
 .text.msch_set_config
                0x08007008       0x70 ./TinyUSB/class/msc/msc_host.o
                0x08007008                msch_set_config
 .text.advance_index
                0x08007078       0x16 ./TinyUSB/common/tusb_fifo.o
 .text._tu_fifo_peek
                0x0800708e       0x4a ./TinyUSB/common/tusb_fifo.o
 .text.tu_fifo_empty
                0x080070d8       0x10 ./TinyUSB/common/tusb_fifo.o
                0x080070d8                tu_fifo_empty
 .text.tu_fifo_full
                0x080070e8       0x22 ./TinyUSB/common/tusb_fifo.o
                0x080070e8                tu_fifo_full
 .text.tu_fifo_read
                0x0800710a       0x24 ./TinyUSB/common/tusb_fifo.o
                0x0800710a                tu_fifo_read
 .text.tu_fifo_write
                0x0800712e       0x46 ./TinyUSB/common/tusb_fifo.o
                0x0800712e                tu_fifo_write
 .text.tu_fifo_clear
                0x08007174        0xa ./TinyUSB/common/tusb_fifo.o
                0x08007174                tu_fifo_clear
 *fill*         0x0800717e        0x2 
 .text.get_driver
                0x08007180       0x28 ./TinyUSB/host/usbh.o
 .text._control_blocking_complete_cb
                0x080071a8        0x8 ./TinyUSB/host/usbh.o
 .text._control_xfer_complete
                0x080071b0       0x50 ./TinyUSB/host/usbh.o
 .text.usbh_int_set
                0x08007200       0x14 ./TinyUSB/host/usbh.o
                0x08007200                usbh_int_set
 .text.clear_device.constprop.0
                0x08007214       0x30 ./TinyUSB/host/usbh.o
 .text.process_removed_device
                0x08007244       0xa0 ./TinyUSB/host/usbh.o
 .text.tuh_enum_descriptor_device_cb
                0x080072e4        0x2 ./TinyUSB/host/usbh.o
                0x080072e4                tuh_enum_descriptor_device_cb
 .text.tuh_enum_descriptor_configuration_cb
                0x080072e6        0x4 ./TinyUSB/host/usbh.o
                0x080072e6                tuh_enum_descriptor_configuration_cb
 .text.tuh_event_hook_cb
                0x080072ea        0x2 ./TinyUSB/host/usbh.o
                0x080072ea                tuh_event_hook_cb
 .text.tuh_connected
                0x080072ec       0x28 ./TinyUSB/host/usbh.o
                0x080072ec                tuh_connected
 .text.tuh_rhport_init
                0x08007314       0xbc ./TinyUSB/host/usbh.o
                0x08007314                tuh_rhport_init
 .text.tuh_task_event_ready
                0x080073d0       0x28 ./TinyUSB/host/usbh.o
                0x080073d0                tuh_task_event_ready
 .text.usbh_get_enum_buf
                0x080073f8        0x8 ./TinyUSB/host/usbh.o
                0x080073f8                usbh_get_enum_buf
 .text.usbh_spin_lock
                0x08007400        0x8 ./TinyUSB/host/usbh.o
                0x08007400                usbh_spin_lock
 .text.usbh_spin_unlock
                0x08007408        0xa ./TinyUSB/host/usbh.o
                0x08007408                usbh_spin_unlock
 *fill*         0x08007412        0x2 
 .text.usbh_edpt_claim
                0x08007414       0x38 ./TinyUSB/host/usbh.o
                0x08007414                usbh_edpt_claim
 .text.usbh_edpt_release
                0x0800744c       0x28 ./TinyUSB/host/usbh.o
                0x0800744c                usbh_edpt_release
 .text.usbh_edpt_xfer_with_callback
                0x08007474       0x64 ./TinyUSB/host/usbh.o
                0x08007474                usbh_edpt_xfer_with_callback
 .text.tuh_bus_info_get
                0x080074d8       0x20 ./TinyUSB/host/usbh.o
                0x080074d8                tuh_bus_info_get
 .text.tuh_speed_get
                0x080074f8       0x10 ./TinyUSB/host/usbh.o
                0x080074f8                tuh_speed_get
 .text.usbh_get_rhport
                0x08007508       0x10 ./TinyUSB/host/usbh.o
                0x08007508                usbh_get_rhport
 .text.usbh_edpt_control_open
                0x08007518       0x2e ./TinyUSB/host/usbh.o
 *fill*         0x08007546        0x2 
 .text.tuh_edpt_abort_xfer
                0x08007548       0x74 ./TinyUSB/host/usbh.o
                0x08007548                tuh_edpt_abort_xfer
 .text.tuh_edpt_open
                0x080075bc       0x3a ./TinyUSB/host/usbh.o
                0x080075bc                tuh_edpt_open
 *fill*         0x080075f6        0x2 
 .text.usbh_control_xfer_cb.isra.0
                0x080075f8       0xec ./TinyUSB/host/usbh.o
 .text.hcd_event_handler
                0x080076e4       0x6c ./TinyUSB/host/usbh.o
                0x080076e4                hcd_event_handler
 .text.usbh_driver_set_config_complete
                0x08007750       0x58 ./TinyUSB/host/usbh.o
                0x08007750                usbh_driver_set_config_complete
 .text.process_enumeration
                0x080077a8      0x3a4 ./TinyUSB/host/usbh.o
 .text.tuh_task_ext
                0x08007b4c      0x1f4 ./TinyUSB/host/usbh.o
                0x08007b4c                tuh_task_ext
 .text.tuh_control_xfer
                0x08007d40       0xd8 ./TinyUSB/host/usbh.o
                0x08007d40                tuh_control_xfer
 .text.tuh_descriptor_get
                0x08007e18       0x42 ./TinyUSB/host/usbh.o
                0x08007e18                tuh_descriptor_get
 .text.tuh_descriptor_get_device
                0x08007e5a       0x1e ./TinyUSB/host/usbh.o
                0x08007e5a                tuh_descriptor_get_device
 .text.tuh_descriptor_get_configuration
                0x08007e78       0x1a ./TinyUSB/host/usbh.o
                0x08007e78                tuh_descriptor_get_configuration
 .text.tuh_descriptor_get_string
                0x08007e92       0x42 ./TinyUSB/host/usbh.o
                0x08007e92                tuh_descriptor_get_string
 .text.tuh_address_set
                0x08007ed4       0x48 ./TinyUSB/host/usbh.o
                0x08007ed4                tuh_address_set
 .text.tuh_configuration_set
                0x08007f1c       0x38 ./TinyUSB/host/usbh.o
                0x08007f1c                tuh_configuration_set
 .text.find_ep_not_addr0
                0x08007f54       0x4c ./TinyUSB/portable/analog/max3421/hcd_max3421.o
 .text.find_next_pending_ep
                0x08007fa0       0x88 ./TinyUSB/portable/analog/max3421/hcd_max3421.o
 .text.max3421_spi_lock
                0x08008028       0x16 ./TinyUSB/portable/analog/max3421/hcd_max3421.o
 .text.max3421_spi_unlock
                0x0800803e       0x1c ./TinyUSB/portable/analog/max3421/hcd_max3421.o
 *fill*         0x0800805a        0x2 
 .text.hwfifo_write
                0x0800805c       0x50 ./TinyUSB/portable/analog/max3421/hcd_max3421.o
 .text.tuh_max3421_reg_read
                0x080080ac       0x4c ./TinyUSB/portable/analog/max3421/hcd_max3421.o
                0x080080ac                tuh_max3421_reg_read
 .text.tuh_max3421_reg_write
                0x080080f8       0x48 ./TinyUSB/portable/analog/max3421/hcd_max3421.o
                0x080080f8                tuh_max3421_reg_write
 .text.xact_setup
                0x08008140       0x44 ./TinyUSB/portable/analog/max3421/hcd_max3421.o
 .text.xact_out
                0x08008184       0x94 ./TinyUSB/portable/analog/max3421/hcd_max3421.o
 .text.xact_generic.constprop.0
                0x08008218       0xa0 ./TinyUSB/portable/analog/max3421/hcd_max3421.o
 .text.xfer_complete_isr
                0x080082b8       0x8c ./TinyUSB/portable/analog/max3421/hcd_max3421.o
 .text.hcd_init
                0x08008344       0xd8 ./TinyUSB/portable/analog/max3421/hcd_max3421.o
                0x08008344                hcd_init
 .text.hcd_int_enable
                0x0800841c        0x6 ./TinyUSB/portable/analog/max3421/hcd_max3421.o
                0x0800841c                hcd_int_enable
 .text.hcd_int_disable
                0x08008422        0x6 ./TinyUSB/portable/analog/max3421/hcd_max3421.o
                0x08008422                hcd_int_disable
 .text.hcd_port_connect_status
                0x08008428       0x10 ./TinyUSB/portable/analog/max3421/hcd_max3421.o
                0x08008428                hcd_port_connect_status
 .text.hcd_port_reset
                0x08008438        0xa ./TinyUSB/portable/analog/max3421/hcd_max3421.o
                0x08008438                hcd_port_reset
 .text.hcd_port_reset_end
                0x08008442        0xa ./TinyUSB/portable/analog/max3421/hcd_max3421.o
                0x08008442                hcd_port_reset_end
 .text.hcd_port_speed_get
                0x0800844c       0x10 ./TinyUSB/portable/analog/max3421/hcd_max3421.o
                0x0800844c                hcd_port_speed_get
 .text.hcd_device_close
                0x0800845c        0x2 ./TinyUSB/portable/analog/max3421/hcd_max3421.o
                0x0800845c                hcd_device_close
 *fill*         0x0800845e        0x2 
 .text.hcd_edpt_open
                0x08008460       0x7c ./TinyUSB/portable/analog/max3421/hcd_max3421.o
                0x08008460                hcd_edpt_open
 .text.hcd_edpt_xfer
                0x080084dc       0x84 ./TinyUSB/portable/analog/max3421/hcd_max3421.o
                0x080084dc                hcd_edpt_xfer
 .text.hcd_edpt_abort_xfer
                0x08008560       0x4c ./TinyUSB/portable/analog/max3421/hcd_max3421.o
                0x08008560                hcd_edpt_abort_xfer
 .text.hcd_setup_send
                0x080085ac       0x7c ./TinyUSB/portable/analog/max3421/hcd_max3421.o
                0x080085ac                hcd_setup_send
 .text.hcd_int_handler
                0x08008628      0x3c4 ./TinyUSB/portable/analog/max3421/hcd_max3421.o
                0x08008628                hcd_int_handler
 .text.tusb_time_delay_ms_api
                0x080089ec       0x16 ./TinyUSB/tusb.o
                0x080089ec                tusb_time_delay_ms_api
 *fill*         0x08008a02        0x2 
 .text.tusb_rhport_init
                0x08008a04       0x60 ./TinyUSB/tusb.o
                0x08008a04                tusb_rhport_init
 .text.tu_edpt_claim
                0x08008a64       0x36 ./TinyUSB/tusb.o
                0x08008a64                tu_edpt_claim
 .text.tu_edpt_release
                0x08008a9a       0x22 ./TinyUSB/tusb.o
                0x08008a9a                tu_edpt_release
 .text.tu_edpt_validate
                0x08008abc       0x88 ./TinyUSB/tusb.o
                0x08008abc                tu_edpt_validate
 .text.tu_edpt_bind_driver
                0x08008b44       0x24 ./TinyUSB/tusb.o
                0x08008b44                tu_edpt_bind_driver
 .text.tu_desc_get_interface_total_len
                0x08008b68       0x3a ./TinyUSB/tusb.o
                0x08008b68                tu_desc_get_interface_total_len
 .text.memcmp   0x08008ba2       0x20 C:/ST/STM32CubeIDE2.1.1/STM32CubeIDE/plugins/com.st.stm32cube.ide.mcu.externaltools.gnu-tools-for-stm32.14.3.rel1.win32_1.0.100.202602081740/tools/bin/../lib/gcc/arm-none-eabi/14.3.1/../../../../arm-none-eabi/lib/thumb/v7e-m+dp/hard\libc_nano.a(libc_a-memcmp.o)
                0x08008ba2                memcmp
 .text.memset   0x08008bc2       0x10 C:/ST/STM32CubeIDE2.1.1/STM32CubeIDE/plugins/com.st.stm32cube.ide.mcu.externaltools.gnu-tools-for-stm32.14.3.rel1.win32_1.0.100.202602081740/tools/bin/../lib/gcc/arm-none-eabi/14.3.1/../../../../arm-none-eabi/lib/thumb/v7e-m+dp/hard\libc_nano.a(libc_a-memset.o)
                0x08008bc2                memset
 .text.strchr   0x08008bd2       0x1a C:/ST/STM32CubeIDE2.1.1/STM32CubeIDE/plugins/com.st.stm32cube.ide.mcu.externaltools.gnu-tools-for-stm32.14.3.rel1.win32_1.0.100.202602081740/tools/bin/../lib/gcc/arm-none-eabi/14.3.1/../../../../arm-none-eabi/lib/thumb/v7e-m+dp/hard\libc_nano.a(libc_a-strchr.o)
                0x08008bd2                strchr
 .text.__libc_init_array
                0x08008bec       0x48 C:/ST/STM32CubeIDE2.1.1/STM32CubeIDE/plugins/com.st.stm32cube.ide.mcu.externaltools.gnu-tools-for-stm32.14.3.rel1.win32_1.0.100.202602081740/tools/bin/../lib/gcc/arm-none-eabi/14.3.1/../../../../arm-none-eabi/lib/thumb/v7e-m+dp/hard\libc_nano.a(libc_a-init.o)
                0x08008bec                __libc_init_array
 .text.memcpy   0x08008c34       0x1c C:/ST/STM32CubeIDE2.1.1/STM32CubeIDE/plugins/com.st.stm32cube.ide.mcu.externaltools.gnu-tools-for-stm32.14.3.rel1.win32_1.0.100.202602081740/tools/bin/../lib/gcc/arm-none-eabi/14.3.1/../../../../arm-none-eabi/lib/thumb/v7e-m+dp/hard\libc_nano.a(libc_a-memcpy-stub.o)
                0x08008c34                memcpy
 *(.glue_7)
 .glue_7        0x08008c50        0x0 linker stubs
 *(.glue_7t)
 .glue_7t       0x08008c50        0x0 linker stubs
 *(.eh_frame)
 .eh_frame      0x08008c50        0x0 C:/ST/STM32CubeIDE2.1.1/STM32CubeIDE/plugins/com.st.stm32cube.ide.mcu.externaltools.gnu-tools-for-stm32.14.3.rel1.win32_1.0.100.202602081740/tools/bin/../lib/gcc/arm-none-eabi/14.3.1/thumb/v7e-m+dp/hard/crtbegin.o
 *(.init)
 .init          0x08008c50        0x4 C:/ST/STM32CubeIDE2.1.1/STM32CubeIDE/plugins/com.st.stm32cube.ide.mcu.externaltools.gnu-tools-for-stm32.14.3.rel1.win32_1.0.100.202602081740/tools/bin/../lib/gcc/arm-none-eabi/14.3.1/thumb/v7e-m+dp/hard/crti.o
                0x08008c50                _init
 .init          0x08008c54        0x8 C:/ST/STM32CubeIDE2.1.1/STM32CubeIDE/plugins/com.st.stm32cube.ide.mcu.externaltools.gnu-tools-for-stm32.14.3.rel1.win32_1.0.100.202602081740/tools/bin/../lib/gcc/arm-none-eabi/14.3.1/thumb/v7e-m+dp/hard/crtn.o
 *(.fini)
 .fini          0x08008c5c        0x4 C:/ST/STM32CubeIDE2.1.1/STM32CubeIDE/plugins/com.st.stm32cube.ide.mcu.externaltools.gnu-tools-for-stm32.14.3.rel1.win32_1.0.100.202602081740/tools/bin/../lib/gcc/arm-none-eabi/14.3.1/thumb/v7e-m+dp/hard/crti.o
                0x08008c5c                _fini
 .fini          0x08008c60        0x8 C:/ST/STM32CubeIDE2.1.1/STM32CubeIDE/plugins/com.st.stm32cube.ide.mcu.externaltools.gnu-tools-for-stm32.14.3.rel1.win32_1.0.100.202602081740/tools/bin/../lib/gcc/arm-none-eabi/14.3.1/thumb/v7e-m+dp/hard/crtn.o
                0x08008c68                        . = ALIGN (0x4)
                0x08008c68                        _etext = .

.vfp11_veneer   0x08008c68        0x0
 .vfp11_veneer  0x08008c68        0x0 linker stubs

.v4_bx          0x08008c68        0x0
 .v4_bx         0x08008c68        0x0 linker stubs

.iplt           0x08008c68        0x0
 .iplt          0x08008c68        0x0 C:/ST/STM32CubeIDE2.1.1/STM32CubeIDE/plugins/com.st.stm32cube.ide.mcu.externaltools.gnu-tools-for-stm32.14.3.rel1.win32_1.0.100.202602081740/tools/bin/../lib/gcc/arm-none-eabi/14.3.1/thumb/v7e-m+dp/hard/crtbegin.o

.rodata         0x08008c68      0x868
                0x08008c68                        . = ALIGN (0x4)
 *(.rodata)
 .rodata        0x08008c68        0x2 ./Core/Src/main.o
 .rodata        0x08008c6a        0xc ./FATFS/ff.o
 *(.rodata*)
 .rodata.compareFlashToFile.str1.1
                0x08008c76      0x3b8 ./Core/Src/main.o
                                 0x90 (size before relaxing)
 .rodata.CopyFileToFlashMemory.str1.1
                0x0800902e       0xc3 ./Core/Src/main.o
 .rodata.inquiry_complete_cb.str1.1
                0x0800902e      0x204 ./Core/Src/main.o
 .rodata.main.str1.1
                0x0800902e       0x51 ./Core/Src/main.o
 .rodata.D1CorePrescTable
                0x0800902e       0x10 ./Core/Src/system_stm32h7xx.o
                0x0800902e                D1CorePrescTable
 .rodata.UARTPrescTable
                0x0800903e       0x18 ./Drivers/STM32H7xx_HAL_Driver/Src/stm32h7xx_hal_uart.o
                0x0800903e                UARTPrescTable
 .rodata.denominator.0
                0x08009056        0x8 ./Drivers/STM32H7xx_HAL_Driver/Src/stm32h7xx_hal_uart_ex.o
 .rodata.numerator.1
                0x0800905e        0x8 ./Drivers/STM32H7xx_HAL_Driver/Src/stm32h7xx_hal_uart_ex.o
 .rodata.check_fs.str1.1
                0x08009066       0x15 ./FATFS/ff.o
 .rodata.follow_path.str1.1
                0x08009066       0x10 ./FATFS/ff.o
 .rodata.ExCvt  0x08009066       0x80 ./FATFS/ff.o
 .rodata.LfnOfs
                0x080090e6        0xd ./FATFS/ff.o
 .rodata.GUID_MS_Basic
                0x080090f3       0x10 ./FATFS/ff.o
 *fill*         0x08009103        0x1 
 .rodata.cvt2.0
                0x08009104       0xbc ./FATFS/ffunicode.o
 .rodata.cvt1.1
                0x080091c0      0x1f2 ./FATFS/ffunicode.o
 .rodata.uc437  0x080093b2      0x100 ./FATFS/ffunicode.o
 *fill*         0x080094b2        0x2 
 .rodata.usbh_class_drivers
                0x080094b4       0x1c ./TinyUSB/host/usbh.o
                0x080094d0                        . = ALIGN (0x4)

.ARM.extab
 *(.ARM.extab* .gnu.linkonce.armextab.*)

.ARM            0x080094d0        0x8
                0x080094d0                        __exidx_start = .
 *(.ARM.exidx*)
 .ARM.exidx     0x080094d0        0x8 C:/ST/STM32CubeIDE2.1.1/STM32CubeIDE/plugins/com.st.stm32cube.ide.mcu.externaltools.gnu-tools-for-stm32.14.3.rel1.win32_1.0.100.202602081740/tools/bin/../lib/gcc/arm-none-eabi/14.3.1/thumb/v7e-m+dp/hard\libgcc.a(_udivmoddi4.o)
                0x080094d8                        __exidx_end = .

.preinit_array  0x080094d8        0x0
                0x080094d8                        PROVIDE (__preinit_array_start = .)
 *(.preinit_array*)
                0x080094d8                        PROVIDE (__preinit_array_end = .)

.init_array     0x080094d8        0x4
                0x080094d8                        PROVIDE (__init_array_start = .)
 *(SORT_BY_NAME(.init_array.*))
 *(.init_array*)
 .init_array    0x080094d8        0x4 C:/ST/STM32CubeIDE2.1.1/STM32CubeIDE/plugins/com.st.stm32cube.ide.mcu.externaltools.gnu-tools-for-stm32.14.3.rel1.win32_1.0.100.202602081740/tools/bin/../lib/gcc/arm-none-eabi/14.3.1/thumb/v7e-m+dp/hard/crtbegin.o
                0x080094dc                        PROVIDE (__init_array_end = .)

.fini_array     0x080094dc        0x4
                [!provide]                        PROVIDE (__fini_array_start = .)
 *(SORT_BY_NAME(.fini_array.*))
 *(.fini_array*)
 .fini_array    0x080094dc        0x4 C:/ST/STM32CubeIDE2.1.1/STM32CubeIDE/plugins/com.st.stm32cube.ide.mcu.externaltools.gnu-tools-for-stm32.14.3.rel1.win32_1.0.100.202602081740/tools/bin/../lib/gcc/arm-none-eabi/14.3.1/thumb/v7e-m+dp/hard/crtbegin.o
                [!provide]                        PROVIDE (__fini_array_end = .)
                0x080094e0                        _sidata = LOADADDR (.data)

.rel.dyn        0x080094e0        0x0
 .rel.iplt      0x080094e0        0x0 C:/ST/STM32CubeIDE2.1.1/STM32CubeIDE/plugins/com.st.stm32cube.ide.mcu.externaltools.gnu-tools-for-stm32.14.3.rel1.win32_1.0.100.202602081740/tools/bin/../lib/gcc/arm-none-eabi/14.3.1/thumb/v7e-m+dp/hard/crtbegin.o

.data           0x24000000       0x40 load address 0x080094e0
                0x24000000                        . = ALIGN (0x4)
                0x24000000                        _sdata = .
 *(.data)
 *(.data*)
 .data.SystemD2Clock
                0x24000000        0x4 ./Core/Src/system_stm32h7xx.o
                0x24000000                SystemD2Clock
 .data.SystemCoreClock
                0x24000004        0x4 ./Core/Src/system_stm32h7xx.o
                0x24000004                SystemCoreClock
 .data.uwTickFreq
                0x24000008        0x1 ./Drivers/STM32H7xx_HAL_Driver/Src/stm32h7xx_hal.o
                0x24000008                uwTickFreq
 *fill*         0x24000009        0x3 
 .data.uwTickPrio
                0x2400000c        0x4 ./Drivers/STM32H7xx_HAL_Driver/Src/stm32h7xx_hal.o
                0x2400000c                uwTickPrio
 .data._usbh_data
                0x24000010       0x1c ./TinyUSB/host/usbh.o
 .data._usbh_qdef
                0x2400002c       0x10 ./TinyUSB/host/usbh.o
                0x2400002c                _usbh_qdef
 .data._tuh_cfg
                0x2400003c        0x3 ./TinyUSB/portable/analog/max3421/hcd_max3421.o
 *(.RamFunc)
 *(.RamFunc*)
                0x24000040                        . = ALIGN (0x4)
 *fill*         0x2400003f        0x1 
                0x24000040                        _edata = .

.igot.plt       0x24000040        0x0 load address 0x08009520
 .igot.plt      0x24000040        0x0 C:/ST/STM32CubeIDE2.1.1/STM32CubeIDE/plugins/com.st.stm32cube.ide.mcu.externaltools.gnu-tools-for-stm32.14.3.rel1.win32_1.0.100.202602081740/tools/bin/../lib/gcc/arm-none-eabi/14.3.1/thumb/v7e-m+dp/hard/crtbegin.o
                0x24000040                        . = ALIGN (0x4)

.bss            0x24000040     0x1de4 load address 0x08009520
                0x24000040                        _sbss = .
                0x24000040                        __bss_start__ = _sbss
 *(.bss)
 .bss           0x24000040       0x1c C:/ST/STM32CubeIDE2.1.1/STM32CubeIDE/plugins/com.st.stm32cube.ide.mcu.externaltools.gnu-tools-for-stm32.14.3.rel1.win32_1.0.100.202602081740/tools/bin/../lib/gcc/arm-none-eabi/14.3.1/thumb/v7e-m+dp/hard/crtbegin.o
 *(.bss*)
 .bss.dummy.0   0x2400005c        0x1 ./Core/Src/main.o
 .bss._disk_busy
                0x2400005d        0x1 ./Core/Src/main.o
                0x2400005d                _disk_busy
 *fill*         0x2400005e        0x2 
 .bss.fileBuffer
                0x24000060     0x1000 ./Core/Src/main.o
                0x24000060                fileBuffer
 .bss.fileSize  0x24001060        0x4 ./Core/Src/main.o
                0x24001060                fileSize
 .bss.result    0x24001064        0x1 ./Core/Src/main.o
                0x24001064                result
 *fill*         0x24001065        0x3 
 .bss.fwFile    0x24001068      0x260 ./Core/Src/main.o
                0x24001068                fwFile
 .bss.FatFs     0x240012c8      0x258 ./Core/Src/main.o
                0x240012c8                FatFs
 .bss.huart1    0x24001520       0x94 ./Core/Src/main.o
                0x24001520                huart1
 .bss.hspi2     0x240015b4       0x88 ./Core/Src/main.o
                0x240015b4                hspi2
 .bss.scsi_resp
                0x2400163c       0x24 ./Core/Src/main.o
 .bss.htim6     0x24001660       0x4c ./Core/Src/stm32h7xx_hal_timebase_tim.o
                0x24001660                htim6
 .bss.uwTick    0x240016ac        0x4 ./Drivers/STM32H7xx_HAL_Driver/Src/stm32h7xx_hal.o
                0x240016ac                uwTick
 .bss.pFlash    0x240016b0       0x1c ./Drivers/STM32H7xx_HAL_Driver/Src/stm32h7xx_hal_flash.o
                0x240016b0                pFlash
 .bss.LfnBuf    0x240016cc      0x200 ./FATFS/ff.o
 .bss.DirBuf    0x240018cc      0x260 ./FATFS/ff.o
 .bss.Fsid      0x24001b2c        0x2 ./FATFS/ff.o
 *fill*         0x24001b2e        0x2 
 .bss.FatFs     0x24001b30        0x4 ./FATFS/ff.o
 .bss._msch_epbuf
                0x24001b34       0x30 ./TinyUSB/class/msc/msc_host.o
 .bss._msch_itf
                0x24001b64       0x1c ./TinyUSB/class/msc/msc_host.o
 .bss.failed_count.0
                0x24001b80        0x1 ./TinyUSB/host/usbh.o
 .bss._app_driver_count
                0x24001b81        0x1 ./TinyUSB/host/usbh.o
 *fill*         0x24001b82        0x2 
 .bss._app_driver
                0x24001b84        0x4 ./TinyUSB/host/usbh.o
 .bss._usbh_epbuf
                0x24001b88      0x108 ./TinyUSB/host/usbh.o
 .bss._usbh_q   0x24001c90        0x4 ./TinyUSB/host/usbh.o
 .bss._usbh_qdef_buf
                0x24001c94       0xc0 ./TinyUSB/host/usbh.o
                0x24001c94                _usbh_qdef_buf
 .bss._usbh_devices
                0x24001d54       0x5e ./TinyUSB/host/usbh.o
 *fill*         0x24001db2        0x2 
 .bss._hcd_data
                0x24001db4       0x6c ./TinyUSB/portable/analog/max3421/hcd_max3421.o
 .bss._tusb_rhport_role
                0x24001e20        0x2 ./TinyUSB/tusb.o
                0x24001e20                _tusb_rhport_role
 *(COMMON)
                0x24001e24                        . = ALIGN (0x4)
 *fill*         0x24001e22        0x2 
                0x24001e24                        _ebss = .
                0x24001e24                        __bss_end__ = _ebss

._user_heap_stack
                0x24001e24      0x604 load address 0x08009520
                0x24001e28                        . = ALIGN (0x8)
 *fill*         0x24001e24        0x4 
                [!provide]                        PROVIDE (end = .)
                0x24001e28                        PROVIDE (_end = .)
                0x24002028                        . = (. + _Min_Heap_Size)
 *fill*         0x24001e28      0x200 
                0x24002428                        . = (. + _Min_Stack_Size)
 *fill*         0x24002028      0x400 
                0x24002428                        . = ALIGN (0x8)

/DISCARD/
 libc.a(*)
 libm.a(*)
 libgcc.a(*)

.ARM.attributes
                0x00000000       0x2e
 *(.ARM.attributes)
 .ARM.attributes
                0x00000000       0x20 C:/ST/STM32CubeIDE2.1.1/STM32CubeIDE/plugins/com.st.stm32cube.ide.mcu.externaltools.gnu-tools-for-stm32.14.3.rel1.win32_1.0.100.202602081740/tools/bin/../lib/gcc/arm-none-eabi/14.3.1/thumb/v7e-m+dp/hard/crti.o
 .ARM.attributes
                0x00000020       0x32 C:/ST/STM32CubeIDE2.1.1/STM32CubeIDE/plugins/com.st.stm32cube.ide.mcu.externaltools.gnu-tools-for-stm32.14.3.rel1.win32_1.0.100.202602081740/tools/bin/../lib/gcc/arm-none-eabi/14.3.1/thumb/v7e-m+dp/hard/crtbegin.o
 .ARM.attributes
                0x00000052       0x32 ./Core/Src/main.o
 .ARM.attributes
                0x00000084       0x32 ./Core/Src/stm32h7xx_hal_msp.o
 .ARM.attributes
                0x000000b6       0x32 ./Core/Src/stm32h7xx_hal_timebase_tim.o
 .ARM.attributes
                0x000000e8       0x32 ./Core/Src/stm32h7xx_it.o
 .ARM.attributes
                0x0000011a       0x32 ./Core/Src/system_stm32h7xx.o
 .ARM.attributes
                0x0000014c       0x21 ./Core/Startup/startup_stm32h723vgtx.o
 .ARM.attributes
                0x0000016d       0x32 ./Drivers/STM32H7xx_HAL_Driver/Src/stm32h7xx_hal.o
 .ARM.attributes
                0x0000019f       0x32 ./Drivers/STM32H7xx_HAL_Driver/Src/stm32h7xx_hal_cortex.o
 .ARM.attributes
                0x000001d1       0x32 ./Drivers/STM32H7xx_HAL_Driver/Src/stm32h7xx_hal_flash.o
 .ARM.attributes
                0x00000203       0x32 ./Drivers/STM32H7xx_HAL_Driver/Src/stm32h7xx_hal_flash_ex.o
 .ARM.attributes
                0x00000235       0x32 ./Drivers/STM32H7xx_HAL_Driver/Src/stm32h7xx_hal_gpio.o
 .ARM.attributes
                0x00000267       0x32 ./Drivers/STM32H7xx_HAL_Driver/Src/stm32h7xx_hal_pwr.o
 .ARM.attributes
                0x00000299       0x32 ./Drivers/STM32H7xx_HAL_Driver/Src/stm32h7xx_hal_pwr_ex.o
 .ARM.attributes
                0x000002cb       0x32 ./Drivers/STM32H7xx_HAL_Driver/Src/stm32h7xx_hal_rcc.o
 .ARM.attributes
                0x000002fd       0x32 ./Drivers/STM32H7xx_HAL_Driver/Src/stm32h7xx_hal_rcc_ex.o
 .ARM.attributes
                0x0000032f       0x32 ./Drivers/STM32H7xx_HAL_Driver/Src/stm32h7xx_hal_spi.o
 .ARM.attributes
                0x00000361       0x32 ./Drivers/STM32H7xx_HAL_Driver/Src/stm32h7xx_hal_tim.o
 .ARM.attributes
                0x00000393       0x32 ./Drivers/STM32H7xx_HAL_Driver/Src/stm32h7xx_hal_tim_ex.o
 .ARM.attributes
                0x000003c5       0x32 ./Drivers/STM32H7xx_HAL_Driver/Src/stm32h7xx_hal_uart.o
 .ARM.attributes
                0x000003f7       0x32 ./Drivers/STM32H7xx_HAL_Driver/Src/stm32h7xx_hal_uart_ex.o
 .ARM.attributes
                0x00000429       0x32 ./FATFS/ff.o
 .ARM.attributes
                0x0000045b       0x32 ./FATFS/ffunicode.o
 .ARM.attributes
                0x0000048d       0x32 ./TinyUSB/class/msc/msc_host.o
 .ARM.attributes
                0x000004bf       0x32 ./TinyUSB/common/tusb_fifo.o
 .ARM.attributes
                0x000004f1       0x32 ./TinyUSB/host/usbh.o
 .ARM.attributes
                0x00000523       0x32 ./TinyUSB/portable/analog/max3421/hcd_max3421.o
 .ARM.attributes
                0x00000555       0x32 ./TinyUSB/tusb.o
 .ARM.attributes
                0x00000587       0x32 C:/ST/STM32CubeIDE2.1.1/STM32CubeIDE/plugins/com.st.stm32cube.ide.mcu.externaltools.gnu-tools-for-stm32.14.3.rel1.win32_1.0.100.202602081740/tools/bin/../lib/gcc/arm-none-eabi/14.3.1/../../../../arm-none-eabi/lib/thumb/v7e-m+dp/hard\libc_nano.a(libc_a-memcmp.o)
 .ARM.attributes
                0x000005b9       0x32 C:/ST/STM32CubeIDE2.1.1/STM32CubeIDE/plugins/com.st.stm32cube.ide.mcu.externaltools.gnu-tools-for-stm32.14.3.rel1.win32_1.0.100.202602081740/tools/bin/../lib/gcc/arm-none-eabi/14.3.1/../../../../arm-none-eabi/lib/thumb/v7e-m+dp/hard\libc_nano.a(libc_a-memset.o)
 .ARM.attributes
                0x000005eb       0x32 C:/ST/STM32CubeIDE2.1.1/STM32CubeIDE/plugins/com.st.stm32cube.ide.mcu.externaltools.gnu-tools-for-stm32.14.3.rel1.win32_1.0.100.202602081740/tools/bin/../lib/gcc/arm-none-eabi/14.3.1/../../../../arm-none-eabi/lib/thumb/v7e-m+dp/hard\libc_nano.a(libc_a-strchr.o)
 .ARM.attributes
                0x0000061d       0x32 C:/ST/STM32CubeIDE2.1.1/STM32CubeIDE/plugins/com.st.stm32cube.ide.mcu.externaltools.gnu-tools-for-stm32.14.3.rel1.win32_1.0.100.202602081740/tools/bin/../lib/gcc/arm-none-eabi/14.3.1/../../../../arm-none-eabi/lib/thumb/v7e-m+dp/hard\libc_nano.a(libc_a-init.o)
 .ARM.attributes
                0x0000064f       0x32 C:/ST/STM32CubeIDE2.1.1/STM32CubeIDE/plugins/com.st.stm32cube.ide.mcu.externaltools.gnu-tools-for-stm32.14.3.rel1.win32_1.0.100.202602081740/tools/bin/../lib/gcc/arm-none-eabi/14.3.1/../../../../arm-none-eabi/lib/thumb/v7e-m+dp/hard\libc_nano.a(libc_a-memcpy-stub.o)
 .ARM.attributes
                0x00000681       0x20 C:/ST/STM32CubeIDE2.1.1/STM32CubeIDE/plugins/com.st.stm32cube.ide.mcu.externaltools.gnu-tools-for-stm32.14.3.rel1.win32_1.0.100.202602081740/tools/bin/../lib/gcc/arm-none-eabi/14.3.1/thumb/v7e-m+dp/hard\libgcc.a(_aeabi_uldivmod.o)
 .ARM.attributes
                0x000006a1       0x32 C:/ST/STM32CubeIDE2.1.1/STM32CubeIDE/plugins/com.st.stm32cube.ide.mcu.externaltools.gnu-tools-for-stm32.14.3.rel1.win32_1.0.100.202602081740/tools/bin/../lib/gcc/arm-none-eabi/14.3.1/thumb/v7e-m+dp/hard\libgcc.a(_udivmoddi4.o)
 .ARM.attributes
                0x000006d3       0x20 C:/ST/STM32CubeIDE2.1.1/STM32CubeIDE/plugins/com.st.stm32cube.ide.mcu.externaltools.gnu-tools-for-stm32.14.3.rel1.win32_1.0.100.202602081740/tools/bin/../lib/gcc/arm-none-eabi/14.3.1/thumb/v7e-m+dp/hard\libgcc.a(_dvmd_tls.o)
 .ARM.attributes
                0x000006f3       0x20 C:/ST/STM32CubeIDE2.1.1/STM32CubeIDE/plugins/com.st.stm32cube.ide.mcu.externaltools.gnu-tools-for-stm32.14.3.rel1.win32_1.0.100.202602081740/tools/bin/../lib/gcc/arm-none-eabi/14.3.1/thumb/v7e-m+dp/hard/crtn.o
OUTPUT(H723_MAX3421 FAT_R0.16.elf elf32-littlearm)
LOAD linker stubs
LOAD C:/ST/STM32CubeIDE2.1.1/STM32CubeIDE/plugins/com.st.stm32cube.ide.mcu.externaltools.gnu-tools-for-stm32.14.3.rel1.win32_1.0.100.202602081740/tools/bin/../lib/gcc/arm-none-eabi/14.3.1/../../../../arm-none-eabi/lib/thumb/v7e-m+dp/hard\libc.a
LOAD C:/ST/STM32CubeIDE2.1.1/STM32CubeIDE/plugins/com.st.stm32cube.ide.mcu.externaltools.gnu-tools-for-stm32.14.3.rel1.win32_1.0.100.202602081740/tools/bin/../lib/gcc/arm-none-eabi/14.3.1/../../../../arm-none-eabi/lib/thumb/v7e-m+dp/hard\libm.a
LOAD C:/ST/STM32CubeIDE2.1.1/STM32CubeIDE/plugins/com.st.stm32cube.ide.mcu.externaltools.gnu-tools-for-stm32.14.3.rel1.win32_1.0.100.202602081740/tools/bin/../lib/gcc/arm-none-eabi/14.3.1/thumb/v7e-m+dp/hard\libgcc.a

.comment        0x00000000       0x43
 .comment       0x00000000       0x43 ./Core/Src/main.o
                                 0x44 (size before relaxing)
 .comment       0x00000043       0x44 ./Core/Src/stm32h7xx_hal_msp.o
 .comment       0x00000043       0x44 ./Core/Src/stm32h7xx_hal_timebase_tim.o
 .comment       0x00000043       0x44 ./Core/Src/stm32h7xx_it.o
 .comment       0x00000043       0x44 ./Core/Src/system_stm32h7xx.o
 .comment       0x00000043       0x44 ./Drivers/STM32H7xx_HAL_Driver/Src/stm32h7xx_hal.o
 .comment       0x00000043       0x44 ./Drivers/STM32H7xx_HAL_Driver/Src/stm32h7xx_hal_cortex.o
 .comment       0x00000043       0x44 ./Drivers/STM32H7xx_HAL_Driver/Src/stm32h7xx_hal_flash.o
 .comment       0x00000043       0x44 ./Drivers/STM32H7xx_HAL_Driver/Src/stm32h7xx_hal_flash_ex.o
 .comment       0x00000043       0x44 ./Drivers/STM32H7xx_HAL_Driver/Src/stm32h7xx_hal_gpio.o
 .comment       0x00000043       0x44 ./Drivers/STM32H7xx_HAL_Driver/Src/stm32h7xx_hal_pwr.o
 .comment       0x00000043       0x44 ./Drivers/STM32H7xx_HAL_Driver/Src/stm32h7xx_hal_pwr_ex.o
 .comment       0x00000043       0x44 ./Drivers/STM32H7xx_HAL_Driver/Src/stm32h7xx_hal_rcc.o
 .comment       0x00000043       0x44 ./Drivers/STM32H7xx_HAL_Driver/Src/stm32h7xx_hal_rcc_ex.o
 .comment       0x00000043       0x44 ./Drivers/STM32H7xx_HAL_Driver/Src/stm32h7xx_hal_spi.o
 .comment       0x00000043       0x44 ./Drivers/STM32H7xx_HAL_Driver/Src/stm32h7xx_hal_tim.o
 .comment       0x00000043       0x44 ./Drivers/STM32H7xx_HAL_Driver/Src/stm32h7xx_hal_tim_ex.o
 .comment       0x00000043       0x44 ./Drivers/STM32H7xx_HAL_Driver/Src/stm32h7xx_hal_uart.o
 .comment       0x00000043       0x44 ./Drivers/STM32H7xx_HAL_Driver/Src/stm32h7xx_hal_uart_ex.o
 .comment       0x00000043       0x44 ./FATFS/ff.o
 .comment       0x00000043       0x44 ./FATFS/ffunicode.o
 .comment       0x00000043       0x44 ./TinyUSB/class/msc/msc_host.o
 .comment       0x00000043       0x44 ./TinyUSB/common/tusb_fifo.o
 .comment       0x00000043       0x44 ./TinyUSB/host/usbh.o
 .comment       0x00000043       0x44 ./TinyUSB/portable/analog/max3421/hcd_max3421.o
 .comment       0x00000043       0x44 ./TinyUSB/tusb.o

.debug_frame    0x00000000      0x11c
 .debug_frame   0x00000000       0x28 C:/ST/STM32CubeIDE2.1.1/STM32CubeIDE/plugins/com.st.stm32cube.ide.mcu.externaltools.gnu-tools-for-stm32.14.3.rel1.win32_1.0.100.202602081740/tools/bin/../lib/gcc/arm-none-eabi/14.3.1/../../../../arm-none-eabi/lib/thumb/v7e-m+dp/hard\libc_nano.a(libc_a-memcmp.o)
 .debug_frame   0x00000028       0x20 C:/ST/STM32CubeIDE2.1.1/STM32CubeIDE/plugins/com.st.stm32cube.ide.mcu.externaltools.gnu-tools-for-stm32.14.3.rel1.win32_1.0.100.202602081740/tools/bin/../lib/gcc/arm-none-eabi/14.3.1/../../../../arm-none-eabi/lib/thumb/v7e-m+dp/hard\libc_nano.a(libc_a-memset.o)
 .debug_frame   0x00000048       0x20 C:/ST/STM32CubeIDE2.1.1/STM32CubeIDE/plugins/com.st.stm32cube.ide.mcu.externaltools.gnu-tools-for-stm32.14.3.rel1.win32_1.0.100.202602081740/tools/bin/../lib/gcc/arm-none-eabi/14.3.1/../../../../arm-none-eabi/lib/thumb/v7e-m+dp/hard\libc_nano.a(libc_a-strchr.o)
 .debug_frame   0x00000068       0x2c C:/ST/STM32CubeIDE2.1.1/STM32CubeIDE/plugins/com.st.stm32cube.ide.mcu.externaltools.gnu-tools-for-stm32.14.3.rel1.win32_1.0.100.202602081740/tools/bin/../lib/gcc/arm-none-eabi/14.3.1/../../../../arm-none-eabi/lib/thumb/v7e-m+dp/hard\libc_nano.a(libc_a-init.o)
 .debug_frame   0x00000094       0x28 C:/ST/STM32CubeIDE2.1.1/STM32CubeIDE/plugins/com.st.stm32cube.ide.mcu.externaltools.gnu-tools-for-stm32.14.3.rel1.win32_1.0.100.202602081740/tools/bin/../lib/gcc/arm-none-eabi/14.3.1/../../../../arm-none-eabi/lib/thumb/v7e-m+dp/hard\libc_nano.a(libc_a-memcpy-stub.o)
 .debug_frame   0x000000bc       0x2c C:/ST/STM32CubeIDE2.1.1/STM32CubeIDE/plugins/com.st.stm32cube.ide.mcu.externaltools.gnu-tools-for-stm32.14.3.rel1.win32_1.0.100.202602081740/tools/bin/../lib/gcc/arm-none-eabi/14.3.1/thumb/v7e-m+dp/hard\libgcc.a(_aeabi_uldivmod.o)
 .debug_frame   0x000000e8       0x34 C:/ST/STM32CubeIDE2.1.1/STM32CubeIDE/plugins/com.st.stm32cube.ide.mcu.externaltools.gnu-tools-for-stm32.14.3.rel1.win32_1.0.100.202602081740/tools/bin/../lib/gcc/arm-none-eabi/14.3.1/thumb/v7e-m+dp/hard\libgcc.a(_udivmoddi4.o)
