../TinyUSB/host/usbh.c:282:42:get_driver	0	static
../TinyUSB/host/usbh.c:700:13:_control_blocking_complete_cb	0	static
../TinyUSB/host/usbh.c:768:13:_control_xfer_complete	48	static
../TinyUSB/host/usbh.c:935:6:usbh_int_set	0	static
../TinyUSB/host/usbh.c:427:13:clear_device.constprop	8	static
../TinyUSB/host/usbh.c:1296:13:process_removed_device	32	static
../TinyUSB/host/usbh.c:54:19:hcd_deinit	0	static
../TinyUSB/host/usbh.c:58:19:hcd_configure	0	static
../TinyUSB/host/usbh.c:63:19:tuh_enum_descriptor_device_cb	0	static
../TinyUSB/host/usbh.c:67:19:tuh_enum_descriptor_configuration_cb	0	static
../TinyUSB/host/usbh.c:72:19:tuh_event_hook_cb	0	static
../TinyUSB/host/usbh.c:76:19:hcd_dcache_clean	0	static
../TinyUSB/host/usbh.c:81:19:hcd_dcache_invalidate	0	static
../TinyUSB/host/usbh.c:86:19:hcd_dcache_clean_invalidate	0	static
../TinyUSB/host/usbh.c:351:6:tuh_mounted	0	static
../TinyUSB/host/usbh.c:357:6:tuh_connected	0	static
../TinyUSB/host/usbh.c:366:6:tuh_vid_pid_get	8	static
../TinyUSB/host/usbh.c:378:6:tuh_descriptor_get_device_local	0	static
../TinyUSB/host/usbh.c:406:6:tuh_rhport_is_active	0	static
../TinyUSB/host/usbh.c:410:6:tuh_rhport_reset_bus	8	static
../TinyUSB/host/usbh.c:423:6:tuh_configure	8	static
../TinyUSB/host/usbh.c:433:6:tuh_inited	0	static
../TinyUSB/host/usbh.c:437:6:tuh_rhport_init	24	static,ignoring_inline_asm
../TinyUSB/host/usbh.c:517:6:tuh_deinit	16	static
../TinyUSB/host/usbh.c:554:6:tuh_task_event_ready	8	static
../TinyUSB/host/usbh.c:931:10:usbh_get_enum_buf	0	static
../TinyUSB/host/usbh.c:944:6:usbh_spin_lock	0	static
../TinyUSB/host/usbh.c:948:6:usbh_spin_unlock	0	static
../TinyUSB/host/usbh.c:952:6:usbh_defer_func	32	static,ignoring_inline_asm
../TinyUSB/host/usbh.c:965:6:usbh_edpt_claim	0	static,ignoring_inline_asm
../TinyUSB/host/usbh.c:980:6:usbh_edpt_release	0	static
../TinyUSB/host/usbh.c:995:6:usbh_edpt_xfer_with_callback	24	static,ignoring_inline_asm
../TinyUSB/host/usbh.c:877:6:tuh_edpt_xfer	24	static
../TinyUSB/host/usbh.c:1059:6:usbh_edpt_busy	0	static
../TinyUSB/host/usbh.c:1073:6:tuh_bus_info_get	0	static
../TinyUSB/host/usbh.c:400:14:tuh_speed_get	16	static
../TinyUSB/host/usbh.c:925:9:usbh_get_rhport	16	static
../TinyUSB/host/usbh.c:1034:13:usbh_edpt_control_open	16	static
../TinyUSB/host/usbh.c:893:6:tuh_edpt_abort_xfer	24	static
../TinyUSB/host/usbh.c:1048:6:tuh_edpt_open	16	static,ignoring_inline_asm
../TinyUSB/host/usbh.c:1053:6:tuh_edpt_close	16	static
../TinyUSB/host/usbh.c:792:13:usbh_control_xfer_cb.isra	24	static,ignoring_inline_asm
../TinyUSB/host/usbh.c:1083:24:hcd_event_handler	24	static,ignoring_inline_asm
../TinyUSB/host/usbh.c:1888:6:usbh_driver_set_config_complete	16	static
../TinyUSB/host/usbh.c:1466:13:process_enumeration	64	static,ignoring_inline_asm
../TinyUSB/host/usbh.c:577:6:tuh_task_ext	72	static,ignoring_inline_asm
../TinyUSB/host/usbh.c:706:6:tuh_control_xfer	32	static,ignoring_inline_asm
../TinyUSB/host/usbh.c:1138:6:tuh_descriptor_get	40	static
../TinyUSB/host/usbh.c:1143:6:tuh_descriptor_get_device	24	static
../TinyUSB/host/usbh.c:1149:6:tuh_descriptor_get_configuration	24	static
../TinyUSB/host/usbh.c:1155:6:tuh_descriptor_get_string	40	static
../TinyUSB/host/usbh.c:1161:6:tuh_descriptor_get_manufacturer_string	32	static
../TinyUSB/host/usbh.c:1170:6:tuh_descriptor_get_product_string	32	static
../TinyUSB/host/usbh.c:1178:6:tuh_descriptor_get_serial_string	32	static
../TinyUSB/host/usbh.c:1187:6:tuh_descriptor_get_hid_report	40	static
../TinyUSB/host/usbh.c:1213:6:tuh_address_set	48	static,ignoring_inline_asm
../TinyUSB/host/usbh.c:1240:6:tuh_configuration_set	48	static
../TinyUSB/host/usbh.c:1266:6:tuh_interface_set	48	static
