../FATFS/ff.c:619:13:ld_16	24	static
../FATFS/ff.c:628:14:ld_32	24	static
../FATFS/ff.c:640:14:ld_64	144	static
../FATFS/ff.c:657:13:st_16	16	static
../FATFS/ff.c:663:13:st_32	16	static
../FATFS/ff.c:672:13:st_64	24	static
../FATFS/ff.c:693:12:dbc_1st	16	static
../FATFS/ff.c:713:12:dbc_2nd	16	static
../FATFS/ff.c:737:14:tchar2uni	32	static
../FATFS/ff.c:806:13:put_utf	32	static
../FATFS/ff.c:1057:16:sync_window	72	static
../FATFS/ff.c:1079:16:move_window	40	static
../FATFS/ff.c:1110:16:sync_fs	96	static
../FATFS/ff.c:1159:14:clst2sect	40	static
../FATFS/ff.c:1176:14:get_fat	136	static
../FATFS/ff.c:1254:16:put_fat	104	static
../FATFS/ff.c:1319:14:find_bitmap	64	static
../FATFS/ff.c:1359:16:change_bitmap	64	static
../FATFS/ff.c:1395:16:fill_first_frag	32	static
../FATFS/ff.c:1418:16:fill_last_frag	32	static
../FATFS/ff.c:1444:16:remove_chain	48	static
../FATFS/ff.c:1539:14:create_chain	40	static
../FATFS/ff.c:1675:16:dir_clear	64	static
../FATFS/ff.c:1714:16:dir_sdi	48	static
../FATFS/ff.c:1762:16:dir_next	40	static
../FATFS/ff.c:1823:16:dir_alloc	32	static
../FATFS/ff.c:1865:14:ld_clust	24	static
../FATFS/ff.c:1882:13:st_clust	24	static
../FATFS/ff.c:1902:12:cmp_lfn	40	static
../FATFS/ff.c:1938:12:pick_lfn	32	static
../FATFS/ff.c:1976:13:put_lfn	40	static
../FATFS/ff.c:2013:13:gen_numname	56	static
../FATFS/ff.c:2070:13:sum_sfn	24	static
../FATFS/ff.c:2092:13:xdir_sum	32	static
../FATFS/ff.c:2113:13:xname_sum	24	static
../FATFS/ff.c:2147:16:load_xdir	40	static
../FATFS/ff.c:2199:13:init_alloc_info	24	static
../FATFS/ff.c:2225:16:load_obj_xdir	32	static
../FATFS/ff.c:2254:16:store_xdir	40	static
../FATFS/ff.c:2288:13:create_xdir	32	static
../FATFS/ff.c:2334:16:dir_read	32	static
../FATFS/ff.c:2412:16:dir_find	48	static
../FATFS/ff.c:2494:16:dir_register	160	static
../FATFS/ff.c:2607:16:dir_remove	32	static
../FATFS/ff.c:2653:13:get_fileinfo	56	static
../FATFS/ff.c:2892:16:create_name	48	static
../FATFS/ff.c:3101:16:follow_path	32	static
../FATFS/ff.c:3220:12:get_ldnumber	32	static
../FATFS/ff.c:3297:14:crc32	24	static
../FATFS/ff.c:3315:12:test_gpt_header	40	static
../FATFS/ff.c:3367:13:check_fs	32	static
../FATFS/ff.c:3407:13:find_volume	88	static
../FATFS/ff.c:3461:16:mount_volume	280	static
../FATFS/ff.c:3695:16:validate	24	static
../FATFS/ff.c:3739:9:f_mount	40	static
../FATFS/ff.c:3799:9:f_open	232	static
../FATFS/ff.c:3996:9:f_read	168	static
../FATFS/ff.c:4097:9:f_write	144	static
../FATFS/ff.c:4218:9:f_sync	136	static
../FATFS/ff.c:4299:9:f_close	24	static
../FATFS/ff.c:4555:9:f_lseek	216	static
../FATFS/ff.c:4719:9:f_opendir	24	static
../FATFS/ff.c:4781:9:f_closedir	24	static
../FATFS/ff.c:4811:9:f_readdir	24	static
../FATFS/ff.c:4902:9:f_stat	112	static
../FATFS/ff.c:4939:9:f_getfree	136	static
../FATFS/ff.c:5036:9:f_truncate	48	static
../FATFS/ff.c:5087:9:f_unlink	256	static
../FATFS/ff.c:5176:9:f_mkdir	176	static
../FATFS/ff.c:5261:9:f_rename	296	static
